Running HiGHS 1.14.0 (git hash: 7df0786): Copyright (c) 2026 under MIT licence terms
MIP has 2450 rows; 2353 cols; 9092 nonzeros; 2353 integer variables (588 binary)
Coefficient ranges:
  Matrix  [1e+00, 6e+01]
  Cost    [1e+00, 1e+00]
  Bound   [1e+00, 1e+00]
  RHS     [1e+00, 2e+01]
Presolving model
2199 rows, 1822 cols, 6958 nonzeros 0s
1787 rows, 1512 cols, 6878 nonzeros 0s
1673 rows, 1403 cols, 7140 nonzeros 0s
Presolve reductions: rows 1673(-777); columns 1403(-950); nonzeros 7140(-1952) 
Objective function is integral with scale 1

Solving MIP model with:
   1673 rows
   1403 cols (788 binary, 615 integer, 0 implied int., 0 continuous, 0 domain fixed)
   7140 nonzeros

Src: B => Branching; C => Central rounding; F => Feasibility pump; H => Heuristic;
     I => Shifting; J => Feasibility jump; L => Sub-MIP; P => Empty MIP; R => Randomized rounding;
     S => Solve LP; T => Evaluate node; U => Unbounded; X => User solution; Y => HiGHS solution;
     Z => ZI Round; l => Trivial lower; p => Trivial point; u => Trivial upper; z => Trivial zero

        Nodes      |    B&B Tree     |            Objective Bounds              |  Dynamic Constraints |       Work      
Src  Proc. InQueue |  Leaves   Expl. | BestBound       BestSol              Gap |   Cuts   InLp Confl. | LpIters     Time

         0       0         0   0.00%   0               inf                  inf        0      0      0         0     0.0s
         0       0         0   0.00%   0.3872878672    inf                  inf        0      0      4      1225     0.0s
 L       0       0         0   0.00%   2               10                80.00%     3336    448    257      3174     0.4s

16.1% inactive integer columns, restarting
Model after restart has 1260 rows, 1084 cols (564 bin., 520 int., 0 impl., 0 cont., 0 dom.fix.), and 5700 nonzeros

         0       0         0   0.00%   2.001768996     10                79.98%      144      0      0      3812     0.4s
         0       0         0   0.00%   2.166164521     10                78.34%      144     46      1      4590     0.5s
 L       0       0         0   0.00%   4               8                 50.00%     2701    412     13      5775     0.7s

20.8% inactive integer columns, restarting
Model after restart has 768 rows, 756 cols (335 bin., 421 int., 0 impl., 0 cont., 0 dom.fix.), and 3928 nonzeros

         0       0         0   0.00%   4               8                 50.00%      122      0      0      6780     0.7s
         0       0         0   0.00%   4.095036073     8                 48.81%      122     26      5      6943     0.7s
 L       0       0         0   0.00%   5.166666667     7                 26.19%     1999    214      5      7479     0.8s

15.1% inactive integer columns, restarting
Model after restart has 430 rows, 533 cols (174 bin., 359 int., 0 impl., 0 cont., 0 dom.fix.), and 2728 nonzeros

         0       0         0   0.00%   6               7                 14.29%       77      0      0      7784     0.8s
         0       0         0   0.00%   6               7                 14.29%       77     21      3      7843     0.8s
 L       0       0         0 100.00%   6               6                  0.00%     2512    195      3      8166     0.9s
         1       0         1 100.00%   6               6                  0.00%     2512    195      3      8332     0.9s

Solving report
  Status            Optimal
  Primal bound      6
  Dual bound        6
  Gap               0% (tolerance: 0.01%)
  P-D integral      0.23235044402
  Solution status   feasible
                    6 (objective)
                    0 (bound viol.)
                    0 (int. viol.)
                    0 (row viol.)
  Timing            0.91
  Max sub-MIP depth 2
  Nodes             1
  Repair LPs        0
  LP iterations     8332
                    0 (strong br.)
                    4112 (separation)
                    1851 (heuristics)
Running HiGHS 1.14.0 (git hash: 7df0786): Copyright (c) 2026 under MIT licence terms
MIP has 33490 rows; 16845 cols; 111580 nonzeros; 13040 integer variables (13040 binary)
Coefficient ranges:
  Matrix  [1e+00, 1e+02]
  Cost    [1e+00, 1e+00]
  Bound   [1e+00, 1e+00]
  RHS     [2e-01, 1e+02]
Presolving model
29063 rows, 15352 cols, 99586 nonzeros 0s
28885 rows, 15275 cols, 99230 nonzeros 0s
Presolve reductions: rows 28885(-4605); columns 15275(-1570); nonzeros 99230(-12350) 

Solving MIP model with:
   28885 rows
   15275 cols (12714 binary, 0 integer, 0 implied int., 2561 continuous, 0 domain fixed)
   99230 nonzeros

Src: B => Branching; C => Central rounding; F => Feasibility pump; H => Heuristic;
     I => Shifting; J => Feasibility jump; L => Sub-MIP; P => Empty MIP; R => Randomized rounding;
     S => Solve LP; T => Evaluate node; U => Unbounded; X => User solution; Y => HiGHS solution;
     Z => ZI Round; l => Trivial lower; p => Trivial point; u => Trivial upper; z => Trivial zero

        Nodes      |    B&B Tree     |            Objective Bounds              |  Dynamic Constraints |       Work      
Src  Proc. InQueue |  Leaves   Expl. | BestBound       BestSol              Gap |   Cuts   InLp Confl. | LpIters     Time

         0       0         0   0.00%   0.441471        inf                  inf        0      0      0         0     0.3s
 R       0       0         0   0.00%   0.441471        3.090297          85.71%        0      0      0      4336     0.4s
 L       0       0         0   0.00%   0.882942        2.997161          70.54%    12465   2491      0     18639     5.7s

Symmetry detection completed in 3.2s
Found 692 generator(s) and 1 full orbitope(s) acting on 6 columns

 L       0       0         0   0.00%   0.882942        2.960741          70.18%    10840   1386      0     22236    10.9s
       627     611         1   0.00%   0.882942        2.960741          70.18%    10841   1386      9     30930    17.7s
 L     627     610         1   0.00%   0.882942        2.955054          70.12%    11506   1570      9     31720    23.1s
 L     882     704        32   0.00%   0.882942        2.95208           70.09%     8689   1290     25     46459    30.8s
 L    1024     819        38   0.00%   0.882942        2.949106          70.06%    10880   1347     37     58692    38.0s
      1132     861        63   0.00%   0.882942        2.949106          70.06%    11195   1391    142     79048    48.7s
 L    1225     735        72   0.00%   0.882942        2.946943          70.04%    11534   1446    173     80720    56.1s
      1335     763        98   0.00%   0.882942        2.946943          70.04%    10731   1412    350    101042    64.1s
      1519     918       110   0.00%   0.882942        2.946943          70.04%    11588   1362    351    115347    74.6s
      1627    1016       115   0.00%   0.882942        2.946943          70.04%    10384   1398    371    126291    86.2s

Restarting search from the root node
Model after restart has 28885 rows, 15275 cols (12714 bin., 0 int., 0 impl., 2561 cont., 0 dom.fix.), and 99230 nonzeros

      1731       0         0   0.00%   0.882942        2.946943          70.04%     1396      0      0    127919    87.7s
      1731       0         0   0.00%   0.882942        2.946943          70.04%     1396    647      0    129563    87.8s
      1731       0         0   0.00%   1.109614501     2.946943          62.35%    11817   2654      0    138062    90.0s

Solving report
  Status            Time limit reached
  Primal bound      2.946943
  Dual bound        1.10961450119
  Gap               62.35% (tolerance: 0.01%)
  P-D integral      62.9943707775
  Solution status   feasible
                    2.946943 (objective)
                    0 (bound viol.)
                    3.42614825399e-13 (int. viol.)
                    0 (row viol.)
  Timing            90.01
  Max sub-MIP depth 7
  Nodes             1731
  Repair LPs        0
  LP iterations     138062
                    0 (strong br.)
                    29272 (separation)
                    79008 (heuristics)
[[ 2  3  4  5  6  7  8  9 10 11 12 13 14 15 16 17 18 19 20 21 22 23 24 25
  24 23 22 21 20 19 18 17 16 15 14 13 12 11 10  9  8  7  6  5  4  3  2  1
   0]
 [ 2  2  5  3  3  6  6  5  9  6  8  9  9 12 10 14 10 15 13 13 16 16 19 17
  25 12 15 18 13 19  9 15 10 18  7  9 12  9  6  6 11  3  4  7  4  1  3  1
   0]
 [ 2  2  5  1  4  4  3  5  5  9  3 12  3 13  5  9  8 10  9  9 12 10 12 12
  15 12 11 14  9 15  9  9  8 15  6  5 13  8  3  4  9  3  3  6  3  2  3  1
   0]
 [ 2  2  2  3  3  3  2  3  5  4  4  5  7  5  7  4  7  6  6  6  7  8  7  8
   9  9  9  9  7  8  8  6  7  9  6  5  6  8  3  3  4  4  2  3  3  3  3  1
   0]
 [ 2  2  2  3  3  3  2  3  3  3  3  6  3  6  6  3  4  4  6  3  9  3  6  6
   6  6  6  6  6  6  6  4  5  7  4  5  3  6  3  2  3  3  3  3  1  4  3  1
   0]
 [ 2  2  2  2  4  1  2  4  1  2  4  2  3  5  3  3  4  3  3  3  4  4  3  6
   3  4  6  3  4  4  6  3  4  4  6  3  4  2  3  3  3  1  2  4  1  4  3  1
   0]
 [ 2  2  2  2  2  2  2  4  1  2  2  2  2  4  3  2  3  3  3  2  3  3  2  3
   3  3  3  3  3  3  3  3  3  3  3  3  3  3  1  4  3  1  2  4  1  4  3  1
   0]
 [ 2  2  2  2  2  2  2  2  2  2  2  2  2  2  2  2  2  2  2  2  2  2  2  2
   2  2  2  2  2  2  2  2  2  2  2  2  2  2  2  2  2  2  2  2  2  2  2  2
   0]]
[[0 0 0 1 2 1 2 3 2 3 4 4 4 4 5 4 6 5 6 7 6 7 6 7 3 7 7 5 6 3 6 4 5 1 4 4
  2 2 3 3 0 2 2 0 0 1 0 0 0]
 [0 0 0 1 0 1 2 1 2 0 2 0 3 1 3 4 3 4 4 4 4 5 6 5 8 4 4 4 4 4 2 4 3 3 2 3
  1 1 2 2 2 1 1 1 1 0 0 0 0]
 [0 0 1 0 0 1 1 1 1 3 1 4 0 4 1 3 2 3 3 3 4 3 4 4 5 4 3 4 3 5 3 3 2 4 2 1
  4 2 1 1 3 1 1 2 1 0 0 0 0]
 [0 0 0 0 0 0 0 0 1 1 1 0 2 0 1 1 2 2 1 2 0 2 2 2 2 3 3 3 2 2 2 2 2 2 2 1
  2 2 1 1 1 1 0 0 1 0 0 0 0]
 [0 0 0 0 0 1 0 0 1 1 0 2 1 1 2 1 0 1 2 1 3 1 2 1 2 2 1 2 2 2 1 1 1 2 0 1
  0 2 1 0 0 1 1 0 0 0 0 0 0]
 [0 0 0 0 1 0 0 0 0 0 1 0 1 1 0 1 1 0 0 1 1 1 1 2 1 1 2 1 1 1 2 1 1 1 2 1
  1 0 1 0 0 0 0 0 0 0 0 0 0]
 [0 0 0 0 0 0 0 1 0 0 0 0 0 1 1 0 1 1 1 0 1 1 0 1 1 1 1 1 1 1 1 1 1 1 1 1
  1 1 0 1 1 0 0 1 0 1 1 0 0]]
[[0 1 0 0 0 1 0 0 0 1 0 0 1 0 0 0 0 0 0 0 1 0 0 0 0 0 0 0 0 0 0 0 0 0 0 0
  0 0 0 0 0 0 0 0 0 0 0 0 0]
 [0 0 0 0 0 0 0 0 1 0 1 0 0 0 0 0 0 0 0 0 0 0 0 1 0 0 0 0 0 0 0 0 0 0 0 0
  0 0 0 0 0 0 0 0 0 0 0 0 0]
 [0 0 1 0 1 0 0 1 0 0 0 0 0 0 0 0 0 0 0 0 0 0 0 0 0 0 0 0 0 0 0 0 0 0 0 0
  0 0 0 0 0 0 0 0 0 0 0 0 0]
 [0 0 0 0 0 0 0 0 0 0 0 0 0 1 0 0 0 0 0 0 0 1 0 0 1 0 0 0 0 0 0 0 0 0 0 0
  0 0 0 0 0 0 0 0 0 0 0 0 0]
 [0 0 0 1 0 0 1 0 0 0 0 0 0 0 0 0 1 0 0 0 0 0 0 0 0 0 0 0 0 0 0 0 0 0 0 0
  0 0 0 0 0 0 0 0 0 0 0 0 0]
 [0 0 0 0 0 0 0 0 0 0 0 1 0 0 1 0 0 1 1 0 0 0 0 0 0 0 0 0 0 0 0 0 0 0 0 0
  0 0 0 0 0 0 0 0 0 0 0 0 0]
 [0 0 0 0 0 0 0 0 0 0 0 0 0 0 0 1 0 0 0 1 0 0 1 0 0 0 0 0 0 0 0 0 0 0 0 0
  0 0 0 0 0 0 0 0 0 0 0 0 0]]
M
Exported 1128 gates; identical mapped FA profiles reused for both implementations
