
-- Executing script file `results/discovery/mac_arrival_challenge_20260905/mac24_reference_default.ys' --

1. Executing Verilog-2005 frontend: results/discovery/mac_arrival_challenge_20260905/cells.v
Parsing Verilog input from `results/discovery/mac_arrival_challenge_20260905/cells.v' to AST representation.
Generating RTLIL representation for module `\gen_and2'.
Generating RTLIL representation for module `\gen_or2'.
Generating RTLIL representation for module `\gen_mux2'.
Generating RTLIL representation for module `\gen_xor2'.
Generating RTLIL representation for module `\gen_xor3'.
Generating RTLIL representation for module `\gen_ha'.
Generating RTLIL representation for module `\gen_fa'.
Generating RTLIL representation for module `\gen_famux'.
Generating RTLIL representation for module `\gen_pg'.
Generating RTLIL representation for module `\gen_black'.
Generating RTLIL representation for module `\gen_gray'.
Successfully finished Verilog frontend.

2. Executing Verilog-2005 frontend: results/discovery/mac_arrival_challenge_20260905/rtl/mac24_reference.v
Parsing Verilog input from `results/discovery/mac_arrival_challenge_20260905/rtl/mac24_reference.v' to AST representation.
Generating RTLIL representation for module `\mac24_reference'.
Successfully finished Verilog frontend.

3. Executing ATTRMAP pass (move or copy attributes).
Removed attribute on gen_gray: keep_hierarchy=1
Removed attribute on gen_black: keep_hierarchy=1
Removed attribute on gen_pg: keep_hierarchy=1
Removed attribute on gen_famux: keep_hierarchy=1
Removed attribute on gen_fa: keep_hierarchy=1
Removed attribute on gen_ha: keep_hierarchy=1
Removed attribute on gen_xor3: keep_hierarchy=1
Removed attribute on gen_xor2: keep_hierarchy=1
Removed attribute on gen_mux2: keep_hierarchy=1
Removed attribute on gen_or2: keep_hierarchy=1
Removed attribute on gen_and2: keep_hierarchy=1

4. Executing HIERARCHY pass (managing design hierarchy).

4.1. Analyzing design hierarchy..
Top module:  \mac24_reference

4.2. Analyzing design hierarchy..
Top module:  \mac24_reference
Removing unused module `\gen_gray'.
Removing unused module `\gen_black'.
Removing unused module `\gen_pg'.
Removing unused module `\gen_famux'.
Removing unused module `\gen_fa'.
Removing unused module `\gen_ha'.
Removing unused module `\gen_xor3'.
Removing unused module `\gen_xor2'.
Removing unused module `\gen_mux2'.
Removing unused module `\gen_or2'.
Removing unused module `\gen_and2'.
Removed 11 unused modules.

5. Executing PROC pass (convert processes to netlists).

5.1. Executing PROC_CLEAN pass (remove empty switches from decision trees).
Cleaned up 0 empty switches.

5.2. Executing PROC_RMDEAD pass (remove dead branches from decision trees).
Removed a total of 0 dead cases.

5.3. Executing PROC_PRUNE pass (remove redundant assignments in processes).
Removed 0 redundant assignments.
Promoted 0 assignments to connections.

5.4. Executing PROC_INIT pass (extract init attributes).

5.5. Executing PROC_ARST pass (detect async resets in processes).

5.6. Executing PROC_ROM pass (convert switches to ROMs).
Converted 0 switches.

5.7. Executing PROC_MUX pass (convert decision trees to multiplexers).

5.8. Executing PROC_DLATCH pass (convert process syncs to latches).

5.9. Executing PROC_DFF pass (convert process syncs to FFs).

5.10. Executing PROC_MEMWR pass (convert process memory writes to cells).

5.11. Executing PROC_CLEAN pass (remove empty switches from decision trees).
Cleaned up 0 empty switches.

5.12. Executing OPT_EXPR pass (perform const folding).
Optimizing module mac24_reference.
<suppressed ~1 debug messages>

6. Executing FLATTEN pass (flatten design).

7. Executing OPT pass (performing simple optimizations).

7.1. Executing OPT_EXPR pass (perform const folding).
Optimizing module mac24_reference.

7.2. Executing OPT_MERGE pass (detect identical cells).
Finding identical cells in module `\mac24_reference'.
Computing hashes of 8 cells of `\mac24_reference'.
Finding duplicate cells in `\mac24_reference'.
Removed a total of 0 cells.

7.3. Executing OPT_MUXTREE pass (detect dead branches in mux trees).
Running muxtree optimizer on module \mac24_reference..
  Creating internal representation of mux trees.
  Evaluating internal representation of mux trees.
  Analyzing evaluation results.
Removed 0 multiplexer ports.
<suppressed ~2 debug messages>

7.4. Executing OPT_REDUCE pass (consolidate $*mux and $reduce_* inputs).
  Optimizing cells in module \mac24_reference.
Performed a total of 0 changes.

7.5. Executing OPT_MERGE pass (detect identical cells).
Finding identical cells in module `\mac24_reference'.
Computing hashes of 8 cells of `\mac24_reference'.
Finding duplicate cells in `\mac24_reference'.
Removed a total of 0 cells.

7.6. Executing OPT_DFF pass (perform DFF optimizations).

7.7. Executing OPT_CLEAN pass (remove unused cells and wires).
Finding unused cells or wires in module \mac24_reference..
Removed 0 unused cells and 7 unused wires.
<suppressed ~1 debug messages>

7.8. Executing OPT_EXPR pass (perform const folding).
Optimizing module mac24_reference.

7.9. Rerunning OPT passes. (Maybe there is more to do..)

7.10. Executing OPT_MUXTREE pass (detect dead branches in mux trees).
Running muxtree optimizer on module \mac24_reference..
  Creating internal representation of mux trees.
  Evaluating internal representation of mux trees.
  Analyzing evaluation results.
Removed 0 multiplexer ports.
<suppressed ~2 debug messages>

7.11. Executing OPT_REDUCE pass (consolidate $*mux and $reduce_* inputs).
  Optimizing cells in module \mac24_reference.
Performed a total of 0 changes.

7.12. Executing OPT_MERGE pass (detect identical cells).
Finding identical cells in module `\mac24_reference'.
Computing hashes of 8 cells of `\mac24_reference'.
Finding duplicate cells in `\mac24_reference'.
Removed a total of 0 cells.

7.13. Executing OPT_DFF pass (perform DFF optimizations).

7.14. Executing OPT_CLEAN pass (remove unused cells and wires).
Finding unused cells or wires in module \mac24_reference..

7.15. Executing OPT_EXPR pass (perform const folding).
Optimizing module mac24_reference.

7.16. Finished fast OPT passes. (There is nothing left to do.)

8. Executing TECHMAP pass (map to technology primitives).

8.1. Executing Verilog-2005 frontend: /opt/homebrew/bin/../share/yosys/techmap.v
Parsing Verilog input from `/opt/homebrew/bin/../share/yosys/techmap.v' to AST representation.
Generating RTLIL representation for module `\_90_simplemap_bool_ops'.
Generating RTLIL representation for module `\_90_simplemap_reduce_ops'.
Generating RTLIL representation for module `\_90_simplemap_logic_ops'.
Generating RTLIL representation for module `\_90_simplemap_compare_ops'.
Generating RTLIL representation for module `\_90_simplemap_various'.
Generating RTLIL representation for module `\_90_simplemap_registers'.
Generating RTLIL representation for module `\_90_shift_ops_shr_shl_sshl_sshr'.
Generating RTLIL representation for module `\_90_shift_shiftx'.
Generating RTLIL representation for module `\_90_fa'.
Generating RTLIL representation for module `\_90_lcu_brent_kung'.
Generating RTLIL representation for module `\_90_alu'.
Generating RTLIL representation for module `\_90_macc'.
Generating RTLIL representation for module `\_90_alumacc'.
Generating RTLIL representation for module `$__div_mod_u'.
Generating RTLIL representation for module `$__div_mod_trunc'.
Generating RTLIL representation for module `\_90_div'.
Generating RTLIL representation for module `\_90_mod'.
Generating RTLIL representation for module `$__div_mod_floor'.
Generating RTLIL representation for module `\_90_divfloor'.
Generating RTLIL representation for module `\_90_modfloor'.
Generating RTLIL representation for module `\_90_pow'.
Generating RTLIL representation for module `\_90_demux'.
Generating RTLIL representation for module `\_90_lut'.
Generating RTLIL representation for module `$connect'.
Generating RTLIL representation for module `$input_port'.
Successfully finished Verilog frontend.

8.2. Continuing TECHMAP pass.
Running "alumacc" on wrapper $extern:wrap:$mul:Y_WIDTH=49:B_WIDTH=24:A_WIDTH=24:B_SIGNED=0:A_SIGNED=0:394426c56d1a028ba8fdd5469b163e04011def47.
Using template $extern:wrap:$mul:Y_WIDTH=49:B_WIDTH=24:A_WIDTH=24:B_SIGNED=0:A_SIGNED=0:394426c56d1a028ba8fdd5469b163e04011def47 for cells of type $extern:wrap:$mul:Y_WIDTH=49:B_WIDTH=24:A_WIDTH=24:B_SIGNED=0:A_SIGNED=0:394426c56d1a028ba8fdd5469b163e04011def47.
Running "alumacc" on wrapper $extern:wrap:$add:Y_WIDTH=49:B_WIDTH=49:A_WIDTH=49:B_SIGNED=0:A_SIGNED=0:394426c56d1a028ba8fdd5469b163e04011def47.
Using template $extern:wrap:$add:Y_WIDTH=49:B_WIDTH=49:A_WIDTH=49:B_SIGNED=0:A_SIGNED=0:394426c56d1a028ba8fdd5469b163e04011def47 for cells of type $extern:wrap:$add:Y_WIDTH=49:B_WIDTH=49:A_WIDTH=49:B_SIGNED=0:A_SIGNED=0:394426c56d1a028ba8fdd5469b163e04011def47.
Running "alumacc" on wrapper $extern:wrap:$gt:Y_WIDTH=1:B_WIDTH=49:A_WIDTH=49:B_SIGNED=0:A_SIGNED=0:394426c56d1a028ba8fdd5469b163e04011def47.
Using template $extern:wrap:$gt:Y_WIDTH=1:B_WIDTH=49:A_WIDTH=49:B_SIGNED=0:A_SIGNED=0:394426c56d1a028ba8fdd5469b163e04011def47 for cells of type $extern:wrap:$gt:Y_WIDTH=1:B_WIDTH=49:A_WIDTH=49:B_SIGNED=0:A_SIGNED=0:394426c56d1a028ba8fdd5469b163e04011def47.
Using extmapper simplemap for cells of type $mux.
Using extmapper simplemap for cells of type $or.
Using extmapper simplemap for cells of type $reduce_or.
Using extmapper maccmap for cells of type $macc_v2.
  add \a * \b (24x24 bits, unsigned)
Using template $paramod$959c9ddbaba0966d253c0f5ab1a5eabdad847a18\_90_alu for cells of type $alu.
Using extmapper simplemap for cells of type $reduce_and.
Using extmapper simplemap for cells of type $not.
Using template $paramod\_90_fa\WIDTH=32'00000000000000000000000000110001 for cells of type $fa.
Using template $paramod\_90_fa\WIDTH=32'00000000000000000000000000110000 for cells of type $fa.
Using extmapper simplemap for cells of type $and.
Using extmapper simplemap for cells of type $xor.
Using template $paramod\_90_lcu_brent_kung\WIDTH=32'00000000000000000000000000110001 for cells of type $lcu.
Using extmapper simplemap for cells of type $pos.
No more expansions possible.
<suppressed ~1421 debug messages>

9. Executing OPT pass (performing simple optimizations).

9.1. Executing OPT_EXPR pass (perform const folding).
Optimizing module mac24_reference.
<suppressed ~4759 debug messages>

9.2. Executing OPT_MERGE pass (detect identical cells).
Finding identical cells in module `\mac24_reference'.
Computing hashes of 4409 cells of `\mac24_reference'.
Finding duplicate cells in `\mac24_reference'.
Computing hashes of 4380 cells of `\mac24_reference'.
Finding duplicate cells in `\mac24_reference'.
Computing hashes of 4369 cells of `\mac24_reference'.
Finding duplicate cells in `\mac24_reference'.
Computing hashes of 4362 cells of `\mac24_reference'.
Finding duplicate cells in `\mac24_reference'.
Computing hashes of 4360 cells of `\mac24_reference'.
Finding duplicate cells in `\mac24_reference'.
Computing hashes of 4359 cells of `\mac24_reference'.
Finding duplicate cells in `\mac24_reference'.
<suppressed ~150 debug messages>
Removed a total of 50 cells.

9.3. Executing OPT_MUXTREE pass (detect dead branches in mux trees).
Running muxtree optimizer on module \mac24_reference..
  Creating internal representation of mux trees.
  No muxes found in this module.
Removed 0 multiplexer ports.

9.4. Executing OPT_REDUCE pass (consolidate $*mux and $reduce_* inputs).
  Optimizing cells in module \mac24_reference.
Performed a total of 0 changes.

9.5. Executing OPT_MERGE pass (detect identical cells).
Finding identical cells in module `\mac24_reference'.
Computing hashes of 4359 cells of `\mac24_reference'.
Finding duplicate cells in `\mac24_reference'.
Removed a total of 0 cells.

9.6. Executing OPT_DFF pass (perform DFF optimizations).

9.7. Executing OPT_CLEAN pass (remove unused cells and wires).
Finding unused cells or wires in module \mac24_reference..
Removed 193 unused cells and 736 unused wires.
<suppressed ~194 debug messages>

9.8. Executing OPT_EXPR pass (perform const folding).
Optimizing module mac24_reference.

9.9. Rerunning OPT passes. (Maybe there is more to do..)

9.10. Executing OPT_MUXTREE pass (detect dead branches in mux trees).
Running muxtree optimizer on module \mac24_reference..
  Creating internal representation of mux trees.
  No muxes found in this module.
Removed 0 multiplexer ports.

9.11. Executing OPT_REDUCE pass (consolidate $*mux and $reduce_* inputs).
  Optimizing cells in module \mac24_reference.
Performed a total of 0 changes.

9.12. Executing OPT_MERGE pass (detect identical cells).
Finding identical cells in module `\mac24_reference'.
Computing hashes of 4166 cells of `\mac24_reference'.
Finding duplicate cells in `\mac24_reference'.
Removed a total of 0 cells.

9.13. Executing OPT_DFF pass (perform DFF optimizations).

9.14. Executing OPT_CLEAN pass (remove unused cells and wires).
Finding unused cells or wires in module \mac24_reference..

9.15. Executing OPT_EXPR pass (perform const folding).
Optimizing module mac24_reference.

9.16. Finished fast OPT passes. (There is nothing left to do.)

10. Executing ABC pass (technology mapping using ABC).

10.1. Extracting gate netlist of module `\mac24_reference' to `<abc-temp-dir>/input.blif'..
ABC: using cached merged SCL: /var/folders/hy/_ylqg90n5lz20fd6tsrwg0cw0000gn/T/yosys-liberty-scl-cache/yosys_merged_8c8a9dd1.scl (1 files)

10.1.1. Executed ABC.
Extracted 4166 gates and 4263 wires to a netlist network with 96 inputs and 75 outputs.
Running ABC script: <abc-temp-dir>/abc.script
ABC: ======== ABC command line "source <abc-temp-dir>/abc.script"
ABC: + read_blif <abc-temp-dir>/input.blif 
ABC: + read_scl /var/folders/hy/_ylqg90n5lz20fd6tsrwg0cw0000gn/T/yosys-liberty-scl-cache/yosys_merged_8c8a9dd1.scl 
ABC: Warning: Detected 9 multi-output cells (for example, "sky130_fd_sc_hd__fa_1").
ABC: + strash 
ABC: + &get -n 
ABC: + &fraig -x 
ABC: + &put 
ABC: + scorr 
ABC: Warning: The network is combinational (run "fraig" or "fraig_sweep").
ABC: + dc2 
ABC: + dretime 
ABC: + strash 
ABC: + &get -n 
ABC: + &dch -f 
ABC: + &nf 
ABC: + &put 
ABC: + write_blif <abc-temp-dir>/output.blif 

10.1.2. Re-integrating ABC results.
ABC RESULTS:   sky130_fd_sc_hd__a2111oi_0 cells:        2
ABC RESULTS:   sky130_fd_sc_hd__a211o_1 cells:        1
ABC RESULTS:   sky130_fd_sc_hd__a21bo_1 cells:        2
ABC RESULTS:   sky130_fd_sc_hd__a21boi_0 cells:        9
ABC RESULTS:   sky130_fd_sc_hd__a21o_1 cells:       21
ABC RESULTS:   sky130_fd_sc_hd__a21oi_1 cells:      115
ABC RESULTS:   sky130_fd_sc_hd__a221oi_1 cells:        1
ABC RESULTS:   sky130_fd_sc_hd__a22o_1 cells:       43
ABC RESULTS:   sky130_fd_sc_hd__a22oi_1 cells:       29
ABC RESULTS:   sky130_fd_sc_hd__a2bb2oi_1 cells:        1
ABC RESULTS:   sky130_fd_sc_hd__a311o_1 cells:        2
ABC RESULTS:   sky130_fd_sc_hd__a311oi_1 cells:        4
ABC RESULTS:   sky130_fd_sc_hd__a31o_1 cells:        4
ABC RESULTS:   sky130_fd_sc_hd__a31oi_1 cells:       21
ABC RESULTS:   sky130_fd_sc_hd__a32o_1 cells:        4
ABC RESULTS:   sky130_fd_sc_hd__a32oi_1 cells:        1
ABC RESULTS:   sky130_fd_sc_hd__and2_0 cells:       35
ABC RESULTS:   sky130_fd_sc_hd__and3_1 cells:       51
ABC RESULTS:   sky130_fd_sc_hd__and4_1 cells:        1
ABC RESULTS:   sky130_fd_sc_hd__clkinv_1 cells:       79
ABC RESULTS:   sky130_fd_sc_hd__lpflow_inputiso1p_1 cells:       30
ABC RESULTS:   sky130_fd_sc_hd__lpflow_isobufsrc_1 cells:      138
ABC RESULTS:   sky130_fd_sc_hd__maj3_1 cells:      230
ABC RESULTS:   sky130_fd_sc_hd__nand2_1 cells:      623
ABC RESULTS:   sky130_fd_sc_hd__nand2b_1 cells:       49
ABC RESULTS:   sky130_fd_sc_hd__nand3_1 cells:       59
ABC RESULTS:   sky130_fd_sc_hd__nand3b_1 cells:        1
ABC RESULTS:   sky130_fd_sc_hd__nand4_1 cells:       55
ABC RESULTS:   sky130_fd_sc_hd__nor2_1 cells:      218
ABC RESULTS:   sky130_fd_sc_hd__nor2b_1 cells:       18
ABC RESULTS:   sky130_fd_sc_hd__nor3_1 cells:       60
ABC RESULTS:   sky130_fd_sc_hd__nor4_1 cells:        1
ABC RESULTS:   sky130_fd_sc_hd__nor4bb_1 cells:        2
ABC RESULTS:   sky130_fd_sc_hd__o211ai_1 cells:        9
ABC RESULTS:   sky130_fd_sc_hd__o21a_1 cells:       34
ABC RESULTS:   sky130_fd_sc_hd__o21ai_0 cells:      112
ABC RESULTS:   sky130_fd_sc_hd__o21ba_1 cells:        7
ABC RESULTS:   sky130_fd_sc_hd__o21bai_1 cells:       17
ABC RESULTS:   sky130_fd_sc_hd__o22a_1 cells:       33
ABC RESULTS:   sky130_fd_sc_hd__o22ai_1 cells:        2
ABC RESULTS:   sky130_fd_sc_hd__o311ai_0 cells:        3
ABC RESULTS:   sky130_fd_sc_hd__o31a_1 cells:        1
ABC RESULTS:   sky130_fd_sc_hd__o31ai_1 cells:       11
ABC RESULTS:   sky130_fd_sc_hd__o32a_1 cells:        1
ABC RESULTS:   sky130_fd_sc_hd__o41ai_1 cells:        1
ABC RESULTS:   sky130_fd_sc_hd__or3_1 cells:       15
ABC RESULTS:   sky130_fd_sc_hd__or3b_1 cells:        2
ABC RESULTS:   sky130_fd_sc_hd__or4_1 cells:        2
ABC RESULTS:   sky130_fd_sc_hd__xnor2_1 cells:      559
ABC RESULTS:   sky130_fd_sc_hd__xnor3_1 cells:       32
ABC RESULTS:   sky130_fd_sc_hd__xor2_1 cells:      346
ABC RESULTS:   sky130_fd_sc_hd__xor3_1 cells:       24
ABC RESULTS:        internal signals:     4092
ABC RESULTS:           input signals:       96
ABC RESULTS:          output signals:       75
Removing temp directory.
Removing global temp directory.

11. Executing OPT_CLEAN pass (remove unused cells and wires).
Finding unused cells or wires in module \mac24_reference..
Removed 0 unused cells and 711 unused wires.
<suppressed ~2 debug messages>
Renaming module \mac24_reference to \mac24_reference_default.

12. Executing Verilog backend.
Dumping module `\mac24_reference_default'.

End of script. Logfile hash: 1741b548d2, time: 1.81s, user: 0.43s, system: 0.03s, MEM: 45.48 MB peak
Yosys 0.68+post (git sha1 c12172fbae8af5e20f6fb52e3d4e92d56ed587b6, Release, AppleClang clang++ 21.0.0.21000101)
Time spent: 76% 1x abc (1 sec), 7% 9x opt_expr (0 sec), ...
