OpenROAD 26Q3-1860-g0b54bb3203 
Features included (+) or not (-): +GPU +GUI +Python
This program is licensed under the BSD-3 license. See the LICENSE file for details.
Components of this program may be licensed under more restrictive licenses which must be honored.
[INFO ORD-0030] Using 2 thread(s).
[INFO ODB-0227] LEF file: /OpenROAD-flow-scripts/flow/platforms/sky130hd/lef/sky130_fd_sc_hd.tlef, created 13 layers, 25 vias
[INFO ODB-0227] LEF file: /OpenROAD-flow-scripts/flow/platforms/sky130hd/lef/sky130_fd_sc_hd_merged.lef, created 441 library cells
[INFO IFP-0107] Defining die area using utilization: 45.00% and aspect ratio: 1.
[WARNING IFP-0028] Core area lower left (5.000, 5.000) snapped to (5.060, 5.440).
[INFO IFP-0001] Added 101 rows of 599 site unithd.
[INFO IFP-0100] Die BBox:  (  0.000  0.000 ) ( 285.725 285.725 ) um
[INFO IFP-0101] Core BBox: (  5.060  5.440 ) ( 280.600 280.160 ) um
[INFO IFP-0102] Core area:                        75696.349 um^2
[INFO IFP-0103] Total instances area:             34211.562 um^2
[INFO IFP-0104] Effective utilization:                0.452
[INFO IFP-0105] Number of instances:                   6847
Found 0 macro blocks.
Using 2 tracks default min distance between IO pins.
[INFO PPL-0001] Number of available slots 1030
[INFO PPL-0002] Number of I/O             171
[INFO PPL-0003] Number of I/O w/sink      171
[INFO PPL-0004] Number of I/O w/o sink    0
[INFO PPL-0005] Slots per section         200
[INFO PPL-0008] Successfully assigned pins to sections.
[INFO PPL-0012] I/O nets HPWL: 34371.28 um.
[INFO GPL-0001] ---- Initialize GPL Main Data Structures
[INFO GPL-0002] DBU: 1000
[INFO GPL-0003] SiteSize: (  0.460  2.720 ) um
[INFO GPL-0004] CoreBBox: (  5.060  5.440 ) ( 280.600 280.160 ) um
[INFO GPL-0016] Core area:                   75696.349 um^2
[INFO GPL-0036] Movable instances area:      34211.562 um^2
[INFO GPL-0037] Total instances area:        34211.562 um^2
[INFO GPL-0035] Pin density area adjust:      2288.593 um^2
[INFO GPL-0032] ---- Initialize Region: Top-level
[INFO GPL-0006] Number of instances:              6847
[INFO GPL-0007] Movable instances:                6847
[INFO GPL-0008] Fixed instances:                     0
[INFO GPL-0009] Dummy instances:                     0
[INFO GPL-0010] Number of nets:                   6980
[INFO GPL-0011] Number of pins:                  24831
[INFO GPL-0012] Die BBox:       (  0.000  0.000 ) ( 285.725 285.725 ) um
[INFO GPL-0013] Placement BBox: (  5.060  5.440 ) ( 280.600 280.160 ) um
[INFO GPL-0014] Region name: top-level.
[INFO GPL-0015] Region area:                 75696.349 um^2
[INFO GPL-0017] Fixed instances area:            0.000 um^2
[INFO GPL-0018] Movable instances area:      36500.154 um^2
[INFO GPL-0019] Utilization:                    48.219 %
[INFO GPL-0020] Standard cells area:         36500.154 um^2
[INFO GPL-0021] Large instances area:            0.000 um^2
[INFO GPL-0005] ---- Execute Conjugate Gradient Initial Placement.
[INFO GPL-0051] Source of initial instance position counters:
	Odb location = 0	Core center = 6847	Region center = 0
[InitialPlace]  Iter: 1 conjugate gradient residual: 0.00107050 HPWL: 58878910
[InitialPlace]  Iter: 2 conjugate gradient residual: 0.00000388 HPWL: 47067454
[InitialPlace]  Iter: 3 conjugate gradient residual: 0.00000388 HPWL: 47071312
[InitialPlace]  Iter: 4 conjugate gradient residual: 0.00000388 HPWL: 47105482
[InitialPlace]  Iter: 5 conjugate gradient residual: 0.00000388 HPWL: 47079384
[INFO GPL-0033] ---- Initialize Nesterov Region: Top-level
[INFO GPL-0023] Placement target density:       0.5500
[INFO GPL-0024] Movable insts average area:      5.331 um^2
[INFO GPL-0025] Ideal bin area:                  9.692 um^2
[INFO GPL-0026] Ideal bin count:                  7809
[INFO GPL-0027] Total bin area:              75696.349 um^2
[INFO GPL-0028] Bin count (X, Y):          64 ,     64
[INFO GPL-0029] Bin size (W * H):       4.305 *  4.293 um
[INFO GPL-0030] Number of bins:                   4096
[INFO GPL-0084] ---- Execute Nesterov Global Placement.
[INFO GPL-0031] HPWL: Half-Perimeter Wirelength
Iteration | Overflow |     HPWL (um) |  HPWL(%) |   Penalty | Group
---------------------------------------------------------------
        0 |   0.9911 |  1.940093e+04 |   +0.00% |  3.15e-16 |      
       10 |   0.9853 |  2.207941e+04 |  +13.81% |  5.14e-16 |      
       20 |   0.9853 |  2.234506e+04 |   +1.20% |  8.37e-16 |      
       30 |   0.9852 |  2.239665e+04 |   +0.23% |  1.36e-15 |      
       40 |   0.9852 |  2.240138e+04 |   +0.02% |  2.22e-15 |      
       50 |   0.9852 |  2.238174e+04 |   -0.09% |  3.62e-15 |      
       60 |   0.9852 |  2.237647e+04 |   -0.02% |  5.89e-15 |      
       70 |   0.9851 |  2.238735e+04 |   +0.05% |  9.59e-15 |      
       80 |   0.9851 |  2.240305e+04 |   +0.07% |  1.56e-14 |      
       90 |   0.9851 |  2.241878e+04 |   +0.07% |  2.55e-14 |      
      100 |   0.9850 |  2.243602e+04 |   +0.08% |  4.15e-14 |      
      110 |   0.9850 |  2.247062e+04 |   +0.15% |  6.75e-14 |      
      120 |   0.9850 |  2.254929e+04 |   +0.35% |  1.10e-13 |      
      130 |   0.9849 |  2.270653e+04 |   +0.70% |  1.79e-13 |      
      140 |   0.9847 |  2.300191e+04 |   +1.30% |  2.92e-13 |      
      150 |   0.9843 |  2.353362e+04 |   +2.31% |  4.75e-13 |      
      160 |   0.9829 |  2.444974e+04 |   +3.89% |  7.74e-13 |      
      170 |   0.9805 |  2.598416e+04 |   +6.28% |  1.26e-12 |      
      180 |   0.9767 |  2.830135e+04 |   +8.92% |  2.05e-12 |      
      190 |   0.9691 |  3.153895e+04 |  +11.44% |  3.34e-12 |      
      200 |   0.9580 |  3.545573e+04 |  +12.42% |  5.44e-12 |      
      210 |   0.9426 |  3.961949e+04 |  +11.74% |  8.86e-12 |      
      220 |   0.9262 |  4.432112e+04 |  +11.87% |  1.44e-11 |      
      230 |   0.9032 |  4.999252e+04 |  +12.80% |  2.35e-11 |      
      240 |   0.8740 |  5.657749e+04 |  +13.17% |  3.82e-11 |      
      250 |   0.8379 |  6.347653e+04 |  +12.19% |  6.22e-11 |      
      260 |   0.7985 |  7.008497e+04 |  +10.41% |  1.01e-10 |      
      270 |   0.7590 |  7.580954e+04 |   +8.17% |  1.65e-10 |      
      280 |   0.7200 |  8.031305e+04 |   +5.94% |  2.69e-10 |      
      290 |   0.6794 |  8.356024e+04 |   +4.04% |  4.37e-10 |      
      300 |   0.6397 |  8.570529e+04 |   +2.57% |  7.12e-10 |      
      310 |   0.5938 |  8.790395e+04 |   +2.57% |  1.16e-09 |      
      320 |   0.5404 |  9.124213e+04 |   +3.80% |  1.89e-09 |      
      330 |   0.4882 |  9.432084e+04 |   +3.37% |  3.07e-09 |      
      340 |   0.4470 |  9.535008e+04 |   +1.09% |  5.01e-09 |      
      350 |   0.4145 |  9.616749e+04 |   +0.86% |  8.16e-09 |      
      360 |   0.3852 |  9.762721e+04 |   +1.52% |  1.33e-08 |      
      370 |   0.3487 |  1.000381e+05 |   +2.47% |  2.16e-08 |      
      380 |   0.3299 |  9.978095e+04 |   -0.26% |  3.22e-08 |      
      390 |   0.3056 |  1.001851e+05 |   +0.41% |  4.74e-08 |      
      400 |   0.2847 |  1.006114e+05 |   +0.43% |  6.98e-08 |      
      410 |   0.2654 |  1.008692e+05 |   +0.26% |  1.03e-07 |      
      420 |   0.2450 |  1.012516e+05 |   +0.38% |  1.52e-07 |      
      430 |   0.2286 |  1.016114e+05 |   +0.36% |  2.23e-07 |      
      440 |   0.2091 |  1.019615e+05 |   +0.34% |  3.29e-07 |      
      450 |   0.1890 |  1.024108e+05 |   +0.44% |  4.84e-07 |      
      460 |   0.1682 |  1.028312e+05 |   +0.41% |  7.14e-07 |      
      470 |   0.1488 |  1.033357e+05 |   +0.49% |  1.05e-06 |      
      480 |   0.1288 |  1.038763e+05 |   +0.52% |  1.55e-06 |      
      490 |   0.1100 |  1.042318e+05 |   +0.34% |  2.28e-06 |      
      497 |   0.0983 |  1.047835e+05 |          |  3.11e-06 |      
---------------------------------------------------------------
[INFO GPL-1001] Global placement finished at iteration 497
[INFO GPL-1002] Placed Cell Area            36500.1545
[INFO GPL-1003] Available Free Area         75696.3488
[INFO GPL-1004] Minimum Feasible Density        0.4900 (cell_area / free_area)
[INFO GPL-1006]   Suggested Target Densities:
[INFO GPL-1007]     - For 90% usage of free space: 0.5358
[INFO GPL-1008]     - For 80% usage of free space: 0.6027
[INFO GPL-1009]     - For 50% usage of free space: 0.9644
[INFO GPL-1014] Final placement area: 36500.15 (+0.00%)
[INFO GPL-1018] Final HPWL (um): 104830.65
[INFO DPL-0006] Core area: 75696.35 um^2
[INFO DPL-0007] Movable instances area: 34211.56 um^2
[INFO DPL-0008] Fixed instances area within core: 0.00 um^2
[INFO DPL-0009] Utilization: 45.2%
[INFO DPL-0005] Diamond search max displacement: +/- 500 sites horizontally, +/- 100 rows vertically.
[INFO DPL-1102] Legalizing using negotiation legalizer.
[INFO DPL-1103] Negotiation base search window: +/-20 sites horizontally, +/-5 rows vertically 
	Automatic search window extension enabled.
	Search window extendable up to the max displacement cap of +/-500 sites, +/-100 rows near walls.
[INFO DPL-1104] NegotiationLegalizer DRC penalty: 5.
[INFO DPL-0392] Negotiation cell height distribution (1 unique row-count(s)):
[INFO DPL-0393]   height 1 row(s): 6847 cells
          |      Total |  Illegal |  Illegal
Iteration | Violations |    Cells |    Sites
---------------------------------------------
        0 |       1182 |       490 |       692
        1 |          0 |         0 |         0
Negotiation phase 1 converged at iteration 1.
[INFO DPL-0500] Runtime: 0.16s
Placement Analysis
---------------------------------
total displacement      18724.2 u
average displacement        2.7 u
max displacement            8.3 u
original HPWL          104830.7 u
legalized HPWL         118586.0 u
delta HPWL                   13 %

Design area 34212 um^2 45% utilization.
