Startpoint: a[1] (input port)
Endpoint: y[68] (output port)
Path Group: path delay
Path Type: max

  Delay    Time   Description
---------------------------------------------------------
   0.00    0.00 v input external delay
   0.00    0.00 v a[1] (in)
   0.17    0.17 ^ _5663_/Y (sky130_fd_sc_hd__nand3_1)
   0.13    0.30 v _5667_/Y (sky130_fd_sc_hd__nand2_1)
   0.39    0.69 v _5670_/X (sky130_fd_sc_hd__maj3_1)
   0.41    1.11 v _5671_/X (sky130_fd_sc_hd__maj3_1)
   0.41    1.51 v _5673_/X (sky130_fd_sc_hd__maj3_1)
   0.30    1.81 ^ _5674_/Y (sky130_fd_sc_hd__o21ai_0)
   0.17    1.98 v _5675_/Y (sky130_fd_sc_hd__a21oi_1)
   0.30    2.28 ^ _5676_/Y (sky130_fd_sc_hd__o21ai_0)
   0.16    2.44 v _5677_/Y (sky130_fd_sc_hd__a21oi_1)
   0.33    2.77 ^ _5680_/Y (sky130_fd_sc_hd__o21ai_0)
   0.20    2.97 v _5681_/Y (sky130_fd_sc_hd__a21oi_1)
   0.28    3.25 ^ _5683_/Y (sky130_fd_sc_hd__o211ai_1)
   0.22    3.47 v _5685_/Y (sky130_fd_sc_hd__a31oi_1)
   0.37    3.84 ^ _5686_/Y (sky130_fd_sc_hd__o21ai_0)
   0.17    4.01 v _5687_/Y (sky130_fd_sc_hd__a21oi_1)
   0.40    4.41 ^ _5688_/Y (sky130_fd_sc_hd__o21ai_0)
   0.18    4.59 v _5691_/Y (sky130_fd_sc_hd__a21oi_1)
   0.43    5.02 ^ _5692_/Y (sky130_fd_sc_hd__o21ai_0)
   0.31    5.33 ^ _5694_/X (sky130_fd_sc_hd__a31o_1)
   0.19    5.52 v _5696_/Y (sky130_fd_sc_hd__a211oi_1)
   0.59    6.12 ^ _5701_/Y (sky130_fd_sc_hd__o41ai_1)
   0.30    6.42 v _5704_/Y (sky130_fd_sc_hd__a31oi_1)
   0.47    6.89 v _5720_/X (sky130_fd_sc_hd__o311a_1)
   0.31    7.20 ^ _5721_/Y (sky130_fd_sc_hd__o21ai_0)
   0.16    7.36 v _5722_/Y (sky130_fd_sc_hd__a21oi_1)
   0.37    7.74 ^ _5723_/Y (sky130_fd_sc_hd__o21ai_0)
   0.24    7.98 v _5724_/Y (sky130_fd_sc_hd__a21oi_1)
   0.36    8.34 v _5727_/X (sky130_fd_sc_hd__o31a_1)
   0.72    9.06 ^ _5730_/Y (sky130_fd_sc_hd__o31ai_1)
   0.21    9.26 v _5731_/Y (sky130_fd_sc_hd__a21oi_1)
   0.56    9.83 ^ _5795_/Y (sky130_fd_sc_hd__xnor2_1)
   0.32   10.15 ^ _5861_/Y (sky130_fd_sc_hd__nor4bb_1)
   0.16   10.31 v _5868_/Y (sky130_fd_sc_hd__o211ai_1)
   0.49   10.80 v _5871_/X (sky130_fd_sc_hd__or4_1)
   3.38   14.18 ^ _5872_/Y (sky130_fd_sc_hd__nor4_1)
   1.31   15.49 v _5904_/Y (sky130_fd_sc_hd__nand4_1)
   0.00   15.49 v y[68] (out)
          15.49   data arrival time

  10.00   10.00   max_delay
   0.00   10.00   output external delay
          10.00   data required time
---------------------------------------------------------
          10.00   data required time
         -15.49   data arrival time
---------------------------------------------------------
          -5.49   slack (VIOLATED)


