OpenROAD 26Q3-1860-g0b54bb3203 
Features included (+) or not (-): +GPU +GUI +Python
This program is licensed under the BSD-3 license. See the LICENSE file for details.
Components of this program may be licensed under more restrictive licenses which must be honored.
[INFO ORD-0030] Using 2 thread(s).
[INFO ODB-0227] LEF file: /OpenROAD-flow-scripts/flow/platforms/sky130hd/lef/sky130_fd_sc_hd.tlef, created 13 layers, 25 vias
[INFO ODB-0227] LEF file: /OpenROAD-flow-scripts/flow/platforms/sky130hd/lef/sky130_fd_sc_hd_merged.lef, created 441 library cells
[INFO IFP-0107] Defining die area using utilization: 45.00% and aspect ratio: 1.
[WARNING IFP-0028] Core area lower left (5.000, 5.000) snapped to (5.060, 5.440).
[INFO IFP-0001] Added 76 rows of 454 site unithd.
[INFO IFP-0100] Die BBox:  (  0.000  0.000 ) ( 219.010 219.010 ) um
[INFO IFP-0101] Core BBox: (  5.060  5.440 ) ( 213.900 212.160 ) um
[INFO IFP-0102] Core area:                        43171.405 um^2
[INFO IFP-0103] Total instances area:             19658.854 um^2
[INFO IFP-0104] Effective utilization:                0.455
[INFO IFP-0105] Number of instances:                   2998
Found 0 macro blocks.
Using 2 tracks default min distance between IO pins.
[INFO PPL-0001] Number of available slots 786
[INFO PPL-0002] Number of I/O             171
[INFO PPL-0003] Number of I/O w/sink      171
[INFO PPL-0004] Number of I/O w/o sink    0
[INFO PPL-0005] Slots per section         200
[INFO PPL-0008] Successfully assigned pins to sections.
[INFO PPL-0012] I/O nets HPWL: 27369.88 um.
[INFO GPL-0001] ---- Initialize GPL Main Data Structures
[INFO GPL-0002] DBU: 1000
[INFO GPL-0003] SiteSize: (  0.460  2.720 ) um
[INFO GPL-0004] CoreBBox: (  5.060  5.440 ) ( 213.900 212.160 ) um
[INFO GPL-0016] Core area:                   43171.405 um^2
[INFO GPL-0036] Movable instances area:      19658.854 um^2
[INFO GPL-0037] Total instances area:        19658.854 um^2
[INFO GPL-0035] Pin density area adjust:      1874.099 um^2
[INFO GPL-0032] ---- Initialize Region: Top-level
[INFO GPL-0006] Number of instances:              2998
[INFO GPL-0007] Movable instances:                2998
[INFO GPL-0008] Fixed instances:                     0
[INFO GPL-0009] Dummy instances:                     0
[INFO GPL-0010] Number of nets:                   5216
[INFO GPL-0011] Number of pins:                  10607
[INFO GPL-0012] Die BBox:       (  0.000  0.000 ) ( 219.010 219.010 ) um
[INFO GPL-0013] Placement BBox: (  5.060  5.440 ) ( 213.900 212.160 ) um
[INFO GPL-0014] Region name: top-level.
[INFO GPL-0015] Region area:                 43171.405 um^2
[INFO GPL-0017] Fixed instances area:            0.000 um^2
[INFO GPL-0018] Movable instances area:      21532.953 um^2
[INFO GPL-0019] Utilization:                    49.878 %
[INFO GPL-0020] Standard cells area:         21532.953 um^2
[INFO GPL-0021] Large instances area:            0.000 um^2
[INFO GPL-0005] ---- Execute Conjugate Gradient Initial Placement.
[INFO GPL-0051] Source of initial instance position counters:
	Odb location = 0	Core center = 2998	Region center = 0
[InitialPlace]  Iter: 1 conjugate gradient residual: 0.00002036 HPWL: 70732410
[InitialPlace]  Iter: 2 conjugate gradient residual: 0.00000009 HPWL: 33635228
[InitialPlace]  Iter: 3 conjugate gradient residual: 0.00000009 HPWL: 30855965
[InitialPlace]  Iter: 4 conjugate gradient residual: 0.00000012 HPWL: 30689981
[InitialPlace]  Iter: 5 conjugate gradient residual: 0.00000012 HPWL: 30572396
[INFO GPL-0033] ---- Initialize Nesterov Region: Top-level
[INFO GPL-0023] Placement target density:       0.5500
[INFO GPL-0024] Movable insts average area:      7.182 um^2
[INFO GPL-0025] Ideal bin area:                 13.059 um^2
[INFO GPL-0026] Ideal bin count:                  3305
[INFO GPL-0027] Total bin area:              43171.405 um^2
[INFO GPL-0028] Bin count (X, Y):          32 ,     32
[INFO GPL-0029] Bin size (W * H):       6.526 *  6.460 um
[INFO GPL-0030] Number of bins:                   1024
[INFO GPL-0084] ---- Execute Nesterov Global Placement.
[INFO GPL-0031] HPWL: Half-Perimeter Wirelength
Iteration | Overflow |     HPWL (um) |  HPWL(%) |   Penalty | Group
---------------------------------------------------------------
        0 |   0.9730 |  1.728375e+04 |   +0.00% |  1.31e-15 |      
       10 |   0.9238 |  2.315331e+04 |  +33.96% |  2.13e-15 |      
       20 |   0.9148 |  2.453353e+04 |   +5.96% |  3.47e-15 |      
       30 |   0.9116 |  2.462002e+04 |   +0.35% |  5.65e-15 |      
       40 |   0.9113 |  2.440635e+04 |   -0.87% |  9.20e-15 |      
       50 |   0.9101 |  2.443106e+04 |   +0.10% |  1.50e-14 |      
       60 |   0.9096 |  2.452459e+04 |   +0.38% |  2.44e-14 |      
       70 |   0.9096 |  2.452143e+04 |   -0.01% |  3.98e-14 |      
       80 |   0.9097 |  2.448253e+04 |   -0.16% |  6.48e-14 |      
       90 |   0.9097 |  2.448577e+04 |   +0.01% |  1.05e-13 |      
      100 |   0.9096 |  2.451496e+04 |   +0.12% |  1.72e-13 |      
      110 |   0.9095 |  2.453908e+04 |   +0.10% |  2.80e-13 |      
      120 |   0.9092 |  2.458889e+04 |   +0.20% |  4.56e-13 |      
      130 |   0.9087 |  2.469188e+04 |   +0.42% |  7.43e-13 |      
      140 |   0.9077 |  2.485499e+04 |   +0.66% |  1.21e-12 |      
      150 |   0.9058 |  2.510478e+04 |   +1.00% |  1.97e-12 |      
      160 |   0.9022 |  2.550698e+04 |   +1.60% |  3.21e-12 |      
      170 |   0.8976 |  2.613569e+04 |   +2.46% |  5.23e-12 |      
      180 |   0.8894 |  2.706867e+04 |   +3.57% |  8.51e-12 |      
      190 |   0.8789 |  2.837347e+04 |   +4.82% |  1.39e-11 |      
      200 |   0.8642 |  3.005768e+04 |   +5.94% |  2.26e-11 |      
      210 |   0.8459 |  3.214707e+04 |   +6.95% |  3.68e-11 |      
      220 |   0.8211 |  3.453522e+04 |   +7.43% |  5.99e-11 |      
      230 |   0.7887 |  3.708842e+04 |   +7.39% |  9.75e-11 |      
      240 |   0.7547 |  3.956355e+04 |   +6.67% |  1.59e-10 |      
      250 |   0.7227 |  4.220675e+04 |   +6.68% |  2.59e-10 |      
      260 |   0.6809 |  4.498021e+04 |   +6.57% |  4.21e-10 |      
      270 |   0.6419 |  4.731848e+04 |   +5.20% |  6.86e-10 |      
      280 |   0.5923 |  4.917363e+04 |   +3.92% |  1.12e-09 |      
      290 |   0.5370 |  4.980801e+04 |   +1.29% |  1.82e-09 |      
      300 |   0.4816 |  4.999071e+04 |   +0.37% |  2.96e-09 |      
      310 |   0.4484 |  5.030338e+04 |   +0.63% |  4.83e-09 |      
      320 |   0.4013 |  5.059250e+04 |   +0.57% |  7.86e-09 |      
      330 |   0.3586 |  5.020852e+04 |   -0.76% |  1.28e-08 |      
      340 |   0.3086 |  5.070854e+04 |   +1.00% |  1.94e-08 |      
      350 |   0.2794 |  5.072632e+04 |   +0.04% |  2.86e-08 |      
      360 |   0.2492 |  5.071330e+04 |   -0.03% |  4.22e-08 |      
      370 |   0.2188 |  5.092546e+04 |   +0.42% |  6.21e-08 |      
      380 |   0.1925 |  5.093909e+04 |   +0.03% |  9.15e-08 |      
      390 |   0.1703 |  5.104293e+04 |   +0.20% |  1.35e-07 |      
      400 |   0.1475 |  5.105149e+04 |   +0.02% |  1.99e-07 |      
      410 |   0.1270 |  5.093433e+04 |   -0.23% |  2.93e-07 |      
      420 |   0.1083 |  5.087994e+04 |   -0.11% |  4.31e-07 |      
      425 |   0.0983 |  5.087237e+04 |          |  5.44e-07 |      
---------------------------------------------------------------
[INFO GPL-1001] Global placement finished at iteration 425
[INFO GPL-1002] Placed Cell Area            21532.9529
[INFO GPL-1003] Available Free Area         43171.4048
[INFO GPL-1004] Minimum Feasible Density        0.5000 (cell_area / free_area)
[INFO GPL-1006]   Suggested Target Densities:
[INFO GPL-1007]     - For 90% usage of free space: 0.5542
[INFO GPL-1008]     - For 80% usage of free space: 0.6235
[INFO GPL-1009]     - For 50% usage of free space: 0.9976
[INFO GPL-1014] Final placement area: 21532.95 (+0.00%)
[INFO GPL-1018] Final HPWL (um): 50981.46
[INFO DPL-0006] Core area: 43171.40 um^2
[INFO DPL-0007] Movable instances area: 19658.85 um^2
[INFO DPL-0008] Fixed instances area within core: 0.00 um^2
[INFO DPL-0009] Utilization: 45.5%
[INFO DPL-0005] Diamond search max displacement: +/- 500 sites horizontally, +/- 100 rows vertically.
[INFO DPL-1102] Legalizing using negotiation legalizer.
[INFO DPL-1103] Negotiation base search window: +/-20 sites horizontally, +/-5 rows vertically 
	Automatic search window extension enabled.
	Search window extendable up to the max displacement cap of +/-500 sites, +/-100 rows near walls.
[INFO DPL-1104] NegotiationLegalizer DRC penalty: 5.
[INFO DPL-0392] Negotiation cell height distribution (1 unique row-count(s)):
[INFO DPL-0393]   height 1 row(s): 2998 cells
          |      Total |  Illegal |  Illegal
Iteration | Violations |    Cells |    Sites
---------------------------------------------
        0 |        994 |       316 |       672
        1 |          8 |         4 |         4
        2 |          0 |         0 |         0
Negotiation phase 1 converged at iteration 2.
[INFO DPL-0500] Runtime: 0.19s
Placement Analysis
---------------------------------
total displacement       8492.0 u
average displacement        2.8 u
max displacement           10.1 u
original HPWL           50981.5 u
legalized HPWL          57765.0 u
delta HPWL                   13 %

Design area 19659 um^2 46% utilization.
