Startpoint: b[16] (input port)
Endpoint: y[55] (output port)
Path Group: path delay
Path Type: max

  Delay    Time   Description
---------------------------------------------------------
   0.00    0.00 ^ input external delay
   0.00    0.00 ^ b[16] (in)
   0.53    0.53 v _13992_/Y (sky130_fd_sc_hd__clkinv_1)
   0.54    1.07 ^ _08022_/Y (sky130_fd_sc_hd__o2bb2ai_1)
   0.29    1.35 v _08306_/Y (sky130_fd_sc_hd__nand4_1)
   0.25    1.60 ^ _08309_/Y (sky130_fd_sc_hd__nand3_1)
   0.32    1.92 v _08318_/Y (sky130_fd_sc_hd__nand3_1)
   0.27    2.19 v _08474_/X (sky130_fd_sc_hd__o2111a_1)
   0.46    2.65 ^ _08475_/Y (sky130_fd_sc_hd__o22ai_1)
   0.15    2.80 v _08476_/Y (sky130_fd_sc_hd__nand2_1)
   0.12    2.93 ^ _09166_/Y (sky130_fd_sc_hd__nand2_1)
   0.08    3.01 v _09192_/Y (sky130_fd_sc_hd__a21oi_1)
   0.28    3.29 ^ _09193_/Y (sky130_fd_sc_hd__o2bb2ai_1)
   0.26    3.55 ^ _09397_/Y (sky130_fd_sc_hd__o2bb2ai_1)
   0.31    3.86 v _09407_/Y (sky130_fd_sc_hd__nand2_1)
   0.93    4.79 ^ _09813_/Y (sky130_fd_sc_hd__a31oi_1)
   0.65    5.44 v _11508_/Y (sky130_fd_sc_hd__o21ai_0)
   0.75    6.19 ^ _11509_/Y (sky130_fd_sc_hd__nand2_1)
   0.61    6.80 v _11510_/Y (sky130_fd_sc_hd__nand2_1)
   0.28    7.08 ^ _11540_/Y (sky130_fd_sc_hd__nand2_1)
   0.16    7.23 v _11541_/Y (sky130_fd_sc_hd__nand3_1)
   0.35    7.59 ^ _11547_/Y (sky130_fd_sc_hd__nand2_1)
   0.11    7.69 v _11925_/Y (sky130_fd_sc_hd__nand2_1)
   0.33    8.02 ^ _11931_/Y (sky130_fd_sc_hd__nor2_1)
   0.17    8.19 v _12053_/Y (sky130_fd_sc_hd__nand4_1)
   0.10    8.28 ^ _12054_/Y (sky130_fd_sc_hd__nand2_1)
   0.09    8.37 v _12074_/Y (sky130_fd_sc_hd__nand4_1)
   1.22    9.59 ^ _12092_/Y (sky130_fd_sc_hd__nor2_1)
   0.71   10.30 v _12194_/Y (sky130_fd_sc_hd__nand4_1)
   0.00   10.30 v y[55] (out)
          10.30   data arrival time

  10.00   10.00   max_delay
   0.00   10.00   output external delay
          10.00   data required time
---------------------------------------------------------
          10.00   data required time
         -10.30   data arrival time
---------------------------------------------------------
          -0.30   slack (VIOLATED)


