Startpoint: a[2] (input port)
Endpoint: y[67] (output port)
Path Group: path delay
Path Type: max

  Delay    Time   Description
---------------------------------------------------------
   0.00    0.00 v input external delay
   0.00    0.00 v a[2] (in)
   0.13    0.13 ^ _5572_/Y (sky130_fd_sc_hd__nand2_1)
   0.46    0.59 v _5598_/X (sky130_fd_sc_hd__xor3_1)
   0.44    1.03 v _5599_/X (sky130_fd_sc_hd__maj3_1)
   0.24    1.27 v _5603_/X (sky130_fd_sc_hd__xnor3_1)
   0.18    1.45 v _5629_/Y (sky130_fd_sc_hd__xnor2_1)
   0.40    1.85 ^ _5630_/Y (sky130_fd_sc_hd__o21ai_0)
   0.19    2.04 v _5632_/Y (sky130_fd_sc_hd__a21oi_1)
   0.33    2.37 ^ _5634_/Y (sky130_fd_sc_hd__o21ai_0)
   0.17    2.54 v _5636_/Y (sky130_fd_sc_hd__a21oi_1)
   0.44    2.98 ^ _5638_/Y (sky130_fd_sc_hd__o21ai_0)
   0.18    3.16 v _5640_/Y (sky130_fd_sc_hd__a21oi_1)
   0.35    3.51 ^ _5643_/Y (sky130_fd_sc_hd__o21ai_0)
   0.19    3.69 v _5646_/Y (sky130_fd_sc_hd__a21oi_1)
   0.34    4.03 ^ _5649_/Y (sky130_fd_sc_hd__o21ai_0)
   0.16    4.20 v _5652_/Y (sky130_fd_sc_hd__a21oi_1)
   0.32    4.52 ^ _5655_/Y (sky130_fd_sc_hd__o21ai_0)
   0.22    4.73 v _5657_/Y (sky130_fd_sc_hd__a21boi_0)
   0.35    5.09 ^ _5659_/Y (sky130_fd_sc_hd__o21ai_0)
   0.20    5.29 v _5661_/Y (sky130_fd_sc_hd__a21oi_1)
   0.27    5.56 v _5683_/Y (sky130_fd_sc_hd__xnor2_1)
   0.67    6.23 ^ _5720_/Y (sky130_fd_sc_hd__nor3_1)
   0.23    6.46 v _5721_/Y (sky130_fd_sc_hd__nand2_1)
   0.24    6.70 ^ _5722_/Y (sky130_fd_sc_hd__nor2_1)
   0.12    6.82 v _5723_/Y (sky130_fd_sc_hd__nand2_1)
   0.20    7.02 ^ _5724_/Y (sky130_fd_sc_hd__nor2_1)
   0.13    7.14 v _5725_/Y (sky130_fd_sc_hd__nand2_1)
   0.49    7.64 v _5726_/X (sky130_fd_sc_hd__maj3_1)
   0.35    7.98 ^ _5728_/Y (sky130_fd_sc_hd__o211ai_1)
   0.24    8.22 v _5731_/Y (sky130_fd_sc_hd__a311oi_1)
   0.32    8.54 v _5732_/X (sky130_fd_sc_hd__lpflow_inputiso1p_1)
   0.99    9.53 ^ _5838_/Y (sky130_fd_sc_hd__xnor2_1)
   0.45    9.97 v _5844_/Y (sky130_fd_sc_hd__o2111ai_1)
   0.84   10.81 ^ _5849_/Y (sky130_fd_sc_hd__nor3_1)
   0.38   11.19 v _5853_/Y (sky130_fd_sc_hd__o2111ai_1)
   0.99   12.18 ^ _5879_/Y (sky130_fd_sc_hd__a2111oi_0)
   0.18   12.36 v _5882_/Y (sky130_fd_sc_hd__a31oi_1)
   3.41   15.78 ^ _5885_/Y (sky130_fd_sc_hd__nor4_1)
   1.34   17.11 v _5923_/Y (sky130_fd_sc_hd__o211ai_1)
   0.00   17.12 v y[67] (out)
          17.12   data arrival time

  10.00   10.00   max_delay
   0.00   10.00   output external delay
          10.00   data required time
---------------------------------------------------------
          10.00   data required time
         -17.12   data arrival time
---------------------------------------------------------
          -7.12   slack (VIOLATED)


