OpenROAD 26Q3-1860-g0b54bb3203 
Features included (+) or not (-): +GPU +GUI +Python
This program is licensed under the BSD-3 license. See the LICENSE file for details.
Components of this program may be licensed under more restrictive licenses which must be honored.
[INFO ORD-0030] Using 2 thread(s).
[INFO ODB-0227] LEF file: /OpenROAD-flow-scripts/flow/platforms/sky130hd/lef/sky130_fd_sc_hd.tlef, created 13 layers, 25 vias
[INFO ODB-0227] LEF file: /OpenROAD-flow-scripts/flow/platforms/sky130hd/lef/sky130_fd_sc_hd_merged.lef, created 441 library cells
[INFO IFP-0107] Defining die area using utilization: 45.00% and aspect ratio: 1.
[WARNING IFP-0028] Core area lower left (5.000, 5.000) snapped to (5.060, 5.440).
[INFO IFP-0001] Added 87 rows of 518 site unithd.
[INFO IFP-0100] Die BBox:  (  0.000  0.000 ) ( 248.400 248.400 ) um
[INFO IFP-0101] Core BBox: (  5.060  5.440 ) ( 243.340 242.080 ) um
[INFO IFP-0102] Core area:                        56386.579 um^2
[INFO IFP-0103] Total instances area:             25575.779 um^2
[INFO IFP-0104] Effective utilization:                0.454
[INFO IFP-0105] Number of instances:                   5243
Found 0 macro blocks.
Using 2 tracks default min distance between IO pins.
[INFO PPL-0001] Number of available slots 894
[INFO PPL-0002] Number of I/O             171
[INFO PPL-0003] Number of I/O w/sink      171
[INFO PPL-0004] Number of I/O w/o sink    0
[INFO PPL-0005] Slots per section         200
[INFO PPL-0008] Successfully assigned pins to sections.
[INFO PPL-0012] I/O nets HPWL: 31179.90 um.
[INFO GPL-0001] ---- Initialize GPL Main Data Structures
[INFO GPL-0002] DBU: 1000
[INFO GPL-0003] SiteSize: (  0.460  2.720 ) um
[INFO GPL-0004] CoreBBox: (  5.060  5.440 ) ( 243.340 242.080 ) um
[INFO GPL-0016] Core area:                   56386.579 um^2
[INFO GPL-0036] Movable instances area:      25575.779 um^2
[INFO GPL-0037] Total instances area:        25575.779 um^2
[INFO GPL-0035] Pin density area adjust:      2540.218 um^2
[INFO GPL-0032] ---- Initialize Region: Top-level
[INFO GPL-0006] Number of instances:              5243
[INFO GPL-0007] Movable instances:                5243
[INFO GPL-0008] Fixed instances:                     0
[INFO GPL-0009] Dummy instances:                     0
[INFO GPL-0010] Number of nets:                   7393
[INFO GPL-0011] Number of pins:                  17151
[INFO GPL-0012] Die BBox:       (  0.000  0.000 ) ( 248.400 248.400 ) um
[INFO GPL-0013] Placement BBox: (  5.060  5.440 ) ( 243.340 242.080 ) um
[INFO GPL-0014] Region name: top-level.
[INFO GPL-0015] Region area:                 56386.579 um^2
[INFO GPL-0017] Fixed instances area:            0.000 um^2
[INFO GPL-0018] Movable instances area:      28115.998 um^2
[INFO GPL-0019] Utilization:                    49.863 %
[INFO GPL-0020] Standard cells area:         28115.998 um^2
[INFO GPL-0021] Large instances area:            0.000 um^2
[INFO GPL-0005] ---- Execute Conjugate Gradient Initial Placement.
[INFO GPL-0051] Source of initial instance position counters:
	Odb location = 0	Core center = 5243	Region center = 0
[InitialPlace]  Iter: 1 conjugate gradient residual: 0.00001379 HPWL: 89956310
[InitialPlace]  Iter: 2 conjugate gradient residual: 0.00000027 HPWL: 38955014
[InitialPlace]  Iter: 3 conjugate gradient residual: 0.00000012 HPWL: 38911762
[InitialPlace]  Iter: 4 conjugate gradient residual: 0.00000009 HPWL: 38935216
[InitialPlace]  Iter: 5 conjugate gradient residual: 0.00000026 HPWL: 38905505
[INFO GPL-0033] ---- Initialize Nesterov Region: Top-level
[INFO GPL-0023] Placement target density:       0.5500
[INFO GPL-0024] Movable insts average area:      5.363 um^2
[INFO GPL-0025] Ideal bin area:                  9.750 um^2
[INFO GPL-0026] Ideal bin count:                  5783
[INFO GPL-0027] Total bin area:              56386.579 um^2
[INFO GPL-0028] Bin count (X, Y):          64 ,     64
[INFO GPL-0029] Bin size (W * H):       3.723 *  3.697 um
[INFO GPL-0030] Number of bins:                   4096
[INFO GPL-0084] ---- Execute Nesterov Global Placement.
[INFO GPL-0031] HPWL: Half-Perimeter Wirelength
Iteration | Overflow |     HPWL (um) |  HPWL(%) |   Penalty | Group
---------------------------------------------------------------
        0 |   0.9923 |  1.786544e+04 |   +0.00% |  4.25e-16 |      
       10 |   0.9839 |  2.286204e+04 |  +27.97% |  6.92e-16 |      
       20 |   0.9835 |  2.358368e+04 |   +3.16% |  1.13e-15 |      
       30 |   0.9835 |  2.382101e+04 |   +1.01% |  1.83e-15 |      
       40 |   0.9835 |  2.391514e+04 |   +0.40% |  2.99e-15 |      
       50 |   0.9835 |  2.389983e+04 |   -0.06% |  4.87e-15 |      
       60 |   0.9835 |  2.384680e+04 |   -0.22% |  7.93e-15 |      
       70 |   0.9835 |  2.383201e+04 |   -0.06% |  1.29e-14 |      
       80 |   0.9835 |  2.387499e+04 |   +0.18% |  2.10e-14 |      
       90 |   0.9835 |  2.393340e+04 |   +0.24% |  3.43e-14 |      
      100 |   0.9835 |  2.396832e+04 |   +0.15% |  5.58e-14 |      
      110 |   0.9835 |  2.398725e+04 |   +0.08% |  9.09e-14 |      
      120 |   0.9834 |  2.403126e+04 |   +0.18% |  1.48e-13 |      
      130 |   0.9832 |  2.414143e+04 |   +0.46% |  2.41e-13 |      
      140 |   0.9828 |  2.436220e+04 |   +0.91% |  3.93e-13 |      
      150 |   0.9822 |  2.476086e+04 |   +1.64% |  6.40e-13 |      
      160 |   0.9811 |  2.542190e+04 |   +2.67% |  1.04e-12 |      
      170 |   0.9786 |  2.648782e+04 |   +4.19% |  1.70e-12 |      
      180 |   0.9735 |  2.810260e+04 |   +6.10% |  2.77e-12 |      
      190 |   0.9660 |  3.030082e+04 |   +7.82% |  4.50e-12 |      
      200 |   0.9556 |  3.307265e+04 |   +9.15% |  7.33e-12 |      
      210 |   0.9422 |  3.637781e+04 |   +9.99% |  1.19e-11 |      
      220 |   0.9261 |  4.036691e+04 |  +10.97% |  1.94e-11 |      
      230 |   0.9040 |  4.524629e+04 |  +12.09% |  3.17e-11 |      
      240 |   0.8755 |  5.053473e+04 |  +11.69% |  5.15e-11 |      
      250 |   0.8418 |  5.578310e+04 |  +10.39% |  8.39e-11 |      
      260 |   0.8050 |  6.084093e+04 |   +9.07% |  1.37e-10 |      
      270 |   0.7584 |  6.538898e+04 |   +7.48% |  2.22e-10 |      
      280 |   0.7152 |  6.879327e+04 |   +5.21% |  3.62e-10 |      
      290 |   0.6643 |  7.211641e+04 |   +4.83% |  5.90e-10 |      
      300 |   0.6130 |  7.481679e+04 |   +3.74% |  9.60e-10 |      
      310 |   0.5651 |  7.766656e+04 |   +3.81% |  1.56e-09 |      
      320 |   0.5170 |  8.140451e+04 |   +4.81% |  2.55e-09 |      
      330 |   0.4774 |  8.346527e+04 |   +2.53% |  4.15e-09 |      
      340 |   0.4403 |  8.472585e+04 |   +1.51% |  6.75e-09 |      
      350 |   0.4067 |  8.514916e+04 |   +0.50% |  1.10e-08 |      
      360 |   0.3672 |  8.740263e+04 |   +2.65% |  1.79e-08 |      
      370 |   0.3338 |  8.821027e+04 |   +0.92% |  2.80e-08 |      
      380 |   0.3074 |  8.824432e+04 |   +0.04% |  4.13e-08 |      
      390 |   0.2855 |  8.889618e+04 |   +0.74% |  6.08e-08 |      
      400 |   0.2643 |  8.917773e+04 |   +0.32% |  8.96e-08 |      
      410 |   0.2445 |  8.950550e+04 |   +0.37% |  1.32e-07 |      
      420 |   0.2229 |  8.978917e+04 |   +0.32% |  1.94e-07 |      
      430 |   0.2026 |  8.997460e+04 |   +0.21% |  2.86e-07 |      
      440 |   0.1843 |  9.022454e+04 |   +0.28% |  4.22e-07 |      
      450 |   0.1659 |  9.047266e+04 |   +0.27% |  6.21e-07 |      
      460 |   0.1473 |  9.063638e+04 |   +0.18% |  9.15e-07 |      
      470 |   0.1303 |  9.091137e+04 |   +0.30% |  1.35e-06 |      
      480 |   0.1116 |  9.111317e+04 |   +0.22% |  1.99e-06 |      
      489 |   0.0987 |  9.138864e+04 |          |  2.93e-06 |      
---------------------------------------------------------------
[INFO GPL-1001] Global placement finished at iteration 489
[INFO GPL-1002] Placed Cell Area            28115.9975
[INFO GPL-1003] Available Free Area         56386.5792
[INFO GPL-1004] Minimum Feasible Density        0.5000 (cell_area / free_area)
[INFO GPL-1006]   Suggested Target Densities:
[INFO GPL-1007]     - For 90% usage of free space: 0.5540
[INFO GPL-1008]     - For 80% usage of free space: 0.6233
[INFO GPL-1009]     - For 50% usage of free space: 0.9973
[INFO GPL-1014] Final placement area: 28116.00 (+0.00%)
[INFO GPL-1018] Final HPWL (um): 91405.08
[INFO DPL-0006] Core area: 56386.58 um^2
[INFO DPL-0007] Movable instances area: 25575.78 um^2
[INFO DPL-0008] Fixed instances area within core: 0.00 um^2
[INFO DPL-0009] Utilization: 45.4%
[INFO DPL-0005] Diamond search max displacement: +/- 500 sites horizontally, +/- 100 rows vertically.
[INFO DPL-1102] Legalizing using negotiation legalizer.
[INFO DPL-1103] Negotiation base search window: +/-20 sites horizontally, +/-5 rows vertically 
	Automatic search window extension enabled.
	Search window extendable up to the max displacement cap of +/-500 sites, +/-100 rows near walls.
[INFO DPL-1104] NegotiationLegalizer DRC penalty: 5.
[INFO DPL-0392] Negotiation cell height distribution (1 unique row-count(s)):
[INFO DPL-0393]   height 1 row(s): 5243 cells
          |      Total |  Illegal |  Illegal
Iteration | Violations |    Cells |    Sites
---------------------------------------------
        0 |        422 |       194 |       228
        1 |          0 |         0 |         0
Negotiation phase 1 converged at iteration 1.
[INFO DPL-0500] Runtime: 0.13s
Placement Analysis
---------------------------------
total displacement      13561.3 u
average displacement        2.6 u
max displacement            7.8 u
original HPWL           91405.1 u
legalized HPWL          99000.7 u
delta HPWL                    8 %

Design area 25576 um^2 45% utilization.
