OpenROAD 26Q3-1860-g0b54bb3203 
Features included (+) or not (-): +GPU +GUI +Python
This program is licensed under the BSD-3 license. See the LICENSE file for details.
Components of this program may be licensed under more restrictive licenses which must be honored.
[INFO ORD-0030] Using 2 thread(s).
[INFO ODB-0227] LEF file: /OpenROAD-flow-scripts/flow/platforms/sky130hd/lef/sky130_fd_sc_hd.tlef, created 13 layers, 25 vias
[INFO ODB-0227] LEF file: /OpenROAD-flow-scripts/flow/platforms/sky130hd/lef/sky130_fd_sc_hd_merged.lef, created 441 library cells
[INFO IFP-0107] Defining die area using utilization: 45.00% and aspect ratio: 1.
[WARNING IFP-0028] Core area lower left (5.000, 5.000) snapped to (5.060, 5.440).
[INFO IFP-0001] Added 87 rows of 520 site unithd.
[INFO IFP-0100] Die BBox:  (  0.000  0.000 ) ( 249.270 249.270 ) um
[INFO IFP-0101] Core BBox: (  5.060  5.440 ) ( 244.260 242.080 ) um
[INFO IFP-0102] Core area:                        56604.288 um^2
[INFO IFP-0103] Total instances area:             25762.208 um^2
[INFO IFP-0104] Effective utilization:                0.455
[INFO IFP-0105] Number of instances:                   5287
Found 0 macro blocks.
Using 2 tracks default min distance between IO pins.
[INFO PPL-0001] Number of available slots 896
[INFO PPL-0002] Number of I/O             171
[INFO PPL-0003] Number of I/O w/sink      171
[INFO PPL-0004] Number of I/O w/o sink    0
[INFO PPL-0005] Slots per section         200
[INFO PPL-0008] Successfully assigned pins to sections.
[INFO PPL-0012] I/O nets HPWL: 31254.72 um.
[INFO GPL-0001] ---- Initialize GPL Main Data Structures
[INFO GPL-0002] DBU: 1000
[INFO GPL-0003] SiteSize: (  0.460  2.720 ) um
[INFO GPL-0004] CoreBBox: (  5.060  5.440 ) ( 244.260 242.080 ) um
[INFO GPL-0016] Core area:                   56604.288 um^2
[INFO GPL-0036] Movable instances area:      25762.208 um^2
[INFO GPL-0037] Total instances area:        25762.208 um^2
[INFO GPL-0035] Pin density area adjust:      2553.590 um^2
[INFO GPL-0032] ---- Initialize Region: Top-level
[INFO GPL-0006] Number of instances:              5287
[INFO GPL-0007] Movable instances:                5287
[INFO GPL-0008] Fixed instances:                     0
[INFO GPL-0009] Dummy instances:                     0
[INFO GPL-0010] Number of nets:                   7499
[INFO GPL-0011] Number of pins:                  17250
[INFO GPL-0012] Die BBox:       (  0.000  0.000 ) ( 249.270 249.270 ) um
[INFO GPL-0013] Placement BBox: (  5.060  5.440 ) ( 244.260 242.080 ) um
[INFO GPL-0014] Region name: top-level.
[INFO GPL-0015] Region area:                 56604.288 um^2
[INFO GPL-0017] Fixed instances area:            0.000 um^2
[INFO GPL-0018] Movable instances area:      28315.798 um^2
[INFO GPL-0019] Utilization:                    50.024 %
[INFO GPL-0020] Standard cells area:         28315.798 um^2
[INFO GPL-0021] Large instances area:            0.000 um^2
[INFO GPL-0005] ---- Execute Conjugate Gradient Initial Placement.
[INFO GPL-0051] Source of initial instance position counters:
	Odb location = 0	Core center = 5287	Region center = 0
[InitialPlace]  Iter: 1 conjugate gradient residual: 0.00038006 HPWL: 90387600
[InitialPlace]  Iter: 2 conjugate gradient residual: 0.00000010 HPWL: 39243753
[InitialPlace]  Iter: 3 conjugate gradient residual: 0.00000011 HPWL: 39210692
[InitialPlace]  Iter: 4 conjugate gradient residual: 0.00000011 HPWL: 39235393
[InitialPlace]  Iter: 5 conjugate gradient residual: 0.00000048 HPWL: 39210741
[INFO GPL-0033] ---- Initialize Nesterov Region: Top-level
[INFO GPL-0023] Placement target density:       0.5500
[INFO GPL-0024] Movable insts average area:      5.356 um^2
[INFO GPL-0025] Ideal bin area:                  9.738 um^2
[INFO GPL-0026] Ideal bin count:                  5812
[INFO GPL-0027] Total bin area:              56604.288 um^2
[INFO GPL-0028] Bin count (X, Y):          64 ,     64
[INFO GPL-0029] Bin size (W * H):       3.737 *  3.697 um
[INFO GPL-0030] Number of bins:                   4096
[INFO GPL-0084] ---- Execute Nesterov Global Placement.
[INFO GPL-0031] HPWL: Half-Perimeter Wirelength
Iteration | Overflow |     HPWL (um) |  HPWL(%) |   Penalty | Group
---------------------------------------------------------------
        0 |   0.9919 |  1.791308e+04 |   +0.00% |  4.20e-16 |      
       10 |   0.9833 |  2.318899e+04 |  +29.45% |  6.84e-16 |      
       20 |   0.9831 |  2.392824e+04 |   +3.19% |  1.11e-15 |      
       30 |   0.9829 |  2.420988e+04 |   +1.18% |  1.81e-15 |      
       40 |   0.9829 |  2.437049e+04 |   +0.66% |  2.95e-15 |      
       50 |   0.9829 |  2.436007e+04 |   -0.04% |  4.81e-15 |      
       60 |   0.9829 |  2.427364e+04 |   -0.35% |  7.84e-15 |      
       70 |   0.9829 |  2.422507e+04 |   -0.20% |  1.28e-14 |      
       80 |   0.9829 |  2.425035e+04 |   +0.10% |  2.08e-14 |      
       90 |   0.9829 |  2.431325e+04 |   +0.26% |  3.39e-14 |      
      100 |   0.9829 |  2.436497e+04 |   +0.21% |  5.52e-14 |      
      110 |   0.9829 |  2.439376e+04 |   +0.12% |  8.99e-14 |      
      120 |   0.9828 |  2.443146e+04 |   +0.15% |  1.46e-13 |      
      130 |   0.9826 |  2.453039e+04 |   +0.40% |  2.38e-13 |      
      140 |   0.9822 |  2.474334e+04 |   +0.87% |  3.88e-13 |      
      150 |   0.9816 |  2.513035e+04 |   +1.56% |  6.33e-13 |      
      160 |   0.9808 |  2.576034e+04 |   +2.51% |  1.03e-12 |      
      170 |   0.9782 |  2.676073e+04 |   +3.88% |  1.68e-12 |      
      180 |   0.9739 |  2.828072e+04 |   +5.68% |  2.73e-12 |      
      190 |   0.9663 |  3.046783e+04 |   +7.73% |  4.45e-12 |      
      200 |   0.9561 |  3.341762e+04 |   +9.68% |  7.25e-12 |      
      210 |   0.9422 |  3.696390e+04 |  +10.61% |  1.18e-11 |      
      220 |   0.9226 |  4.092928e+04 |  +10.73% |  1.92e-11 |      
      230 |   0.8996 |  4.534327e+04 |  +10.78% |  3.13e-11 |      
      240 |   0.8729 |  5.028887e+04 |  +10.91% |  5.09e-11 |      
      250 |   0.8401 |  5.557093e+04 |  +10.50% |  8.29e-11 |      
      260 |   0.8030 |  6.090877e+04 |   +9.61% |  1.35e-10 |      
      270 |   0.7613 |  6.605893e+04 |   +8.46% |  2.20e-10 |      
      280 |   0.7174 |  7.045361e+04 |   +6.65% |  3.58e-10 |      
      290 |   0.6671 |  7.426340e+04 |   +5.41% |  5.83e-10 |      
      300 |   0.6199 |  7.697475e+04 |   +3.65% |  9.49e-10 |      
      310 |   0.5717 |  8.053892e+04 |   +4.63% |  1.54e-09 |      
      320 |   0.5240 |  8.347812e+04 |   +3.65% |  2.52e-09 |      
      330 |   0.4899 |  8.523589e+04 |   +2.11% |  4.10e-09 |      
      340 |   0.4406 |  8.639376e+04 |   +1.36% |  6.67e-09 |      
      350 |   0.4002 |  8.714178e+04 |   +0.87% |  1.09e-08 |      
      360 |   0.3570 |  8.974012e+04 |   +2.98% |  1.77e-08 |      
      370 |   0.3279 |  8.994846e+04 |   +0.23% |  2.71e-08 |      
      380 |   0.3088 |  9.001349e+04 |   +0.07% |  4.00e-08 |      
      390 |   0.2850 |  9.056384e+04 |   +0.61% |  5.89e-08 |      
      400 |   0.2647 |  9.052423e+04 |   -0.04% |  8.68e-08 |      
      410 |   0.2439 |  9.083807e+04 |   +0.35% |  1.28e-07 |      
      420 |   0.2222 |  9.101908e+04 |   +0.20% |  1.88e-07 |      
      430 |   0.2049 |  9.126538e+04 |   +0.27% |  2.77e-07 |      
      440 |   0.1855 |  9.145237e+04 |   +0.20% |  4.09e-07 |      
      450 |   0.1670 |  9.169319e+04 |   +0.26% |  6.02e-07 |      
      460 |   0.1488 |  9.195250e+04 |   +0.28% |  8.87e-07 |      
      470 |   0.1313 |  9.223274e+04 |   +0.30% |  1.31e-06 |      
      480 |   0.1135 |  9.248165e+04 |   +0.27% |  1.92e-06 |      
      490 |   0.0986 |  9.281104e+04 |   +0.36% |  2.83e-06 |      
      490 |   0.0986 |  9.281104e+04 |          |  2.95e-06 |      
---------------------------------------------------------------
[INFO GPL-1001] Global placement finished at iteration 490
[INFO GPL-1002] Placed Cell Area            28315.7985
[INFO GPL-1003] Available Free Area         56604.2880
[INFO GPL-1004] Minimum Feasible Density        0.5100 (cell_area / free_area)
[INFO GPL-1006]   Suggested Target Densities:
[INFO GPL-1007]     - For 90% usage of free space: 0.5558
[INFO GPL-1008]     - For 80% usage of free space: 0.6253
[INFO GPL-1014] Final placement area: 28315.80 (+0.00%)
[INFO GPL-1018] Final HPWL (um): 92829.44
[INFO DPL-0006] Core area: 56604.29 um^2
[INFO DPL-0007] Movable instances area: 25762.21 um^2
[INFO DPL-0008] Fixed instances area within core: 0.00 um^2
[INFO DPL-0009] Utilization: 45.5%
[INFO DPL-0005] Diamond search max displacement: +/- 500 sites horizontally, +/- 100 rows vertically.
[INFO DPL-1102] Legalizing using negotiation legalizer.
[INFO DPL-1103] Negotiation base search window: +/-20 sites horizontally, +/-5 rows vertically 
	Automatic search window extension enabled.
	Search window extendable up to the max displacement cap of +/-500 sites, +/-100 rows near walls.
[INFO DPL-1104] NegotiationLegalizer DRC penalty: 5.
[INFO DPL-0392] Negotiation cell height distribution (1 unique row-count(s)):
[INFO DPL-0393]   height 1 row(s): 5287 cells
          |      Total |  Illegal |  Illegal
Iteration | Violations |    Cells |    Sites
---------------------------------------------
        0 |        441 |       207 |       234
        1 |          0 |         0 |         0
Negotiation phase 1 converged at iteration 1.
[INFO DPL-0500] Runtime: 0.16s
Placement Analysis
---------------------------------
total displacement      13630.3 u
average displacement        2.6 u
max displacement            7.6 u
original HPWL           92829.4 u
legalized HPWL         100402.9 u
delta HPWL                    8 %

Design area 25762 um^2 46% utilization.
