Startpoint: b[15] (input port)
Endpoint: y[66] (output port)
Path Group: path delay
Path Type: max

  Delay    Time   Description
---------------------------------------------------------
   0.00    0.00 ^ input external delay
   0.00    0.00 ^ b[15] (in)
   0.55    0.55 v _4932_/Y (sky130_fd_sc_hd__clkinv_1)
   0.66    1.20 ^ _7454_/Y (sky130_fd_sc_hd__o21ai_0)
   0.29    1.50 v _7456_/Y (sky130_fd_sc_hd__o211ai_1)
   0.27    1.77 ^ _7457_/Y (sky130_fd_sc_hd__nand3_1)
   0.11    1.88 v _7470_/Y (sky130_fd_sc_hd__nand2_1)
   0.32    2.20 v _7471_/X (sky130_fd_sc_hd__or2_2)
   0.11    2.31 ^ _7472_/Y (sky130_fd_sc_hd__nand3_1)
   0.17    2.48 v _7473_/Y (sky130_fd_sc_hd__nand3_1)
   0.14    2.63 ^ _7474_/Y (sky130_fd_sc_hd__nand3_1)
   0.11    2.74 v _7478_/Y (sky130_fd_sc_hd__nand2_1)
   0.39    3.13 ^ _7479_/Y (sky130_fd_sc_hd__o21ai_0)
   0.18    3.31 v _7494_/Y (sky130_fd_sc_hd__clkinv_1)
   0.12    3.44 ^ _7496_/Y (sky130_fd_sc_hd__nand2_1)
   0.12    3.56 v _7497_/Y (sky130_fd_sc_hd__nand2_1)
   0.21    3.77 ^ _7498_/Y (sky130_fd_sc_hd__nand4_1)
   0.40    4.17 v _7504_/Y (sky130_fd_sc_hd__nand4_1)
   0.19    4.36 ^ _7508_/Y (sky130_fd_sc_hd__nand2_1)
   0.27    4.63 v _7509_/Y (sky130_fd_sc_hd__nand3_1)
   0.19    4.82 ^ _8804_/Y (sky130_fd_sc_hd__nand2_1)
   0.08    4.90 v _8805_/Y (sky130_fd_sc_hd__nand2_1)
   0.08    4.98 ^ _8807_/Y (sky130_fd_sc_hd__nand2_1)
   0.23    5.21 v _8808_/Y (sky130_fd_sc_hd__nand3_1)
   0.22    5.43 ^ _8865_/Y (sky130_fd_sc_hd__nand2_1)
   0.20    5.62 v _8933_/Y (sky130_fd_sc_hd__nand3_1)
   0.45    6.07 ^ _8934_/Y (sky130_fd_sc_hd__a21oi_1)
   0.38    6.45 v _8935_/Y (sky130_fd_sc_hd__nand4_1)
   1.34    7.79 ^ _8943_/Y (sky130_fd_sc_hd__o21bai_1)
   0.38    8.16 v _9024_/Y (sky130_fd_sc_hd__nand3_1)
   0.42    8.58 ^ _9031_/Y (sky130_fd_sc_hd__nand2_1)
   0.22    8.81 v _9037_/Y (sky130_fd_sc_hd__nand3_1)
   0.77    9.57 ^ _9260_/Y (sky130_fd_sc_hd__nor4_1)
   0.21    9.78 v _9374_/Y (sky130_fd_sc_hd__o2111ai_1)
   2.26   12.04 ^ _9375_/Y (sky130_fd_sc_hd__nor3_1)
   1.10   13.13 v _9428_/Y (sky130_fd_sc_hd__nand4_1)
   0.00   13.14 v y[66] (out)
          13.14   data arrival time

  10.00   10.00   max_delay
   0.00   10.00   output external delay
          10.00   data required time
---------------------------------------------------------
          10.00   data required time
         -13.14   data arrival time
---------------------------------------------------------
          -3.14   slack (VIOLATED)


