Startpoint: a[12] (input port)
Endpoint: y[59] (output port)
Path Group: path delay
Path Type: max

  Delay    Time   Description
---------------------------------------------------------
   0.00    0.00 ^ input external delay
   0.00    0.00 ^ a[12] (in)
   0.71    0.71 v _15575_/Y (sky130_fd_sc_hd__clkinv_1)
   0.56    1.28 ^ _09059_/Y (sky130_fd_sc_hd__o2bb2ai_1)
   0.26    1.54 v _09061_/Y (sky130_fd_sc_hd__nand4_1)
   0.12    1.66 ^ _09340_/Y (sky130_fd_sc_hd__nand2_1)
   0.15    1.81 v _09353_/Y (sky130_fd_sc_hd__nand3_1)
   0.15    1.96 v _09355_/X (sky130_fd_sc_hd__o211a_1)
   0.93    2.89 ^ _09357_/Y (sky130_fd_sc_hd__o21ai_0)
   0.35    3.24 ^ _09555_/Y (sky130_fd_sc_hd__o2bb2ai_1)
   0.35    3.59 v _09557_/Y (sky130_fd_sc_hd__nand4_1)
   0.20    3.79 ^ _09712_/Y (sky130_fd_sc_hd__nand2_1)
   0.14    3.93 v _09713_/Y (sky130_fd_sc_hd__nand3_1)
   0.21    4.14 ^ _09729_/Y (sky130_fd_sc_hd__nand4_1)
   0.20    4.34 ^ _10240_/Y (sky130_fd_sc_hd__o2bb2ai_1)
   0.27    4.61 v _10243_/Y (sky130_fd_sc_hd__nand2_1)
   0.71    5.32 ^ _13178_/Y (sky130_fd_sc_hd__a31oi_1)
   0.35    5.67 v _13300_/Y (sky130_fd_sc_hd__nand3_1)
   0.19    5.86 ^ _13301_/Y (sky130_fd_sc_hd__nand2_1)
   0.12    5.98 v _13302_/Y (sky130_fd_sc_hd__nand3_1)
   0.51    6.49 ^ _13310_/Y (sky130_fd_sc_hd__nand2_1)
   0.28    6.77 v _13676_/Y (sky130_fd_sc_hd__nand4_1)
   0.30    7.06 ^ _13683_/Y (sky130_fd_sc_hd__nor2_1)
   0.12    7.18 v _13684_/Y (sky130_fd_sc_hd__nand3_1)
   0.10    7.28 ^ _13685_/Y (sky130_fd_sc_hd__nand2_1)
   0.11    7.39 v _13695_/Y (sky130_fd_sc_hd__nand4_1)
   2.07    9.46 ^ _13702_/Y (sky130_fd_sc_hd__nor3_1)
   1.11   10.57 v _13821_/Y (sky130_fd_sc_hd__nand4_1)
   0.01   10.58 v y[59] (out)
          10.58   data arrival time

  10.00   10.00   max_delay
   0.00   10.00   output external delay
          10.00   data required time
---------------------------------------------------------
          10.00   data required time
         -10.58   data arrival time
---------------------------------------------------------
          -0.58   slack (VIOLATED)


