OpenROAD 26Q3-1860-g0b54bb3203 
Features included (+) or not (-): +GPU +GUI +Python
This program is licensed under the BSD-3 license. See the LICENSE file for details.
Components of this program may be licensed under more restrictive licenses which must be honored.
[INFO ORD-0030] Using 2 thread(s).
[INFO ODB-0227] LEF file: /OpenROAD-flow-scripts/flow/platforms/sky130hd/lef/sky130_fd_sc_hd.tlef, created 13 layers, 25 vias
[INFO ODB-0227] LEF file: /OpenROAD-flow-scripts/flow/platforms/sky130hd/lef/sky130_fd_sc_hd_merged.lef, created 441 library cells
[INFO IFP-0107] Defining die area using utilization: 45.00% and aspect ratio: 1.
[WARNING IFP-0028] Core area lower left (5.000, 5.000) snapped to (5.060, 5.440).
[INFO IFP-0001] Added 106 rows of 631 site unithd.
[INFO IFP-0100] Die BBox:  (  0.000  0.000 ) ( 300.755 300.755 ) um
[INFO IFP-0101] Core BBox: (  5.060  5.440 ) ( 295.320 293.760 ) um
[INFO IFP-0102] Core area:                        83687.763 um^2
[INFO IFP-0103] Total instances area:             38042.736 um^2
[INFO IFP-0104] Effective utilization:                0.455
[INFO IFP-0105] Number of instances:                   7644
Found 0 macro blocks.
Using 2 tracks default min distance between IO pins.
[INFO PPL-0001] Number of available slots 1084
[INFO PPL-0002] Number of I/O             171
[INFO PPL-0003] Number of I/O w/sink      171
[INFO PPL-0004] Number of I/O w/o sink    0
[INFO PPL-0005] Slots per section         200
[INFO PPL-0008] Successfully assigned pins to sections.
[INFO PPL-0012] I/O nets HPWL: 35656.50 um.
[INFO GPL-0001] ---- Initialize GPL Main Data Structures
[INFO GPL-0002] DBU: 1000
[INFO GPL-0003] SiteSize: (  0.460  2.720 ) um
[INFO GPL-0004] CoreBBox: (  5.060  5.440 ) ( 295.320 293.760 ) um
[INFO GPL-0016] Core area:                   83687.763 um^2
[INFO GPL-0036] Movable instances area:      38042.736 um^2
[INFO GPL-0037] Total instances area:        38042.736 um^2
[INFO GPL-0035] Pin density area adjust:      1820.396 um^2
[INFO GPL-0032] ---- Initialize Region: Top-level
[INFO GPL-0006] Number of instances:              7644
[INFO GPL-0007] Movable instances:                7644
[INFO GPL-0008] Fixed instances:                     0
[INFO GPL-0009] Dummy instances:                     0
[INFO GPL-0010] Number of nets:                   9862
[INFO GPL-0011] Number of pins:                  28136
[INFO GPL-0012] Die BBox:       (  0.000  0.000 ) ( 300.755 300.755 ) um
[INFO GPL-0013] Placement BBox: (  5.060  5.440 ) ( 295.320 293.760 ) um
[INFO GPL-0014] Region name: top-level.
[INFO GPL-0015] Region area:                 83687.763 um^2
[INFO GPL-0017] Fixed instances area:            0.000 um^2
[INFO GPL-0018] Movable instances area:      39863.132 um^2
[INFO GPL-0019] Utilization:                    47.633 %
[INFO GPL-0020] Standard cells area:         39863.132 um^2
[INFO GPL-0021] Large instances area:            0.000 um^2
[INFO GPL-0005] ---- Execute Conjugate Gradient Initial Placement.
[INFO GPL-0051] Source of initial instance position counters:
	Odb location = 0	Core center = 7644	Region center = 0
[InitialPlace]  Iter: 1 conjugate gradient residual: 0.00041529 HPWL: 64820050
[InitialPlace]  Iter: 2 conjugate gradient residual: 0.00000341 HPWL: 52266613
[InitialPlace]  Iter: 3 conjugate gradient residual: 0.00000341 HPWL: 52195085
[InitialPlace]  Iter: 4 conjugate gradient residual: 0.00000341 HPWL: 52228191
[InitialPlace]  Iter: 5 conjugate gradient residual: 0.00000490 HPWL: 52193826
[INFO GPL-0033] ---- Initialize Nesterov Region: Top-level
[INFO GPL-0023] Placement target density:       0.5500
[INFO GPL-0024] Movable insts average area:      5.215 um^2
[INFO GPL-0025] Ideal bin area:                  9.482 um^2
[INFO GPL-0026] Ideal bin count:                  8826
[INFO GPL-0027] Total bin area:              83687.763 um^2
[INFO GPL-0028] Bin count (X, Y):          64 ,     64
[INFO GPL-0029] Bin size (W * H):       4.535 *  4.505 um
[INFO GPL-0030] Number of bins:                   4096
[INFO GPL-0084] ---- Execute Nesterov Global Placement.
[INFO GPL-0031] HPWL: Half-Perimeter Wirelength
Iteration | Overflow |     HPWL (um) |  HPWL(%) |   Penalty | Group
---------------------------------------------------------------
        0 |   0.9937 |  2.088323e+04 |   +0.00% |  3.02e-16 |      
       10 |   0.9872 |  2.516664e+04 |  +20.51% |  4.92e-16 |      
       20 |   0.9869 |  2.620359e+04 |   +4.12% |  8.01e-16 |      
       30 |   0.9869 |  2.646787e+04 |   +1.01% |  1.30e-15 |      
       40 |   0.9869 |  2.655080e+04 |   +0.31% |  2.12e-15 |      
       50 |   0.9869 |  2.646632e+04 |   -0.32% |  3.46e-15 |      
       60 |   0.9869 |  2.638035e+04 |   -0.32% |  5.64e-15 |      
       70 |   0.9869 |  2.635783e+04 |   -0.09% |  9.18e-15 |      
       80 |   0.9869 |  2.638564e+04 |   +0.11% |  1.50e-14 |      
       90 |   0.9869 |  2.642172e+04 |   +0.14% |  2.44e-14 |      
      100 |   0.9868 |  2.644051e+04 |   +0.07% |  3.97e-14 |      
      110 |   0.9868 |  2.646139e+04 |   +0.08% |  6.46e-14 |      
      120 |   0.9866 |  2.653709e+04 |   +0.29% |  1.05e-13 |      
      130 |   0.9861 |  2.672078e+04 |   +0.69% |  1.72e-13 |      
      140 |   0.9859 |  2.706870e+04 |   +1.30% |  2.79e-13 |      
      150 |   0.9853 |  2.767534e+04 |   +2.24% |  4.55e-13 |      
      160 |   0.9846 |  2.865524e+04 |   +3.54% |  7.41e-13 |      
      170 |   0.9824 |  3.017065e+04 |   +5.29% |  1.21e-12 |      
      180 |   0.9786 |  3.244801e+04 |   +7.55% |  1.97e-12 |      
      190 |   0.9713 |  3.554408e+04 |   +9.54% |  3.20e-12 |      
      200 |   0.9621 |  3.944635e+04 |  +10.98% |  5.21e-12 |      
      210 |   0.9497 |  4.443665e+04 |  +12.65% |  8.49e-12 |      
      220 |   0.9331 |  5.056555e+04 |  +13.79% |  1.38e-11 |      
      230 |   0.9110 |  5.734577e+04 |  +13.41% |  2.25e-11 |      
      240 |   0.8857 |  6.477746e+04 |  +12.96% |  3.66e-11 |      
      250 |   0.8524 |  7.265567e+04 |  +12.16% |  5.96e-11 |      
      260 |   0.8166 |  8.072410e+04 |  +11.11% |  9.69e-11 |      
      270 |   0.7782 |  8.844814e+04 |   +9.57% |  1.58e-10 |      
      280 |   0.7380 |  9.505290e+04 |   +7.47% |  2.57e-10 |      
      290 |   0.6950 |  1.003185e+05 |   +5.54% |  4.18e-10 |      
      300 |   0.6523 |  1.040501e+05 |   +3.72% |  6.81e-10 |      
      310 |   0.6106 |  1.065266e+05 |   +2.38% |  1.11e-09 |      
      320 |   0.5675 |  1.097349e+05 |   +3.01% |  1.80e-09 |      
      330 |   0.5261 |  1.134487e+05 |   +3.38% |  2.94e-09 |      
      340 |   0.4814 |  1.161129e+05 |   +2.35% |  4.78e-09 |      
      350 |   0.4348 |  1.179799e+05 |   +1.61% |  7.79e-09 |      
      360 |   0.3937 |  1.204896e+05 |   +2.13% |  1.27e-08 |      
      370 |   0.3518 |  1.240952e+05 |   +2.99% |  2.07e-08 |      
      380 |   0.3253 |  1.247912e+05 |   +0.56% |  3.20e-08 |      
      390 |   0.3071 |  1.253007e+05 |   +0.41% |  4.71e-08 |      
      400 |   0.2856 |  1.261581e+05 |   +0.68% |  6.94e-08 |      
      410 |   0.2613 |  1.265636e+05 |   +0.32% |  1.02e-07 |      
      420 |   0.2385 |  1.269332e+05 |   +0.29% |  1.51e-07 |      
      430 |   0.2134 |  1.271657e+05 |   +0.18% |  2.22e-07 |      
      440 |   0.1917 |  1.275133e+05 |   +0.27% |  3.27e-07 |      
      450 |   0.1715 |  1.279204e+05 |   +0.32% |  4.82e-07 |      
      460 |   0.1511 |  1.282441e+05 |   +0.25% |  7.10e-07 |      
      470 |   0.1323 |  1.286940e+05 |   +0.35% |  1.05e-06 |      
      480 |   0.1133 |  1.290425e+05 |   +0.27% |  1.54e-06 |      
      489 |   0.0981 |  1.294374e+05 |          |  2.27e-06 |      
---------------------------------------------------------------
[INFO GPL-1001] Global placement finished at iteration 489
[INFO GPL-1002] Placed Cell Area            39863.1320
[INFO GPL-1003] Available Free Area         83687.7632
[INFO GPL-1004] Minimum Feasible Density        0.4800 (cell_area / free_area)
[INFO GPL-1006]   Suggested Target Densities:
[INFO GPL-1007]     - For 90% usage of free space: 0.5293
[INFO GPL-1008]     - For 80% usage of free space: 0.5954
[INFO GPL-1009]     - For 50% usage of free space: 0.9527
[INFO GPL-1014] Final placement area: 39863.13 (+0.00%)
[INFO GPL-1018] Final HPWL (um): 129544.41
[INFO DPL-0006] Core area: 83687.76 um^2
[INFO DPL-0007] Movable instances area: 38042.74 um^2
[INFO DPL-0008] Fixed instances area within core: 0.00 um^2
[INFO DPL-0009] Utilization: 45.5%
[INFO DPL-0005] Diamond search max displacement: +/- 500 sites horizontally, +/- 100 rows vertically.
[INFO DPL-1102] Legalizing using negotiation legalizer.
[INFO DPL-1103] Negotiation base search window: +/-20 sites horizontally, +/-5 rows vertically 
	Automatic search window extension enabled.
	Search window extendable up to the max displacement cap of +/-500 sites, +/-100 rows near walls.
[INFO DPL-1104] NegotiationLegalizer DRC penalty: 5.
[INFO DPL-0392] Negotiation cell height distribution (1 unique row-count(s)):
[INFO DPL-0393]   height 1 row(s): 7644 cells
          |      Total |  Illegal |  Illegal
Iteration | Violations |    Cells |    Sites
---------------------------------------------
        0 |       1438 |       590 |       845
        1 |          4 |         2 |         2
        2 |          0 |         0 |         0
Negotiation phase 1 converged at iteration 2.
[INFO DPL-0500] Runtime: 0.18s
Placement Analysis
---------------------------------
total displacement      20609.0 u
average displacement        2.7 u
max displacement            8.3 u
original HPWL          129544.4 u
legalized HPWL         143415.5 u
delta HPWL                   11 %

Design area 38043 um^2 45% utilization.
