Startpoint: a[3] (input port)
Endpoint: y[54] (output port)
Path Group: path delay
Path Type: max

  Delay    Time   Description
---------------------------------------------------------
   0.00    0.00 v input external delay
   0.00    0.00 v a[3] (in)
   0.31    0.31 ^ _11590_/Y (sky130_fd_sc_hd__nand4_1)
   0.14    0.45 v _13057_/Y (sky130_fd_sc_hd__nand2_1)
   0.22    0.67 ^ _13061_/Y (sky130_fd_sc_hd__o211ai_1)
   0.30    0.97 v _13074_/Y (sky130_fd_sc_hd__nand3_1)
   0.19    1.17 ^ _06592_/Y (sky130_fd_sc_hd__nand2_1)
   0.16    1.32 v _06594_/Y (sky130_fd_sc_hd__nand3_1)
   0.24    1.56 ^ _06595_/Y (sky130_fd_sc_hd__nand4_1)
   0.27    1.83 v _06596_/Y (sky130_fd_sc_hd__nand3_1)
   0.25    2.08 ^ _06618_/Y (sky130_fd_sc_hd__nand3_1)
   0.34    2.42 v _06705_/Y (sky130_fd_sc_hd__nand4_1)
   0.30    2.72 v _06796_/Y (sky130_fd_sc_hd__o2bb2ai_1)
   0.21    2.93 ^ _07415_/Y (sky130_fd_sc_hd__nand2_1)
   0.17    3.11 v _07429_/Y (sky130_fd_sc_hd__nand4_1)
   0.23    3.34 ^ _07430_/Y (sky130_fd_sc_hd__nand3_1)
   0.08    3.42 v _07815_/Y (sky130_fd_sc_hd__nand2_1)
   0.41    3.83 ^ _07817_/Y (sky130_fd_sc_hd__nand2_1)
   0.44    4.27 v _07818_/Y (sky130_fd_sc_hd__nand4_1)
   0.61    4.89 ^ _07819_/Y (sky130_fd_sc_hd__nor3_1)
   0.25    5.14 v _07853_/Y (sky130_fd_sc_hd__nand4_1)
   0.66    5.80 ^ _07854_/Y (sky130_fd_sc_hd__nor3_1)
   0.44    6.24 v _07963_/Y (sky130_fd_sc_hd__nand4_1)
   0.90    7.14 ^ _07965_/Y (sky130_fd_sc_hd__nor3_1)
   0.34    7.48 v _07970_/Y (sky130_fd_sc_hd__nand4_1)
   0.27    7.75 ^ _08041_/Y (sky130_fd_sc_hd__o21ai_0)
   0.11    7.87 v _08049_/Y (sky130_fd_sc_hd__nand3_1)
   2.12    9.98 ^ _08050_/Y (sky130_fd_sc_hd__nor3_1)
   1.03   11.01 v _08158_/Y (sky130_fd_sc_hd__nand4_1)
   0.01   11.02 v y[54] (out)
          11.02   data arrival time

  10.00   10.00   max_delay
   0.00   10.00   output external delay
          10.00   data required time
---------------------------------------------------------
          10.00   data required time
         -11.02   data arrival time
---------------------------------------------------------
          -1.02   slack (VIOLATED)


