Startpoint: a[9] (input port)
Endpoint: y[68] (output port)
Path Group: path delay
Path Type: max

  Delay    Time   Description
---------------------------------------------------------
   0.00    0.00 ^ input external delay
   0.00    0.00 ^ a[9] (in)
   0.79    0.79 v _12657_/Y (sky130_fd_sc_hd__clkinv_1)
   0.79    1.58 ^ _07785_/Y (sky130_fd_sc_hd__o2bb2ai_1)
   0.36    1.94 v _07789_/Y (sky130_fd_sc_hd__nand4_1)
   0.22    2.16 ^ _07815_/Y (sky130_fd_sc_hd__nand3_1)
   0.19    2.34 v _07819_/Y (sky130_fd_sc_hd__nand3_1)
   0.17    2.52 ^ _08025_/Y (sky130_fd_sc_hd__nand3_1)
   0.17    2.68 v _08026_/Y (sky130_fd_sc_hd__nand3_1)
   0.59    3.27 ^ _08111_/Y (sky130_fd_sc_hd__a21boi_0)
   0.30    3.57 v _08363_/Y (sky130_fd_sc_hd__nand3_1)
   0.22    3.80 v _08378_/Y (sky130_fd_sc_hd__o2bb2ai_1)
   0.08    3.88 ^ _08391_/Y (sky130_fd_sc_hd__nand2_1)
   0.12    4.00 v _08423_/Y (sky130_fd_sc_hd__nand3_1)
   0.64    4.64 ^ _08647_/Y (sky130_fd_sc_hd__a2bb2oi_1)
   0.50    5.14 v _08648_/Y (sky130_fd_sc_hd__a21oi_1)
   1.10    6.24 ^ _08653_/Y (sky130_fd_sc_hd__o21ai_0)
   0.57    6.81 v _08660_/Y (sky130_fd_sc_hd__a21oi_1)
   0.45    7.26 ^ _11459_/Y (sky130_fd_sc_hd__a21oi_1)
   0.12    7.38 v _11460_/Y (sky130_fd_sc_hd__nor3_1)
   0.78    8.16 ^ _11461_/Y (sky130_fd_sc_hd__nor2_1)
   0.16    8.32 v _11467_/Y (sky130_fd_sc_hd__nand3_1)
   0.34    8.66 ^ _11468_/Y (sky130_fd_sc_hd__nor2_1)
   0.14    8.80 v _11637_/Y (sky130_fd_sc_hd__nand3_1)
   0.20    9.00 ^ _11638_/Y (sky130_fd_sc_hd__a22oi_1)
   0.13    9.13 v _11646_/Y (sky130_fd_sc_hd__nand4_1)
   2.16   11.29 ^ _11647_/Y (sky130_fd_sc_hd__nor3_1)
   1.04   12.33 v _11734_/Y (sky130_fd_sc_hd__nand4_1)
   0.00   12.33 v y[68] (out)
          12.33   data arrival time

  10.00   10.00   max_delay
   0.00   10.00   output external delay
          10.00   data required time
---------------------------------------------------------
          10.00   data required time
         -12.33   data arrival time
---------------------------------------------------------
          -2.33   slack (VIOLATED)


