OpenROAD 26Q3-1860-g0b54bb3203 
Features included (+) or not (-): +GPU +GUI +Python
This program is licensed under the BSD-3 license. See the LICENSE file for details.
Components of this program may be licensed under more restrictive licenses which must be honored.
[INFO ORD-0030] Using 2 thread(s).
[INFO ODB-0227] LEF file: /OpenROAD-flow-scripts/flow/platforms/sky130hd/lef/sky130_fd_sc_hd.tlef, created 13 layers, 25 vias
[INFO ODB-0227] LEF file: /OpenROAD-flow-scripts/flow/platforms/sky130hd/lef/sky130_fd_sc_hd_merged.lef, created 441 library cells
[INFO IFP-0107] Defining die area using utilization: 45.00% and aspect ratio: 1.
[WARNING IFP-0028] Core area lower left (5.000, 5.000) snapped to (5.060, 5.440).
[INFO IFP-0001] Added 76 rows of 453 site unithd.
[INFO IFP-0100] Die BBox:  (  0.000  0.000 ) ( 218.760 218.760 ) um
[INFO IFP-0101] Core BBox: (  5.060  5.440 ) ( 213.440 212.160 ) um
[INFO IFP-0102] Core area:                        43076.314 um^2
[INFO IFP-0103] Total instances area:             19611.309 um^2
[INFO IFP-0104] Effective utilization:                0.455
[INFO IFP-0105] Number of instances:                   2973
Found 0 macro blocks.
Using 2 tracks default min distance between IO pins.
[INFO PPL-0001] Number of available slots 786
[INFO PPL-0002] Number of I/O             171
[INFO PPL-0003] Number of I/O w/sink      171
[INFO PPL-0004] Number of I/O w/o sink    0
[INFO PPL-0005] Slots per section         200
[INFO PPL-0008] Successfully assigned pins to sections.
[INFO PPL-0012] I/O nets HPWL: 27348.38 um.
[INFO GPL-0001] ---- Initialize GPL Main Data Structures
[INFO GPL-0002] DBU: 1000
[INFO GPL-0003] SiteSize: (  0.460  2.720 ) um
[INFO GPL-0004] CoreBBox: (  5.060  5.440 ) ( 213.440 212.160 ) um
[INFO GPL-0016] Core area:                   43076.314 um^2
[INFO GPL-0036] Movable instances area:      19611.309 um^2
[INFO GPL-0037] Total instances area:        19611.309 um^2
[INFO GPL-0035] Pin density area adjust:      1803.902 um^2
[INFO GPL-0032] ---- Initialize Region: Top-level
[INFO GPL-0006] Number of instances:              2973
[INFO GPL-0007] Movable instances:                2973
[INFO GPL-0008] Fixed instances:                     0
[INFO GPL-0009] Dummy instances:                     0
[INFO GPL-0010] Number of nets:                   5123
[INFO GPL-0011] Number of pins:                  10492
[INFO GPL-0012] Die BBox:       (  0.000  0.000 ) ( 218.760 218.760 ) um
[INFO GPL-0013] Placement BBox: (  5.060  5.440 ) ( 213.440 212.160 ) um
[INFO GPL-0014] Region name: top-level.
[INFO GPL-0015] Region area:                 43076.314 um^2
[INFO GPL-0017] Fixed instances area:            0.000 um^2
[INFO GPL-0018] Movable instances area:      21415.211 um^2
[INFO GPL-0019] Utilization:                    49.715 %
[INFO GPL-0020] Standard cells area:         21415.211 um^2
[INFO GPL-0021] Large instances area:            0.000 um^2
[INFO GPL-0005] ---- Execute Conjugate Gradient Initial Placement.
[INFO GPL-0051] Source of initial instance position counters:
	Odb location = 0	Core center = 2973	Region center = 0
[InitialPlace]  Iter: 1 conjugate gradient residual: 0.00000329 HPWL: 70597980
[InitialPlace]  Iter: 2 conjugate gradient residual: 0.00000038 HPWL: 33512800
[InitialPlace]  Iter: 3 conjugate gradient residual: 0.00000011 HPWL: 30727561
[InitialPlace]  Iter: 4 conjugate gradient residual: 0.00000012 HPWL: 30654824
[InitialPlace]  Iter: 5 conjugate gradient residual: 0.00000012 HPWL: 30589427
[INFO GPL-0033] ---- Initialize Nesterov Region: Top-level
[INFO GPL-0023] Placement target density:       0.5500
[INFO GPL-0024] Movable insts average area:      7.203 um^2
[INFO GPL-0025] Ideal bin area:                 13.097 um^2
[INFO GPL-0026] Ideal bin count:                  3289
[INFO GPL-0027] Total bin area:              43076.314 um^2
[INFO GPL-0028] Bin count (X, Y):          32 ,     32
[INFO GPL-0029] Bin size (W * H):       6.512 *  6.460 um
[INFO GPL-0030] Number of bins:                   1024
[INFO GPL-0084] ---- Execute Nesterov Global Placement.
[INFO GPL-0031] HPWL: Half-Perimeter Wirelength
Iteration | Overflow |     HPWL (um) |  HPWL(%) |   Penalty | Group
---------------------------------------------------------------
        0 |   0.9740 |  1.746037e+04 |   +0.00% |  1.30e-15 |      
       10 |   0.9229 |  2.301308e+04 |  +31.80% |  2.12e-15 |      
       20 |   0.9144 |  2.429658e+04 |   +5.58% |  3.45e-15 |      
       30 |   0.9118 |  2.439728e+04 |   +0.41% |  5.61e-15 |      
       40 |   0.9113 |  2.415015e+04 |   -1.01% |  9.15e-15 |      
       50 |   0.9105 |  2.416351e+04 |   +0.06% |  1.49e-14 |      
       60 |   0.9098 |  2.425863e+04 |   +0.39% |  2.43e-14 |      
       70 |   0.9097 |  2.424339e+04 |   -0.06% |  3.95e-14 |      
       80 |   0.9097 |  2.419516e+04 |   -0.20% |  6.44e-14 |      
       90 |   0.9098 |  2.420364e+04 |   +0.04% |  1.05e-13 |      
      100 |   0.9097 |  2.424059e+04 |   +0.15% |  1.71e-13 |      
      110 |   0.9095 |  2.426683e+04 |   +0.11% |  2.78e-13 |      
      120 |   0.9090 |  2.431838e+04 |   +0.21% |  4.53e-13 |      
      130 |   0.9081 |  2.442497e+04 |   +0.44% |  7.38e-13 |      
      140 |   0.9066 |  2.458932e+04 |   +0.67% |  1.20e-12 |      
      150 |   0.9040 |  2.484082e+04 |   +1.02% |  1.96e-12 |      
      160 |   0.9013 |  2.524459e+04 |   +1.63% |  3.19e-12 |      
      170 |   0.8963 |  2.588544e+04 |   +2.54% |  5.20e-12 |      
      180 |   0.8891 |  2.682422e+04 |   +3.63% |  8.46e-12 |      
      190 |   0.8773 |  2.815508e+04 |   +4.96% |  1.38e-11 |      
      200 |   0.8606 |  2.988438e+04 |   +6.14% |  2.25e-11 |      
      210 |   0.8431 |  3.191757e+04 |   +6.80% |  3.66e-11 |      
      220 |   0.8200 |  3.419727e+04 |   +7.14% |  5.95e-11 |      
      230 |   0.7940 |  3.673584e+04 |   +7.42% |  9.70e-11 |      
      240 |   0.7591 |  3.947390e+04 |   +7.45% |  1.58e-10 |      
      250 |   0.7271 |  4.220565e+04 |   +6.92% |  2.57e-10 |      
      260 |   0.6854 |  4.497468e+04 |   +6.56% |  4.19e-10 |      
      270 |   0.6420 |  4.713813e+04 |   +4.81% |  6.82e-10 |      
      280 |   0.5927 |  4.865861e+04 |   +3.23% |  1.11e-09 |      
      290 |   0.5407 |  4.919089e+04 |   +1.09% |  1.81e-09 |      
      300 |   0.4937 |  5.025450e+04 |   +2.16% |  2.95e-09 |      
      310 |   0.4448 |  5.154836e+04 |   +2.57% |  4.80e-09 |      
      320 |   0.4076 |  5.144321e+04 |   -0.20% |  7.81e-09 |      
      330 |   0.3659 |  5.126361e+04 |   -0.35% |  1.27e-08 |      
      340 |   0.3146 |  5.168783e+04 |   +0.83% |  1.97e-08 |      
      350 |   0.2857 |  5.157349e+04 |   -0.22% |  2.90e-08 |      
      360 |   0.2536 |  5.169410e+04 |   +0.23% |  4.28e-08 |      
      370 |   0.2219 |  5.184173e+04 |   +0.29% |  6.30e-08 |      
      380 |   0.1950 |  5.192589e+04 |   +0.16% |  9.29e-08 |      
      390 |   0.1701 |  5.199998e+04 |   +0.14% |  1.37e-07 |      
      400 |   0.1438 |  5.194293e+04 |   -0.11% |  2.02e-07 |      
      410 |   0.1265 |  5.195221e+04 |   +0.02% |  2.97e-07 |      
      420 |   0.1082 |  5.191618e+04 |   -0.07% |  4.37e-07 |      
      425 |   0.0999 |  5.193934e+04 |          |  5.52e-07 |      
---------------------------------------------------------------
[INFO GPL-1001] Global placement finished at iteration 425
[INFO GPL-1002] Placed Cell Area            21415.2106
[INFO GPL-1003] Available Free Area         43076.3136
[INFO GPL-1004] Minimum Feasible Density        0.5000 (cell_area / free_area)
[INFO GPL-1006]   Suggested Target Densities:
[INFO GPL-1007]     - For 90% usage of free space: 0.5524
[INFO GPL-1008]     - For 80% usage of free space: 0.6214
[INFO GPL-1009]     - For 50% usage of free space: 0.9943
[INFO GPL-1014] Final placement area: 21415.21 (+0.00%)
[INFO GPL-1018] Final HPWL (um): 52032.02
[INFO DPL-0006] Core area: 43076.31 um^2
[INFO DPL-0007] Movable instances area: 19611.31 um^2
[INFO DPL-0008] Fixed instances area within core: 0.00 um^2
[INFO DPL-0009] Utilization: 45.5%
[INFO DPL-0005] Diamond search max displacement: +/- 500 sites horizontally, +/- 100 rows vertically.
[INFO DPL-1102] Legalizing using negotiation legalizer.
[INFO DPL-1103] Negotiation base search window: +/-20 sites horizontally, +/-5 rows vertically 
	Automatic search window extension enabled.
	Search window extendable up to the max displacement cap of +/-500 sites, +/-100 rows near walls.
[INFO DPL-1104] NegotiationLegalizer DRC penalty: 5.
[INFO DPL-0392] Negotiation cell height distribution (1 unique row-count(s)):
[INFO DPL-0393]   height 1 row(s): 2973 cells
          |      Total |  Illegal |  Illegal
Iteration | Violations |    Cells |    Sites
---------------------------------------------
        0 |       1035 |       327 |       699
        1 |          4 |         2 |         2
        2 |          0 |         0 |         0
Negotiation phase 1 converged at iteration 2.
[INFO DPL-0500] Runtime: 0.13s
Placement Analysis
---------------------------------
total displacement       8382.4 u
average displacement        2.8 u
max displacement           10.5 u
original HPWL           52032.0 u
legalized HPWL          58742.0 u
delta HPWL                   13 %

Design area 19611 um^2 46% utilization.
