OpenROAD 26Q3-1860-g0b54bb3203 
Features included (+) or not (-): +GPU +GUI +Python
This program is licensed under the BSD-3 license. See the LICENSE file for details.
Components of this program may be licensed under more restrictive licenses which must be honored.
[INFO ORD-0030] Using 2 thread(s).
[INFO ODB-0227] LEF file: /OpenROAD-flow-scripts/flow/platforms/sky130hd/lef/sky130_fd_sc_hd.tlef, created 13 layers, 25 vias
[INFO ODB-0227] LEF file: /OpenROAD-flow-scripts/flow/platforms/sky130hd/lef/sky130_fd_sc_hd_merged.lef, created 441 library cells
[INFO IFP-0107] Defining die area using utilization: 45.00% and aspect ratio: 1.
[WARNING IFP-0028] Core area lower left (5.000, 5.000) snapped to (5.060, 5.440).
[INFO IFP-0001] Added 84 rows of 500 site unithd.
[INFO IFP-0100] Die BBox:  (  0.000  0.000 ) ( 240.305 240.305 ) um
[INFO IFP-0101] Core BBox: (  5.060  5.440 ) ( 235.060 233.920 ) um
[INFO IFP-0102] Core area:                        52550.400 um^2
[INFO IFP-0103] Total instances area:             23867.891 um^2
[INFO IFP-0104] Effective utilization:                0.454
[INFO IFP-0105] Number of instances:                   4718
Found 0 macro blocks.
Using 2 tracks default min distance between IO pins.
[INFO PPL-0001] Number of available slots 864
[INFO PPL-0002] Number of I/O             171
[INFO PPL-0003] Number of I/O w/sink      171
[INFO PPL-0004] Number of I/O w/o sink    0
[INFO PPL-0005] Slots per section         200
[INFO PPL-0008] Successfully assigned pins to sections.
[INFO PPL-0012] I/O nets HPWL: 30487.72 um.
[INFO GPL-0001] ---- Initialize GPL Main Data Structures
[INFO GPL-0002] DBU: 1000
[INFO GPL-0003] SiteSize: (  0.460  2.720 ) um
[INFO GPL-0004] CoreBBox: (  5.060  5.440 ) ( 235.060 233.920 ) um
[INFO GPL-0016] Core area:                   52550.400 um^2
[INFO GPL-0036] Movable instances area:      23867.891 um^2
[INFO GPL-0037] Total instances area:        23867.891 um^2
[INFO GPL-0035] Pin density area adjust:      1970.936 um^2
[INFO GPL-0032] ---- Initialize Region: Top-level
[INFO GPL-0006] Number of instances:              4718
[INFO GPL-0007] Movable instances:                4718
[INFO GPL-0008] Fixed instances:                     0
[INFO GPL-0009] Dummy instances:                     0
[INFO GPL-0010] Number of nets:                   6868
[INFO GPL-0011] Number of pins:                  16554
[INFO GPL-0012] Die BBox:       (  0.000  0.000 ) ( 240.305 240.305 ) um
[INFO GPL-0013] Placement BBox: (  5.060  5.440 ) ( 235.060 233.920 ) um
[INFO GPL-0014] Region name: top-level.
[INFO GPL-0015] Region area:                 52550.400 um^2
[INFO GPL-0017] Fixed instances area:            0.000 um^2
[INFO GPL-0018] Movable instances area:      25838.827 um^2
[INFO GPL-0019] Utilization:                    49.170 %
[INFO GPL-0020] Standard cells area:         25838.827 um^2
[INFO GPL-0021] Large instances area:            0.000 um^2
[INFO GPL-0005] ---- Execute Conjugate Gradient Initial Placement.
[INFO GPL-0051] Source of initial instance position counters:
	Odb location = 0	Core center = 4718	Region center = 0
[InitialPlace]  Iter: 1 conjugate gradient residual: 0.00005303 HPWL: 44818790
[InitialPlace]  Iter: 2 conjugate gradient residual: 0.00000043 HPWL: 36579302
[InitialPlace]  Iter: 3 conjugate gradient residual: 0.00000026 HPWL: 36574533
[InitialPlace]  Iter: 4 conjugate gradient residual: 0.00000073 HPWL: 36592577
[InitialPlace]  Iter: 5 conjugate gradient residual: 0.00000011 HPWL: 36577673
[INFO GPL-0033] ---- Initialize Nesterov Region: Top-level
[INFO GPL-0023] Placement target density:       0.5500
[INFO GPL-0024] Movable insts average area:      5.477 um^2
[INFO GPL-0025] Ideal bin area:                  9.958 um^2
[INFO GPL-0026] Ideal bin count:                  5277
[INFO GPL-0027] Total bin area:              52550.400 um^2
[INFO GPL-0028] Bin count (X, Y):          64 ,     64
[INFO GPL-0029] Bin size (W * H):       3.594 *  3.570 um
[INFO GPL-0030] Number of bins:                   4096
[INFO GPL-0084] ---- Execute Nesterov Global Placement.
[INFO GPL-0031] HPWL: Half-Perimeter Wirelength
Iteration | Overflow |     HPWL (um) |  HPWL(%) |   Penalty | Group
---------------------------------------------------------------
        0 |   0.9900 |  1.777563e+04 |   +0.00% |  4.33e-16 |      
       10 |   0.9826 |  2.180327e+04 |  +22.66% |  7.05e-16 |      
       20 |   0.9817 |  2.259128e+04 |   +3.61% |  1.15e-15 |      
       30 |   0.9814 |  2.275962e+04 |   +0.75% |  1.87e-15 |      
       40 |   0.9811 |  2.287866e+04 |   +0.52% |  3.05e-15 |      
       50 |   0.9811 |  2.285915e+04 |   -0.09% |  4.96e-15 |      
       60 |   0.9812 |  2.279468e+04 |   -0.28% |  8.08e-15 |      
       70 |   0.9812 |  2.277719e+04 |   -0.08% |  1.32e-14 |      
       80 |   0.9812 |  2.281814e+04 |   +0.18% |  2.15e-14 |      
       90 |   0.9811 |  2.286578e+04 |   +0.21% |  3.49e-14 |      
      100 |   0.9811 |  2.289273e+04 |   +0.12% |  5.69e-14 |      
      110 |   0.9810 |  2.290921e+04 |   +0.07% |  9.27e-14 |      
      120 |   0.9810 |  2.294969e+04 |   +0.18% |  1.51e-13 |      
      130 |   0.9808 |  2.305024e+04 |   +0.44% |  2.46e-13 |      
      140 |   0.9804 |  2.324773e+04 |   +0.86% |  4.01e-13 |      
      150 |   0.9794 |  2.360377e+04 |   +1.53% |  6.53e-13 |      
      160 |   0.9779 |  2.422829e+04 |   +2.65% |  1.06e-12 |      
      170 |   0.9752 |  2.525518e+04 |   +4.24% |  1.73e-12 |      
      180 |   0.9704 |  2.681133e+04 |   +6.16% |  2.82e-12 |      
      190 |   0.9625 |  2.884678e+04 |   +7.59% |  4.59e-12 |      
      200 |   0.9520 |  3.133918e+04 |   +8.64% |  7.48e-12 |      
      210 |   0.9372 |  3.437063e+04 |   +9.67% |  1.22e-11 |      
      220 |   0.9170 |  3.805433e+04 |  +10.72% |  1.98e-11 |      
      230 |   0.8931 |  4.222288e+04 |  +10.95% |  3.23e-11 |      
      240 |   0.8655 |  4.655621e+04 |  +10.26% |  5.26e-11 |      
      250 |   0.8333 |  5.113083e+04 |   +9.83% |  8.56e-11 |      
      260 |   0.7984 |  5.586388e+04 |   +9.26% |  1.39e-10 |      
      270 |   0.7558 |  6.053429e+04 |   +8.36% |  2.27e-10 |      
      280 |   0.7106 |  6.464444e+04 |   +6.79% |  3.69e-10 |      
      290 |   0.6648 |  6.782724e+04 |   +4.92% |  6.01e-10 |      
      300 |   0.6165 |  7.013968e+04 |   +3.41% |  9.79e-10 |      
      310 |   0.5730 |  7.225381e+04 |   +3.01% |  1.59e-09 |      
      320 |   0.5285 |  7.550267e+04 |   +4.50% |  2.60e-09 |      
      330 |   0.4829 |  7.727885e+04 |   +2.35% |  4.23e-09 |      
      340 |   0.4362 |  7.749466e+04 |   +0.28% |  6.89e-09 |      
      350 |   0.3959 |  7.775337e+04 |   +0.33% |  1.12e-08 |      
      360 |   0.3552 |  7.975334e+04 |   +2.57% |  1.83e-08 |      
      370 |   0.3351 |  8.050616e+04 |   +0.94% |  2.77e-08 |      
      380 |   0.3148 |  8.063590e+04 |   +0.16% |  4.09e-08 |      
      390 |   0.2901 |  8.139955e+04 |   +0.95% |  6.02e-08 |      
      400 |   0.2683 |  8.143670e+04 |   +0.05% |  8.87e-08 |      
      410 |   0.2460 |  8.174892e+04 |   +0.38% |  1.31e-07 |      
      420 |   0.2268 |  8.198981e+04 |   +0.29% |  1.92e-07 |      
      430 |   0.2072 |  8.221918e+04 |   +0.28% |  2.83e-07 |      
      440 |   0.1882 |  8.242598e+04 |   +0.25% |  4.18e-07 |      
      450 |   0.1716 |  8.268100e+04 |   +0.31% |  6.15e-07 |      
      460 |   0.1539 |  8.298293e+04 |   +0.37% |  9.06e-07 |      
      470 |   0.1348 |  8.329176e+04 |   +0.37% |  1.33e-06 |      
      480 |   0.1152 |  8.349541e+04 |   +0.24% |  1.97e-06 |      
      490 |   0.0999 |  8.385986e+04 |   +0.44% |  2.90e-06 |      
      490 |   0.0999 |  8.385986e+04 |          |  3.01e-06 |      
---------------------------------------------------------------
[INFO GPL-1001] Global placement finished at iteration 490
[INFO GPL-1002] Placed Cell Area            25838.8270
[INFO GPL-1003] Available Free Area         52550.4000
[INFO GPL-1004] Minimum Feasible Density        0.5000 (cell_area / free_area)
[INFO GPL-1006]   Suggested Target Densities:
[INFO GPL-1007]     - For 90% usage of free space: 0.5463
[INFO GPL-1008]     - For 80% usage of free space: 0.6146
[INFO GPL-1009]     - For 50% usage of free space: 0.9834
[INFO GPL-1014] Final placement area: 25838.83 (+0.00%)
[INFO GPL-1018] Final HPWL (um): 84086.72
[INFO DPL-0006] Core area: 52550.40 um^2
[INFO DPL-0007] Movable instances area: 23867.89 um^2
[INFO DPL-0008] Fixed instances area within core: 0.00 um^2
[INFO DPL-0009] Utilization: 45.4%
[INFO DPL-0005] Diamond search max displacement: +/- 500 sites horizontally, +/- 100 rows vertically.
[INFO DPL-1102] Legalizing using negotiation legalizer.
[INFO DPL-1103] Negotiation base search window: +/-20 sites horizontally, +/-5 rows vertically 
	Automatic search window extension enabled.
	Search window extendable up to the max displacement cap of +/-500 sites, +/-100 rows near walls.
[INFO DPL-1104] NegotiationLegalizer DRC penalty: 5.
[INFO DPL-0392] Negotiation cell height distribution (1 unique row-count(s)):
[INFO DPL-0393]   height 1 row(s): 4718 cells
          |      Total |  Illegal |  Illegal
Iteration | Violations |    Cells |    Sites
---------------------------------------------
        0 |        350 |       162 |       188
        1 |          0 |         0 |         0
Negotiation phase 1 converged at iteration 1.
[INFO DPL-0500] Runtime: 0.15s
Placement Analysis
---------------------------------
total displacement      11842.2 u
average displacement        2.5 u
max displacement            7.3 u
original HPWL           84086.7 u
legalized HPWL          90717.6 u
delta HPWL                    8 %

Design area 23868 um^2 45% utilization.
