OpenROAD 26Q3-1860-g0b54bb3203 
Features included (+) or not (-): +GPU +GUI +Python
This program is licensed under the BSD-3 license. See the LICENSE file for details.
Components of this program may be licensed under more restrictive licenses which must be honored.
[INFO ORD-0030] Using 2 thread(s).
[INFO ODB-0227] LEF file: /OpenROAD-flow-scripts/flow/platforms/sky130hd/lef/sky130_fd_sc_hd.tlef, created 13 layers, 25 vias
[INFO ODB-0227] LEF file: /OpenROAD-flow-scripts/flow/platforms/sky130hd/lef/sky130_fd_sc_hd_merged.lef, created 441 library cells
[INFO IFP-0107] Defining die area using utilization: 45.00% and aspect ratio: 1.
[WARNING IFP-0028] Core area lower left (5.000, 5.000) snapped to (5.060, 5.440).
[INFO IFP-0001] Added 77 rows of 459 site unithd.
[INFO IFP-0100] Die BBox:  (  0.000  0.000 ) ( 221.625 221.625 ) um
[INFO IFP-0101] Core BBox: (  5.060  5.440 ) ( 216.200 214.880 ) um
[INFO IFP-0102] Core area:                        44221.162 um^2
[INFO IFP-0103] Total instances area:             20153.078 um^2
[INFO IFP-0104] Effective utilization:                0.456
[INFO IFP-0105] Number of instances:                   3234
Found 0 macro blocks.
Using 2 tracks default min distance between IO pins.
[INFO PPL-0001] Number of available slots 796
[INFO PPL-0002] Number of I/O             171
[INFO PPL-0003] Number of I/O w/sink      171
[INFO PPL-0004] Number of I/O w/o sink    0
[INFO PPL-0005] Slots per section         200
[INFO PPL-0008] Successfully assigned pins to sections.
[INFO PPL-0012] I/O nets HPWL: 27795.97 um.
[INFO GPL-0001] ---- Initialize GPL Main Data Structures
[INFO GPL-0002] DBU: 1000
[INFO GPL-0003] SiteSize: (  0.460  2.720 ) um
[INFO GPL-0004] CoreBBox: (  5.060  5.440 ) ( 216.200 214.880 ) um
[INFO GPL-0016] Core area:                   44221.162 um^2
[INFO GPL-0036] Movable instances area:      20153.078 um^2
[INFO GPL-0037] Total instances area:        20153.078 um^2
[INFO GPL-0035] Pin density area adjust:      2411.374 um^2
[INFO GPL-0032] ---- Initialize Region: Top-level
[INFO GPL-0006] Number of instances:              3234
[INFO GPL-0007] Movable instances:                3234
[INFO GPL-0008] Fixed instances:                     0
[INFO GPL-0009] Dummy instances:                     0
[INFO GPL-0010] Number of nets:                   5446
[INFO GPL-0011] Number of pins:                  11404
[INFO GPL-0012] Die BBox:       (  0.000  0.000 ) ( 221.625 221.625 ) um
[INFO GPL-0013] Placement BBox: (  5.060  5.440 ) ( 216.200 214.880 ) um
[INFO GPL-0014] Region name: top-level.
[INFO GPL-0015] Region area:                 44221.162 um^2
[INFO GPL-0017] Fixed instances area:            0.000 um^2
[INFO GPL-0018] Movable instances area:      22564.453 um^2
[INFO GPL-0019] Utilization:                    51.026 %
[INFO GPL-0020] Standard cells area:         22564.453 um^2
[INFO GPL-0021] Large instances area:            0.000 um^2
[INFO GPL-0005] ---- Execute Conjugate Gradient Initial Placement.
[INFO GPL-0051] Source of initial instance position counters:
	Odb location = 0	Core center = 3234	Region center = 0
[InitialPlace]  Iter: 1 conjugate gradient residual: 0.00003725 HPWL: 39970710
[InitialPlace]  Iter: 2 conjugate gradient residual: 0.00000136 HPWL: 34121064
[InitialPlace]  Iter: 3 conjugate gradient residual: 0.00000012 HPWL: 31740180
[InitialPlace]  Iter: 4 conjugate gradient residual: 0.00000010 HPWL: 31631809
[InitialPlace]  Iter: 5 conjugate gradient residual: 0.00000010 HPWL: 31553846
[INFO GPL-0033] ---- Initialize Nesterov Region: Top-level
[INFO GPL-0023] Placement target density:       0.5500
[INFO GPL-0024] Movable insts average area:      6.977 um^2
[INFO GPL-0025] Ideal bin area:                 12.686 um^2
[INFO GPL-0026] Ideal bin count:                  3485
[INFO GPL-0027] Total bin area:              44221.162 um^2
[INFO GPL-0028] Bin count (X, Y):          32 ,     32
[INFO GPL-0029] Bin size (W * H):       6.598 *  6.545 um
[INFO GPL-0030] Number of bins:                   1024
[INFO GPL-0084] ---- Execute Nesterov Global Placement.
[INFO GPL-0031] HPWL: Half-Perimeter Wirelength
Iteration | Overflow |     HPWL (um) |  HPWL(%) |   Penalty | Group
---------------------------------------------------------------
        0 |   0.9763 |  1.756470e+04 |   +0.00% |  1.26e-15 |      
       10 |   0.9331 |  2.242487e+04 |  +27.67% |  2.05e-15 |      
       20 |   0.9251 |  2.368451e+04 |   +5.62% |  3.34e-15 |      
       30 |   0.9228 |  2.392855e+04 |   +1.03% |  5.45e-15 |      
       40 |   0.9223 |  2.362177e+04 |   -1.28% |  8.87e-15 |      
       50 |   0.9220 |  2.351566e+04 |   -0.45% |  1.45e-14 |      
       60 |   0.9218 |  2.358761e+04 |   +0.31% |  2.35e-14 |      
       70 |   0.9214 |  2.362553e+04 |   +0.16% |  3.84e-14 |      
       80 |   0.9214 |  2.359160e+04 |   -0.14% |  6.25e-14 |      
       90 |   0.9213 |  2.358342e+04 |   -0.03% |  1.02e-13 |      
      100 |   0.9210 |  2.362514e+04 |   +0.18% |  1.66e-13 |      
      110 |   0.9207 |  2.367294e+04 |   +0.20% |  2.70e-13 |      
      120 |   0.9203 |  2.371760e+04 |   +0.19% |  4.40e-13 |      
      130 |   0.9198 |  2.381117e+04 |   +0.39% |  7.16e-13 |      
      140 |   0.9187 |  2.400577e+04 |   +0.82% |  1.17e-12 |      
      150 |   0.9164 |  2.433665e+04 |   +1.38% |  1.90e-12 |      
      160 |   0.9136 |  2.485410e+04 |   +2.13% |  3.10e-12 |      
      170 |   0.9070 |  2.563716e+04 |   +3.15% |  5.04e-12 |      
      180 |   0.8978 |  2.676028e+04 |   +4.38% |  8.21e-12 |      
      190 |   0.8859 |  2.823862e+04 |   +5.52% |  1.34e-11 |      
      200 |   0.8704 |  3.012419e+04 |   +6.68% |  2.18e-11 |      
      210 |   0.8527 |  3.243516e+04 |   +7.67% |  3.55e-11 |      
      220 |   0.8286 |  3.517113e+04 |   +8.44% |  5.78e-11 |      
      230 |   0.8017 |  3.821497e+04 |   +8.65% |  9.41e-11 |      
      240 |   0.7652 |  4.146930e+04 |   +8.52% |  1.53e-10 |      
      250 |   0.7234 |  4.435832e+04 |   +6.97% |  2.49e-10 |      
      260 |   0.6772 |  4.693547e+04 |   +5.81% |  4.06e-10 |      
      270 |   0.6319 |  4.904640e+04 |   +4.50% |  6.61e-10 |      
      280 |   0.5924 |  5.036663e+04 |   +2.69% |  1.08e-09 |      
      290 |   0.5393 |  5.126599e+04 |   +1.79% |  1.75e-09 |      
      300 |   0.4964 |  5.123606e+04 |   -0.06% |  2.86e-09 |      
      310 |   0.4491 |  5.199956e+04 |   +1.49% |  4.65e-09 |      
      320 |   0.4125 |  5.272651e+04 |   +1.40% |  7.58e-09 |      
      330 |   0.3633 |  5.275586e+04 |   +0.06% |  1.23e-08 |      
      340 |   0.3087 |  5.333491e+04 |   +1.10% |  1.91e-08 |      
      350 |   0.2834 |  5.356316e+04 |   +0.43% |  2.82e-08 |      
      360 |   0.2553 |  5.401239e+04 |   +0.84% |  4.15e-08 |      
      370 |   0.2316 |  5.418754e+04 |   +0.32% |  6.11e-08 |      
      380 |   0.2037 |  5.436999e+04 |   +0.34% |  9.01e-08 |      
      390 |   0.1794 |  5.447762e+04 |   +0.20% |  1.33e-07 |      
      400 |   0.1566 |  5.452595e+04 |   +0.09% |  1.95e-07 |      
      410 |   0.1374 |  5.462075e+04 |   +0.17% |  2.88e-07 |      
      420 |   0.1181 |  5.462730e+04 |   +0.01% |  4.24e-07 |      
      430 |   0.1009 |  5.457279e+04 |   -0.10% |  6.25e-07 |      
      431 |   0.0993 |  5.458756e+04 |          |  6.75e-07 |      
---------------------------------------------------------------
[INFO GPL-1001] Global placement finished at iteration 431
[INFO GPL-1002] Placed Cell Area            22564.4527
[INFO GPL-1003] Available Free Area         44221.1616
[INFO GPL-1004] Minimum Feasible Density        0.5200 (cell_area / free_area)
[INFO GPL-1006]   Suggested Target Densities:
[INFO GPL-1007]     - For 90% usage of free space: 0.5670
[INFO GPL-1008]     - For 80% usage of free space: 0.6378
[INFO GPL-1014] Final placement area: 22564.45 (+0.00%)
[INFO GPL-1018] Final HPWL (um): 54648.51
[INFO DPL-0006] Core area: 44221.16 um^2
[INFO DPL-0007] Movable instances area: 20153.08 um^2
[INFO DPL-0008] Fixed instances area within core: 0.00 um^2
[INFO DPL-0009] Utilization: 45.6%
[INFO DPL-0005] Diamond search max displacement: +/- 500 sites horizontally, +/- 100 rows vertically.
[INFO DPL-1102] Legalizing using negotiation legalizer.
[INFO DPL-1103] Negotiation base search window: +/-20 sites horizontally, +/-5 rows vertically 
	Automatic search window extension enabled.
	Search window extendable up to the max displacement cap of +/-500 sites, +/-100 rows near walls.
[INFO DPL-1104] NegotiationLegalizer DRC penalty: 5.
[INFO DPL-0392] Negotiation cell height distribution (1 unique row-count(s)):
[INFO DPL-0393]   height 1 row(s): 3234 cells
          |      Total |  Illegal |  Illegal
Iteration | Violations |    Cells |    Sites
---------------------------------------------
        0 |       1169 |       377 |       789
        1 |          0 |         0 |         0
Negotiation phase 1 converged at iteration 1.
[INFO DPL-0500] Runtime: 0.11s
Placement Analysis
---------------------------------
total displacement       9242.2 u
average displacement        2.9 u
max displacement            9.0 u
original HPWL           54648.5 u
legalized HPWL          61929.2 u
delta HPWL                   13 %

Design area 20153 um^2 46% utilization.
