Startpoint: b[1] (input port)
Endpoint: y[74] (output port)
Path Group: path delay
Path Type: max

  Delay    Time   Description
---------------------------------------------------------
   0.00    0.00 v input external delay
   0.00    0.00 v b[1] (in)
   0.19    0.19 v _5939_/X (sky130_fd_sc_hd__and2_0)
   0.41    0.60 v _5974_/X (sky130_fd_sc_hd__xor3_1)
   0.43    1.03 v _5998_/X (sky130_fd_sc_hd__maj3_1)
   0.18    1.21 v _6001_/X (sky130_fd_sc_hd__xor2_1)
   0.20    1.41 v _6005_/Y (sky130_fd_sc_hd__xnor2_1)
   0.40    1.81 v _6008_/X (sky130_fd_sc_hd__maj3_1)
   0.42    2.23 v _6011_/X (sky130_fd_sc_hd__maj3_1)
   0.42    2.66 v _6016_/X (sky130_fd_sc_hd__maj3_1)
   0.25    2.90 v _6017_/X (sky130_fd_sc_hd__a21o_1)
   0.43    3.33 v _6020_/X (sky130_fd_sc_hd__maj3_1)
   0.32    3.65 ^ _6024_/Y (sky130_fd_sc_hd__a21boi_0)
   0.24    3.89 v _6027_/Y (sky130_fd_sc_hd__o311ai_0)
   0.36    4.25 ^ _6028_/Y (sky130_fd_sc_hd__a21oi_1)
   0.25    4.50 v _6031_/Y (sky130_fd_sc_hd__o21ai_0)
   0.30    4.81 ^ _6036_/Y (sky130_fd_sc_hd__a21oi_1)
   0.17    4.97 v _6043_/Y (sky130_fd_sc_hd__o31ai_1)
   0.41    5.38 v _6063_/X (sky130_fd_sc_hd__maj3_1)
   0.41    5.79 v _6074_/X (sky130_fd_sc_hd__maj3_1)
   0.41    6.20 v _6076_/X (sky130_fd_sc_hd__maj3_1)
   0.44    6.64 v _6079_/X (sky130_fd_sc_hd__maj3_1)
   0.40    7.04 v _6083_/X (sky130_fd_sc_hd__maj3_1)
   0.41    7.44 v _6097_/X (sky130_fd_sc_hd__maj3_1)
   0.39    7.84 v _6101_/X (sky130_fd_sc_hd__maj3_1)
   0.20    8.04 v _6171_/Y (sky130_fd_sc_hd__xnor2_1)
   0.19    8.23 v _6172_/Y (sky130_fd_sc_hd__nor2b_1)
   0.46    8.69 v _6174_/X (sky130_fd_sc_hd__maj3_1)
   0.45    9.15 v _6175_/X (sky130_fd_sc_hd__maj3_1)
   0.42    9.57 v _6176_/X (sky130_fd_sc_hd__maj3_1)
   0.44   10.01 v _6177_/X (sky130_fd_sc_hd__maj3_1)
   0.48   10.49 v _6178_/X (sky130_fd_sc_hd__maj3_1)
   0.90   11.39 ^ _6247_/Y (sky130_fd_sc_hd__xnor2_1)
   0.62   12.01 v _6283_/Y (sky130_fd_sc_hd__nand4_1)
   0.43   12.44 ^ _6287_/Y (sky130_fd_sc_hd__nor2_1)
   0.19   12.62 v _6290_/Y (sky130_fd_sc_hd__nand3_1)
   0.30   12.92 ^ _6291_/X (sky130_fd_sc_hd__lpflow_isobufsrc_1)
   0.22   13.15 v _6294_/Y (sky130_fd_sc_hd__nand2_1)
   0.35   13.50 ^ _6301_/Y (sky130_fd_sc_hd__nor3_1)
   0.18   13.68 v _6302_/Y (sky130_fd_sc_hd__nand4_1)
   0.24   13.92 v _6303_/Y (sky130_fd_sc_hd__nand2b_1)
   0.33   14.25 v _6313_/X (sky130_fd_sc_hd__a211o_1)
   5.52   19.76 ^ _6314_/Y (sky130_fd_sc_hd__a2111oi_0)
   2.21   21.97 v _6331_/Y (sky130_fd_sc_hd__nand4_1)
   0.00   21.97 v y[74] (out)
          21.97   data arrival time

  10.00   10.00   max_delay
   0.00   10.00   output external delay
          10.00   data required time
---------------------------------------------------------
          10.00   data required time
         -21.97   data arrival time
---------------------------------------------------------
         -11.97   slack (VIOLATED)


