Startpoint: a[4] (input port)
Endpoint: y[74] (output port)
Path Group: path delay
Path Type: max

  Delay    Time   Description
---------------------------------------------------------
   0.00    0.00 v input external delay
   0.00    0.00 v a[4] (in)
   0.18    0.18 ^ _5604_/Y (sky130_fd_sc_hd__nand2_1)
   0.48    0.66 v _5665_/X (sky130_fd_sc_hd__xnor3_1)
   0.40    1.06 v _5669_/X (sky130_fd_sc_hd__maj3_1)
   0.25    1.31 ^ _5674_/X (sky130_fd_sc_hd__xnor3_1)
   0.25    1.56 ^ _5679_/X (sky130_fd_sc_hd__xor2_1)
   0.28    1.84 ^ _5688_/X (sky130_fd_sc_hd__xor2_1)
   0.18    2.02 v _5712_/Y (sky130_fd_sc_hd__a21oi_1)
   0.42    2.44 ^ _5713_/Y (sky130_fd_sc_hd__o21ai_0)
   0.19    2.63 v _5714_/Y (sky130_fd_sc_hd__a21oi_1)
   0.33    2.96 ^ _5716_/Y (sky130_fd_sc_hd__o21ai_0)
   0.19    3.15 v _5717_/Y (sky130_fd_sc_hd__a21oi_1)
   0.35    3.50 ^ _5718_/Y (sky130_fd_sc_hd__o21ai_0)
   0.20    3.70 v _5719_/Y (sky130_fd_sc_hd__a21oi_1)
   0.43    4.13 v _5720_/X (sky130_fd_sc_hd__maj3_1)
   0.42    4.55 v _5721_/X (sky130_fd_sc_hd__maj3_1)
   0.33    4.88 ^ _5722_/Y (sky130_fd_sc_hd__o21ai_0)
   0.18    5.05 v _5723_/Y (sky130_fd_sc_hd__a21oi_1)
   0.42    5.47 v _5725_/X (sky130_fd_sc_hd__maj3_1)
   0.42    5.89 v _5726_/X (sky130_fd_sc_hd__maj3_1)
   0.30    6.20 v _5729_/X (sky130_fd_sc_hd__o31a_1)
   0.23    6.43 ^ _5731_/Y (sky130_fd_sc_hd__o211ai_1)
   0.20    6.63 v _5733_/Y (sky130_fd_sc_hd__a31oi_1)
   0.50    7.13 ^ _5734_/Y (sky130_fd_sc_hd__o21ai_0)
   0.26    7.39 v _5736_/Y (sky130_fd_sc_hd__a211oi_1)
   0.66    8.05 ^ _5739_/Y (sky130_fd_sc_hd__nor4_1)
   0.20    8.25 v _5742_/Y (sky130_fd_sc_hd__o211ai_1)
   0.29    8.54 ^ _5762_/Y (sky130_fd_sc_hd__a21oi_1)
   0.41    8.95 v _5765_/Y (sky130_fd_sc_hd__o2111ai_1)
   0.88    9.83 ^ _5775_/Y (sky130_fd_sc_hd__o31ai_1)
   0.35   10.17 v _5818_/X (sky130_fd_sc_hd__xor2_1)
   0.46   10.63 v _5822_/X (sky130_fd_sc_hd__or3_1)
   0.36   10.99 ^ _5885_/Y (sky130_fd_sc_hd__a2111oi_0)
   0.15   11.14 v _5893_/Y (sky130_fd_sc_hd__nand4b_1)
   2.97   14.11 ^ _5894_/Y (sky130_fd_sc_hd__a211oi_1)
   1.14   15.25 v _5911_/Y (sky130_fd_sc_hd__nand4_1)
   0.00   15.25 v y[74] (out)
          15.25   data arrival time

  10.00   10.00   max_delay
   0.00   10.00   output external delay
          10.00   data required time
---------------------------------------------------------
          10.00   data required time
         -15.25   data arrival time
---------------------------------------------------------
          -5.25   slack (VIOLATED)


