Startpoint: a[2] (input port)
Endpoint: y[68] (output port)
Path Group: path delay
Path Type: max

  Delay    Time   Description
---------------------------------------------------------
   0.00    0.00 v input external delay
   0.00    0.00 v a[2] (in)
   0.21    0.21 ^ _6095_/Y (sky130_fd_sc_hd__nand3_1)
   0.13    0.34 v _6100_/Y (sky130_fd_sc_hd__nand2_1)
   0.43    0.78 v _6105_/X (sky130_fd_sc_hd__xor3_1)
   0.40    1.17 v _6113_/X (sky130_fd_sc_hd__maj3_1)
   0.41    1.58 v _6114_/X (sky130_fd_sc_hd__maj3_1)
   0.41    2.00 v _6115_/X (sky130_fd_sc_hd__maj3_1)
   0.42    2.42 v _6116_/X (sky130_fd_sc_hd__maj3_1)
   0.42    2.84 v _6118_/X (sky130_fd_sc_hd__maj3_1)
   0.41    3.25 v _6119_/X (sky130_fd_sc_hd__maj3_1)
   0.42    3.67 v _6120_/X (sky130_fd_sc_hd__maj3_1)
   0.43    4.09 v _6121_/X (sky130_fd_sc_hd__maj3_1)
   0.44    4.53 v _6122_/X (sky130_fd_sc_hd__maj3_1)
   0.44    4.97 v _6123_/X (sky130_fd_sc_hd__maj3_1)
   0.42    5.39 v _6124_/X (sky130_fd_sc_hd__maj3_1)
   0.42    5.82 v _6125_/X (sky130_fd_sc_hd__maj3_1)
   0.42    6.24 v _6126_/X (sky130_fd_sc_hd__maj3_1)
   0.42    6.66 v _6127_/X (sky130_fd_sc_hd__maj3_1)
   0.27    6.93 ^ _6130_/Y (sky130_fd_sc_hd__o211ai_1)
   0.23    7.16 v _6132_/Y (sky130_fd_sc_hd__a31oi_1)
   0.46    7.62 v _6133_/X (sky130_fd_sc_hd__maj3_1)
   0.42    8.04 v _6134_/X (sky130_fd_sc_hd__maj3_1)
   0.45    8.49 v _6135_/X (sky130_fd_sc_hd__maj3_1)
   0.27    8.77 v _6137_/X (sky130_fd_sc_hd__o211a_1)
   0.44    9.21 ^ _6139_/Y (sky130_fd_sc_hd__o31ai_1)
   0.40    9.60 ^ _6140_/X (sky130_fd_sc_hd__maj3_1)
   0.15    9.75 v _6142_/Y (sky130_fd_sc_hd__a211oi_1)
   0.80   10.55 ^ _6144_/Y (sky130_fd_sc_hd__nor4bb_1)
   0.15   10.70 v _6326_/Y (sky130_fd_sc_hd__nor2_1)
   0.97   11.67 ^ _6327_/Y (sky130_fd_sc_hd__xnor2_1)
   0.54   12.21 v _6330_/Y (sky130_fd_sc_hd__nand4bb_1)
   0.35   12.56 ^ _6331_/Y (sky130_fd_sc_hd__nor2_1)
   0.26   12.82 ^ _6334_/X (sky130_fd_sc_hd__and3_1)
   0.34   13.16 ^ _6337_/X (sky130_fd_sc_hd__and2_0)
   0.18   13.34 v _6343_/Y (sky130_fd_sc_hd__a41oi_1)
   0.33   13.67 ^ _6344_/Y (sky130_fd_sc_hd__nor4b_1)
   0.49   14.16 v _6345_/X (sky130_fd_sc_hd__or4b_1)
   5.38   19.54 ^ _6346_/Y (sky130_fd_sc_hd__a2111oi_0)
   2.22   21.76 v _6375_/Y (sky130_fd_sc_hd__nand3_1)
   0.00   21.76 v y[68] (out)
          21.76   data arrival time

  10.00   10.00   max_delay
   0.00   10.00   output external delay
          10.00   data required time
---------------------------------------------------------
          10.00   data required time
         -21.76   data arrival time
---------------------------------------------------------
         -11.76   slack (VIOLATED)


