Startpoint: a[10] (input port)
Endpoint: y[57] (output port)
Path Group: path delay
Path Type: max

  Delay    Time   Description
---------------------------------------------------------
   0.00    0.00 ^ input external delay
   0.00    0.00 ^ a[10] (in)
   0.62    0.62 v _07812_/Y (sky130_fd_sc_hd__clkinv_1)
   0.52    1.15 ^ _05304_/Y (sky130_fd_sc_hd__nor2_1)
   0.09    1.24 v _05305_/Y (sky130_fd_sc_hd__nand2_1)
   0.15    1.39 ^ _05308_/Y (sky130_fd_sc_hd__nand3_1)
   0.07    1.46 v _05309_/Y (sky130_fd_sc_hd__nand2_1)
   0.31    1.76 ^ _05312_/Y (sky130_fd_sc_hd__a21oi_1)
   0.17    1.93 v _05313_/Y (sky130_fd_sc_hd__clkinv_1)
   0.12    2.05 ^ _05376_/Y (sky130_fd_sc_hd__nand2_1)
   0.09    2.14 v _05380_/Y (sky130_fd_sc_hd__a21oi_1)
   0.63    2.77 ^ _05384_/Y (sky130_fd_sc_hd__o21ai_0)
   0.32    3.09 v _05429_/Y (sky130_fd_sc_hd__o21ai_0)
   0.26    3.36 ^ _05430_/Y (sky130_fd_sc_hd__nand3_1)
   0.15    3.51 v _05503_/Y (sky130_fd_sc_hd__nand4_1)
   0.21    3.72 ^ _05578_/Y (sky130_fd_sc_hd__nand3_1)
   0.30    4.01 v _06164_/Y (sky130_fd_sc_hd__nand4_1)
   0.16    4.17 ^ _06165_/Y (sky130_fd_sc_hd__nand3_1)
   0.20    4.38 v _06166_/Y (sky130_fd_sc_hd__nand3_1)
   0.22    4.60 ^ _06167_/Y (sky130_fd_sc_hd__nand3_1)
   0.21    4.81 v _06177_/Y (sky130_fd_sc_hd__a41oi_1)
   0.25    5.06 ^ _06178_/Y (sky130_fd_sc_hd__o22ai_1)
   0.32    5.38 v _06179_/Y (sky130_fd_sc_hd__nand3_1)
   0.25    5.63 ^ _06180_/Y (sky130_fd_sc_hd__nand3_1)
   0.21    5.85 v _06191_/Y (sky130_fd_sc_hd__a41oi_1)
   0.30    6.14 ^ _06192_/Y (sky130_fd_sc_hd__o22ai_1)
   0.19    6.34 v _06193_/Y (sky130_fd_sc_hd__nand3_1)
   0.54    6.88 ^ _06204_/Y (sky130_fd_sc_hd__a41oi_1)
   0.22    7.09 v _06476_/Y (sky130_fd_sc_hd__o21bai_1)
   0.55    7.64 ^ _06507_/Y (sky130_fd_sc_hd__o21ai_0)
   0.19    7.83 v _06517_/Y (sky130_fd_sc_hd__nand4_1)
   0.51    8.33 ^ _06518_/Y (sky130_fd_sc_hd__nand2_1)
   0.19    8.52 v _06519_/Y (sky130_fd_sc_hd__nand3_1)
   0.56    9.08 ^ _06652_/Y (sky130_fd_sc_hd__nor3_1)
   0.19    9.27 v _06665_/Y (sky130_fd_sc_hd__nand3_1)
   0.12    9.39 ^ _06666_/Y (sky130_fd_sc_hd__nand2_1)
   0.11    9.50 v _06736_/Y (sky130_fd_sc_hd__nand4_1)
   2.02   11.52 ^ _06802_/Y (sky130_fd_sc_hd__nor3_1)
   0.81   12.33 v _06951_/Y (sky130_fd_sc_hd__nand4_1)
   0.00   12.34 v y[57] (out)
          12.34   data arrival time

  10.00   10.00   max_delay
   0.00   10.00   output external delay
          10.00   data required time
---------------------------------------------------------
          10.00   data required time
         -12.34   data arrival time
---------------------------------------------------------
          -2.34   slack (VIOLATED)


