Startpoint: b[10] (input port)
Endpoint: y[68] (output port)
Path Group: path delay
Path Type: max

  Delay    Time   Description
---------------------------------------------------------
   0.00    0.00 ^ input external delay
   0.00    0.00 ^ b[10] (in)
   0.48    0.48 v _5475_/Y (sky130_fd_sc_hd__clkinv_1)
   0.38    0.87 ^ _7708_/Y (sky130_fd_sc_hd__nor2_1)
   0.16    1.02 v _7709_/Y (sky130_fd_sc_hd__clkinv_1)
   0.31    1.34 ^ _7715_/Y (sky130_fd_sc_hd__o21ai_0)
   0.13    1.46 v _7716_/Y (sky130_fd_sc_hd__clkinv_1)
   0.16    1.63 ^ _7717_/Y (sky130_fd_sc_hd__nand2_1)
   0.25    1.88 v _7728_/Y (sky130_fd_sc_hd__nand3_1)
   0.13    2.01 ^ _7729_/Y (sky130_fd_sc_hd__nand2_1)
   0.17    2.18 v _7730_/Y (sky130_fd_sc_hd__o211ai_1)
   0.23    2.41 ^ _7744_/Y (sky130_fd_sc_hd__nand4_1)
   0.23    2.64 v _7754_/Y (sky130_fd_sc_hd__nand4_1)
   0.15    2.78 ^ _7761_/Y (sky130_fd_sc_hd__nand3_1)
   0.20    2.99 v _7762_/Y (sky130_fd_sc_hd__nand4_1)
   0.27    3.25 ^ _7769_/Y (sky130_fd_sc_hd__nand3_1)
   0.11    3.36 v _7770_/Y (sky130_fd_sc_hd__nand2_1)
   0.18    3.54 ^ _7771_/Y (sky130_fd_sc_hd__nand2_1)
   0.29    3.83 v _7777_/Y (sky130_fd_sc_hd__nand4_1)
   0.19    4.02 ^ _8711_/Y (sky130_fd_sc_hd__nand2_1)
   0.10    4.13 v _8712_/Y (sky130_fd_sc_hd__nand2_1)
   0.11    4.24 ^ _8715_/Y (sky130_fd_sc_hd__nand2_1)
   0.09    4.33 v _8788_/Y (sky130_fd_sc_hd__nand3_1)
   0.24    4.57 ^ _8789_/Y (sky130_fd_sc_hd__nand3_1)
   0.14    4.71 v _8790_/Y (sky130_fd_sc_hd__nand3_1)
   0.24    4.95 ^ _8791_/Y (sky130_fd_sc_hd__nand3_1)
   0.24    5.19 v _8802_/Y (sky130_fd_sc_hd__nand3_1)
   0.22    5.40 ^ _8803_/Y (sky130_fd_sc_hd__nand2_1)
   0.15    5.55 v _8876_/Y (sky130_fd_sc_hd__nand3_1)
   0.45    6.00 ^ _8877_/Y (sky130_fd_sc_hd__a21oi_1)
   0.39    6.39 v _8878_/Y (sky130_fd_sc_hd__nand4_1)
   0.29    6.68 ^ _8880_/Y (sky130_fd_sc_hd__nand2_1)
   0.17    6.85 v _9030_/Y (sky130_fd_sc_hd__nand3_1)
   0.10    6.95 ^ _9032_/Y (sky130_fd_sc_hd__nand2_1)
   0.11    7.06 v _9033_/Y (sky130_fd_sc_hd__nand2_1)
   0.46    7.52 ^ _9034_/Y (sky130_fd_sc_hd__nand2_1)
   0.39    7.91 v _9086_/Y (sky130_fd_sc_hd__nand4_1)
   0.70    8.61 ^ _9087_/Y (sky130_fd_sc_hd__nor3_1)
   0.27    8.88 v _9105_/Y (sky130_fd_sc_hd__nand3_1)
   0.20    9.07 ^ _9240_/Y (sky130_fd_sc_hd__o22ai_1)
   0.10    9.17 v _9241_/Y (sky130_fd_sc_hd__nand3_1)
   2.52   11.69 ^ _9242_/Y (sky130_fd_sc_hd__a211oi_1)
   1.13   12.82 v _9299_/Y (sky130_fd_sc_hd__nand4_1)
   0.00   12.82 v y[68] (out)
          12.82   data arrival time

  10.00   10.00   max_delay
   0.00   10.00   output external delay
          10.00   data required time
---------------------------------------------------------
          10.00   data required time
         -12.82   data arrival time
---------------------------------------------------------
          -2.82   slack (VIOLATED)


