Startpoint: b[22] (input port)
Endpoint: y[62] (output port)
Path Group: path delay
Path Type: max

  Delay    Time   Description
---------------------------------------------------------
   0.00    0.00 ^ input external delay
   0.00    0.00 ^ b[22] (in)
   0.38    0.38 v _06635_/Y (sky130_fd_sc_hd__clkinv_1)
   0.82    1.20 ^ _07868_/Y (sky130_fd_sc_hd__o21ai_0)
   0.36    1.56 v _07871_/Y (sky130_fd_sc_hd__nand3_1)
   0.22    1.78 ^ _07872_/Y (sky130_fd_sc_hd__nand2_1)
   0.17    1.95 v _07876_/Y (sky130_fd_sc_hd__nand3_1)
   0.28    2.23 ^ _07877_/Y (sky130_fd_sc_hd__nand3_1)
   0.23    2.46 v _07896_/Y (sky130_fd_sc_hd__nand3_1)
   0.19    2.65 ^ _07897_/Y (sky130_fd_sc_hd__nand4_1)
   0.20    2.85 v _08038_/Y (sky130_fd_sc_hd__nand4_1)
   0.16    3.01 ^ _08207_/Y (sky130_fd_sc_hd__nand2_1)
   0.21    3.22 v _08208_/Y (sky130_fd_sc_hd__nand3_1)
   0.34    3.57 ^ _08209_/Y (sky130_fd_sc_hd__o2111ai_1)
   0.45    4.02 v _08416_/Y (sky130_fd_sc_hd__nand4_1)
   0.47    4.49 ^ _08424_/Y (sky130_fd_sc_hd__nand3_1)
   0.23    4.72 v _10051_/Y (sky130_fd_sc_hd__nand4_1)
   0.26    4.98 ^ _10065_/Y (sky130_fd_sc_hd__a21boi_0)
   0.14    5.11 v _10070_/Y (sky130_fd_sc_hd__o21ai_0)
   1.30    6.41 ^ _10079_/Y (sky130_fd_sc_hd__a21oi_1)
   0.77    7.18 v _05977_/Y (sky130_fd_sc_hd__nand2_1)
   0.30    7.48 ^ _06319_/Y (sky130_fd_sc_hd__nand3_1)
   0.17    7.64 ^ _06320_/Y (sky130_fd_sc_hd__o2bb2ai_1)
   0.34    7.98 v _06330_/Y (sky130_fd_sc_hd__nand2_1)
   0.21    8.19 ^ _06472_/Y (sky130_fd_sc_hd__nand4_1)
   0.07    8.26 v _06473_/Y (sky130_fd_sc_hd__nor2_1)
   0.08    8.34 ^ _06474_/Y (sky130_fd_sc_hd__nand4_1)
   0.12    8.45 v _06475_/Y (sky130_fd_sc_hd__nand4_1)
   2.23   10.68 ^ _06476_/Y (sky130_fd_sc_hd__nor3_1)
   0.92   11.60 v _06571_/Y (sky130_fd_sc_hd__nand4_1)
   0.00   11.60 v y[62] (out)
          11.60   data arrival time

  10.00   10.00   max_delay
   0.00   10.00   output external delay
          10.00   data required time
---------------------------------------------------------
          10.00   data required time
         -11.60   data arrival time
---------------------------------------------------------
          -1.60   slack (VIOLATED)


