Startpoint: a[2] (input port)
Endpoint: y[49] (output port)
Path Group: path delay
Path Type: max

  Delay    Time   Description
---------------------------------------------------------
   0.00    0.00 ^ input external delay
   0.00    0.00 ^ a[2] (in)
   0.10    0.10 v _5562_/Y (sky130_fd_sc_hd__nand2_1)
   0.40    0.49 v _5575_/X (sky130_fd_sc_hd__xnor3_1)
   0.42    0.91 v _5576_/X (sky130_fd_sc_hd__maj3_1)
   0.40    1.31 v _5578_/X (sky130_fd_sc_hd__maj3_1)
   0.22    1.53 ^ _5580_/Y (sky130_fd_sc_hd__a21oi_1)
   0.19    1.72 v _5582_/Y (sky130_fd_sc_hd__o21ai_0)
   0.29    2.01 ^ _5584_/Y (sky130_fd_sc_hd__a21oi_1)
   0.22    2.23 v _5586_/Y (sky130_fd_sc_hd__o21ai_0)
   0.26    2.50 ^ _5588_/Y (sky130_fd_sc_hd__a21oi_1)
   0.15    2.65 v _5590_/Y (sky130_fd_sc_hd__o21bai_1)
   0.25    2.90 ^ _5592_/Y (sky130_fd_sc_hd__a21oi_1)
   0.19    3.09 v _5595_/Y (sky130_fd_sc_hd__o21ai_0)
   0.32    3.41 ^ _5598_/Y (sky130_fd_sc_hd__a21oi_1)
   0.22    3.63 v _5601_/Y (sky130_fd_sc_hd__o21ai_0)
   0.47    4.10 v _5603_/X (sky130_fd_sc_hd__maj3_1)
   0.44    4.54 v _5605_/X (sky130_fd_sc_hd__maj3_1)
   0.42    4.96 v _5607_/X (sky130_fd_sc_hd__maj3_1)
   0.42    5.38 v _5609_/X (sky130_fd_sc_hd__maj3_1)
   0.28    5.66 ^ _5612_/Y (sky130_fd_sc_hd__a21oi_1)
   0.21    5.87 v _5614_/Y (sky130_fd_sc_hd__o21ai_0)
   0.29    6.16 ^ _5617_/Y (sky130_fd_sc_hd__a21oi_1)
   0.29    6.45 v _5619_/Y (sky130_fd_sc_hd__o21ai_0)
   0.32    6.76 ^ _5622_/Y (sky130_fd_sc_hd__a21oi_1)
   0.23    7.00 v _5625_/Y (sky130_fd_sc_hd__o21ai_0)
   0.43    7.43 v _5627_/X (sky130_fd_sc_hd__maj3_1)
   0.24    7.67 ^ _5678_/X (sky130_fd_sc_hd__xor2_1)
   0.24    7.91 ^ _5679_/Y (sky130_fd_sc_hd__nor2b_1)
   0.12    8.03 v _5681_/Y (sky130_fd_sc_hd__o21bai_1)
   0.22    8.25 v _5682_/X (sky130_fd_sc_hd__a21o_1)
   0.27    8.52 ^ _5683_/Y (sky130_fd_sc_hd__a21oi_1)
   0.11    8.63 v _5685_/Y (sky130_fd_sc_hd__o21bai_1)
   0.37    9.00 ^ _5687_/Y (sky130_fd_sc_hd__a21boi_0)
   0.23    9.23 ^ _5690_/X (sky130_fd_sc_hd__o311a_1)
   0.21    9.44 v _5691_/Y (sky130_fd_sc_hd__o21ai_0)
   0.42    9.87 ^ _5693_/Y (sky130_fd_sc_hd__a211oi_1)
   0.25   10.12 ^ _5695_/X (sky130_fd_sc_hd__o31a_1)
   0.11   10.23 v _5697_/Y (sky130_fd_sc_hd__nor3_1)
   0.73   10.96 ^ _5700_/Y (sky130_fd_sc_hd__o311ai_0)
   0.29   11.25 v _5703_/Y (sky130_fd_sc_hd__a311oi_1)
   0.63   11.88 ^ _5706_/Y (sky130_fd_sc_hd__o311ai_0)
   0.21   12.09 v _5708_/Y (sky130_fd_sc_hd__a31oi_1)
   0.25   12.34 v _5719_/Y (sky130_fd_sc_hd__xnor2_1)
   2.95   15.29 ^ _5801_/Y (sky130_fd_sc_hd__nor4b_1)
   1.50   16.79 v _5804_/Y (sky130_fd_sc_hd__nand2_1)
   0.63   17.42 v _5870_/X (sky130_fd_sc_hd__o22a_1)
   0.00   17.42 v y[49] (out)
          17.42   data arrival time

  10.00   10.00   max_delay
   0.00   10.00   output external delay
          10.00   data required time
---------------------------------------------------------
          10.00   data required time
         -17.42   data arrival time
---------------------------------------------------------
          -7.42   slack (VIOLATED)


