OpenROAD 26Q3-1860-g0b54bb3203 
Features included (+) or not (-): +GPU +GUI +Python
This program is licensed under the BSD-3 license. See the LICENSE file for details.
Components of this program may be licensed under more restrictive licenses which must be honored.
[INFO ORD-0030] Using 2 thread(s).
[INFO ODB-0227] LEF file: /OpenROAD-flow-scripts/flow/platforms/sky130hd/lef/sky130_fd_sc_hd.tlef, created 13 layers, 25 vias
[INFO ODB-0227] LEF file: /OpenROAD-flow-scripts/flow/platforms/sky130hd/lef/sky130_fd_sc_hd_merged.lef, created 441 library cells
[INFO IFP-0107] Defining die area using utilization: 45.00% and aspect ratio: 1.
[WARNING IFP-0028] Core area lower left (5.000, 5.000) snapped to (5.060, 5.440).
[INFO IFP-0001] Added 100 rows of 595 site unithd.
[INFO IFP-0100] Die BBox:  (  0.000  0.000 ) ( 283.810 283.810 ) um
[INFO IFP-0101] Core BBox: (  5.060  5.440 ) ( 278.760 277.440 ) um
[INFO IFP-0102] Core area:                        74446.400 um^2
[INFO IFP-0103] Total instances area:             33737.357 um^2
[INFO IFP-0104] Effective utilization:                0.453
[INFO IFP-0105] Number of instances:                   6668
Found 0 macro blocks.
Using 2 tracks default min distance between IO pins.
[INFO PPL-0001] Number of available slots 1024
[INFO PPL-0002] Number of I/O             171
[INFO PPL-0003] Number of I/O w/sink      171
[INFO PPL-0004] Number of I/O w/o sink    0
[INFO PPL-0005] Slots per section         200
[INFO PPL-0008] Successfully assigned pins to sections.
[INFO PPL-0012] I/O nets HPWL: 34207.48 um.
[INFO GPL-0001] ---- Initialize GPL Main Data Structures
[INFO GPL-0002] DBU: 1000
[INFO GPL-0003] SiteSize: (  0.460  2.720 ) um
[INFO GPL-0004] CoreBBox: (  5.060  5.440 ) ( 278.760 277.440 ) um
[INFO GPL-0016] Core area:                   74446.400 um^2
[INFO GPL-0036] Movable instances area:      33737.357 um^2
[INFO GPL-0037] Total instances area:        33737.357 um^2
[INFO GPL-0035] Pin density area adjust:      2000.244 um^2
[INFO GPL-0032] ---- Initialize Region: Top-level
[INFO GPL-0006] Number of instances:              6668
[INFO GPL-0007] Movable instances:                6668
[INFO GPL-0008] Fixed instances:                     0
[INFO GPL-0009] Dummy instances:                     0
[INFO GPL-0010] Number of nets:                   9160
[INFO GPL-0011] Number of pins:                  24540
[INFO GPL-0012] Die BBox:       (  0.000  0.000 ) ( 283.810 283.810 ) um
[INFO GPL-0013] Placement BBox: (  5.060  5.440 ) ( 278.760 277.440 ) um
[INFO GPL-0014] Region name: top-level.
[INFO GPL-0015] Region area:                 74446.400 um^2
[INFO GPL-0017] Fixed instances area:            0.000 um^2
[INFO GPL-0018] Movable instances area:      35737.601 um^2
[INFO GPL-0019] Utilization:                    48.004 %
[INFO GPL-0020] Standard cells area:         35737.601 um^2
[INFO GPL-0021] Large instances area:            0.000 um^2
[INFO GPL-0005] ---- Execute Conjugate Gradient Initial Placement.
[INFO GPL-0051] Source of initial instance position counters:
	Odb location = 0	Core center = 6668	Region center = 0
[InitialPlace]  Iter: 1 conjugate gradient residual: 0.00009988 HPWL: 58645690
[InitialPlace]  Iter: 2 conjugate gradient residual: 0.00000019 HPWL: 47100319
[InitialPlace]  Iter: 3 conjugate gradient residual: 0.00000034 HPWL: 47063665
[InitialPlace]  Iter: 4 conjugate gradient residual: 0.00000046 HPWL: 47090281
[InitialPlace]  Iter: 5 conjugate gradient residual: 0.00000012 HPWL: 47063534
[INFO GPL-0033] ---- Initialize Nesterov Region: Top-level
[INFO GPL-0023] Placement target density:       0.5500
[INFO GPL-0024] Movable insts average area:      5.360 um^2
[INFO GPL-0025] Ideal bin area:                  9.745 um^2
[INFO GPL-0026] Ideal bin count:                  7639
[INFO GPL-0027] Total bin area:              74446.400 um^2
[INFO GPL-0028] Bin count (X, Y):          64 ,     64
[INFO GPL-0029] Bin size (W * H):       4.277 *  4.250 um
[INFO GPL-0030] Number of bins:                   4096
[INFO GPL-0084] ---- Execute Nesterov Global Placement.
[INFO GPL-0031] HPWL: Half-Perimeter Wirelength
Iteration | Overflow |     HPWL (um) |  HPWL(%) |   Penalty | Group
---------------------------------------------------------------
        0 |   0.9918 |  2.011870e+04 |   +0.00% |  3.25e-16 |      
       10 |   0.9854 |  2.536117e+04 |  +26.06% |  5.29e-16 |      
       20 |   0.9852 |  2.639493e+04 |   +4.08% |  8.62e-16 |      
       30 |   0.9851 |  2.667622e+04 |   +1.07% |  1.40e-15 |      
       40 |   0.9851 |  2.683794e+04 |   +0.61% |  2.29e-15 |      
       50 |   0.9850 |  2.690317e+04 |   +0.24% |  3.73e-15 |      
       60 |   0.9851 |  2.686267e+04 |   -0.15% |  6.07e-15 |      
       70 |   0.9851 |  2.678265e+04 |   -0.30% |  9.89e-15 |      
       80 |   0.9851 |  2.674786e+04 |   -0.13% |  1.61e-14 |      
       90 |   0.9851 |  2.678091e+04 |   +0.12% |  2.62e-14 |      
      100 |   0.9851 |  2.685355e+04 |   +0.27% |  4.27e-14 |      
      110 |   0.9850 |  2.693890e+04 |   +0.32% |  6.96e-14 |      
      120 |   0.9850 |  2.703512e+04 |   +0.36% |  1.13e-13 |      
      130 |   0.9848 |  2.717703e+04 |   +0.52% |  1.85e-13 |      
      140 |   0.9847 |  2.744287e+04 |   +0.98% |  3.01e-13 |      
      150 |   0.9844 |  2.795576e+04 |   +1.87% |  4.90e-13 |      
      160 |   0.9830 |  2.884206e+04 |   +3.17% |  7.98e-13 |      
      170 |   0.9812 |  3.022993e+04 |   +4.81% |  1.30e-12 |      
      180 |   0.9775 |  3.234254e+04 |   +6.99% |  2.12e-12 |      
      190 |   0.9709 |  3.533125e+04 |   +9.24% |  3.45e-12 |      
      200 |   0.9622 |  3.914849e+04 |  +10.80% |  5.61e-12 |      
      210 |   0.9508 |  4.371355e+04 |  +11.66% |  9.14e-12 |      
      220 |   0.9365 |  4.922362e+04 |  +12.60% |  1.49e-11 |      
      230 |   0.9191 |  5.599910e+04 |  +13.76% |  2.42e-11 |      
      240 |   0.8966 |  6.378600e+04 |  +13.91% |  3.94e-11 |      
      250 |   0.8680 |  7.180342e+04 |  +12.57% |  6.41e-11 |      
      260 |   0.8357 |  7.989358e+04 |  +11.27% |  1.04e-10 |      
      270 |   0.7994 |  8.749351e+04 |   +9.51% |  1.70e-10 |      
      280 |   0.7585 |  9.410967e+04 |   +7.56% |  2.77e-10 |      
      290 |   0.7111 |  9.922312e+04 |   +5.43% |  4.50e-10 |      
      300 |   0.6647 |  1.022595e+05 |   +3.06% |  7.33e-10 |      
      310 |   0.6082 |  1.044750e+05 |   +2.17% |  1.19e-09 |      
      320 |   0.5568 |  1.082668e+05 |   +3.63% |  1.94e-09 |      
      330 |   0.5073 |  1.137037e+05 |   +5.02% |  3.16e-09 |      
      340 |   0.4678 |  1.170874e+05 |   +2.98% |  5.15e-09 |      
      350 |   0.4256 |  1.188879e+05 |   +1.54% |  8.39e-09 |      
      360 |   0.3798 |  1.206815e+05 |   +1.51% |  1.37e-08 |      
      370 |   0.3474 |  1.218479e+05 |   +0.97% |  2.23e-08 |      
      380 |   0.3197 |  1.213478e+05 |   -0.41% |  3.28e-08 |      
      390 |   0.2937 |  1.215197e+05 |   +0.14% |  4.83e-08 |      
      400 |   0.2728 |  1.213632e+05 |   -0.13% |  7.11e-08 |      
      410 |   0.2508 |  1.208728e+05 |   -0.40% |  1.05e-07 |      
      420 |   0.2277 |  1.205111e+05 |   -0.30% |  1.54e-07 |      
      430 |   0.2086 |  1.204390e+05 |   -0.06% |  2.27e-07 |      
      440 |   0.1918 |  1.204439e+05 |   +0.00% |  3.35e-07 |      
      450 |   0.1721 |  1.205129e+05 |   +0.06% |  4.93e-07 |      
      460 |   0.1546 |  1.206881e+05 |   +0.15% |  7.27e-07 |      
      470 |   0.1362 |  1.208615e+05 |   +0.14% |  1.07e-06 |      
      480 |   0.1179 |  1.211733e+05 |   +0.26% |  1.58e-06 |      
      490 |   0.1012 |  1.211846e+05 |   +0.01% |  2.32e-06 |      
      491 |   0.0994 |  1.212279e+05 |          |  2.51e-06 |      
---------------------------------------------------------------
[INFO GPL-1001] Global placement finished at iteration 491
[INFO GPL-1002] Placed Cell Area            35737.6013
[INFO GPL-1003] Available Free Area         74446.4000
[INFO GPL-1004] Minimum Feasible Density        0.4900 (cell_area / free_area)
[INFO GPL-1006]   Suggested Target Densities:
[INFO GPL-1007]     - For 90% usage of free space: 0.5334
[INFO GPL-1008]     - For 80% usage of free space: 0.6001
[INFO GPL-1009]     - For 50% usage of free space: 0.9601
[INFO GPL-1014] Final placement area: 35737.60 (+0.00%)
[INFO GPL-1018] Final HPWL (um): 121251.22
[INFO DPL-0006] Core area: 74446.40 um^2
[INFO DPL-0007] Movable instances area: 33737.36 um^2
[INFO DPL-0008] Fixed instances area within core: 0.00 um^2
[INFO DPL-0009] Utilization: 45.3%
[INFO DPL-0005] Diamond search max displacement: +/- 500 sites horizontally, +/- 100 rows vertically.
[INFO DPL-1102] Legalizing using negotiation legalizer.
[INFO DPL-1103] Negotiation base search window: +/-20 sites horizontally, +/-5 rows vertically 
	Automatic search window extension enabled.
	Search window extendable up to the max displacement cap of +/-500 sites, +/-100 rows near walls.
[INFO DPL-1104] NegotiationLegalizer DRC penalty: 5.
[INFO DPL-0392] Negotiation cell height distribution (1 unique row-count(s)):
[INFO DPL-0393]   height 1 row(s): 6668 cells
          |      Total |  Illegal |  Illegal
Iteration | Violations |    Cells |    Sites
---------------------------------------------
        0 |       1144 |       480 |       664
        1 |          0 |         0 |         0
Negotiation phase 1 converged at iteration 1.
[INFO DPL-0500] Runtime: 0.16s
Placement Analysis
---------------------------------
total displacement      17976.2 u
average displacement        2.7 u
max displacement            8.8 u
original HPWL          121251.2 u
legalized HPWL         133598.0 u
delta HPWL                   10 %

Design area 33737 um^2 45% utilization.
