Startpoint: a[20] (input port)
Endpoint: y[62] (output port)
Path Group: path delay
Path Type: max

  Delay    Time   Description
---------------------------------------------------------
   0.00    0.00 ^ input external delay
   0.00    0.00 ^ a[20] (in)
   0.44    0.44 v _06600_/Y (sky130_fd_sc_hd__clkinv_1)
   0.71    1.15 ^ _08096_/Y (sky130_fd_sc_hd__nor2_1)
   0.21    1.36 v _08097_/Y (sky130_fd_sc_hd__clkinv_1)
   0.23    1.59 ^ _08101_/Y (sky130_fd_sc_hd__nand3_1)
   0.25    1.84 v _08112_/Y (sky130_fd_sc_hd__nand3_1)
   0.16    2.00 ^ _08113_/Y (sky130_fd_sc_hd__nand2_1)
   0.16    2.16 v _08114_/Y (sky130_fd_sc_hd__nand3_1)
   0.26    2.43 ^ _08178_/Y (sky130_fd_sc_hd__nand3_1)
   0.21    2.64 v _08276_/Y (sky130_fd_sc_hd__nand3_1)
   0.27    2.91 ^ _08389_/Y (sky130_fd_sc_hd__nand3_1)
   0.34    3.25 v _08534_/Y (sky130_fd_sc_hd__nand4_1)
   0.34    3.59 ^ _08535_/Y (sky130_fd_sc_hd__o211ai_1)
   0.36    3.95 v _08565_/Y (sky130_fd_sc_hd__nand4_1)
   0.24    4.19 ^ _08578_/Y (sky130_fd_sc_hd__nand2_1)
   0.10    4.29 v _08823_/Y (sky130_fd_sc_hd__nand2_1)
   0.21    4.50 ^ _08828_/Y (sky130_fd_sc_hd__nand3_1)
   0.19    4.70 v _10124_/Y (sky130_fd_sc_hd__nand3_1)
   0.58    5.28 ^ _10127_/Y (sky130_fd_sc_hd__a31oi_1)
   0.47    5.75 v _10130_/Y (sky130_fd_sc_hd__o22ai_1)
   0.44    6.20 v _10131_/Y (sky130_fd_sc_hd__o21bai_1)
   0.42    6.62 ^ _06228_/Y (sky130_fd_sc_hd__o21ai_0)
   0.18    6.80 v _06229_/Y (sky130_fd_sc_hd__a21oi_1)
   0.82    7.63 ^ _06235_/Y (sky130_fd_sc_hd__nor2_1)
   0.27    7.90 v _06319_/Y (sky130_fd_sc_hd__nand3_1)
   0.32    8.22 ^ _06321_/Y (sky130_fd_sc_hd__nor2_1)
   0.14    8.36 v _06438_/Y (sky130_fd_sc_hd__nand3_1)
   0.20    8.56 ^ _06440_/Y (sky130_fd_sc_hd__a22oi_1)
   0.11    8.67 v _06441_/Y (sky130_fd_sc_hd__nand3_1)
   1.46   10.13 ^ _06465_/Y (sky130_fd_sc_hd__nor2_1)
   0.72   10.85 v _06520_/Y (sky130_fd_sc_hd__nand4_1)
   0.00   10.85 v y[62] (out)
          10.85   data arrival time

  10.00   10.00   max_delay
   0.00   10.00   output external delay
          10.00   data required time
---------------------------------------------------------
          10.00   data required time
         -10.85   data arrival time
---------------------------------------------------------
          -0.85   slack (VIOLATED)


