OpenROAD 26Q3-1860-g0b54bb3203 
Features included (+) or not (-): +GPU +GUI +Python
This program is licensed under the BSD-3 license. See the LICENSE file for details.
Components of this program may be licensed under more restrictive licenses which must be honored.
[INFO ORD-0030] Using 2 thread(s).
[INFO ODB-0227] LEF file: /OpenROAD-flow-scripts/flow/platforms/sky130hd/lef/sky130_fd_sc_hd.tlef, created 13 layers, 25 vias
[INFO ODB-0227] LEF file: /OpenROAD-flow-scripts/flow/platforms/sky130hd/lef/sky130_fd_sc_hd_merged.lef, created 441 library cells
[INFO IFP-0107] Defining die area using utilization: 45.00% and aspect ratio: 1.
[WARNING IFP-0028] Core area lower left (5.000, 5.000) snapped to (5.060, 5.440).
[INFO IFP-0001] Added 106 rows of 630 site unithd.
[INFO IFP-0100] Die BBox:  (  0.000  0.000 ) ( 299.900 299.900 ) um
[INFO IFP-0101] Core BBox: (  5.060  5.440 ) ( 294.860 293.760 ) um
[INFO IFP-0102] Core area:                        83555.136 um^2
[INFO IFP-0103] Total instances area:             37818.771 um^2
[INFO IFP-0104] Effective utilization:                0.453
[INFO IFP-0105] Number of instances:                   7625
Found 0 macro blocks.
Using 2 tracks default min distance between IO pins.
[INFO PPL-0001] Number of available slots 1082
[INFO PPL-0002] Number of I/O             171
[INFO PPL-0003] Number of I/O w/sink      171
[INFO PPL-0004] Number of I/O w/o sink    0
[INFO PPL-0005] Slots per section         200
[INFO PPL-0008] Successfully assigned pins to sections.
[INFO PPL-0012] I/O nets HPWL: 35583.06 um.
[INFO GPL-0001] ---- Initialize GPL Main Data Structures
[INFO GPL-0002] DBU: 1000
[INFO GPL-0003] SiteSize: (  0.460  2.720 ) um
[INFO GPL-0004] CoreBBox: (  5.060  5.440 ) ( 294.860 293.760 ) um
[INFO GPL-0016] Core area:                   83555.136 um^2
[INFO GPL-0036] Movable instances area:      37818.771 um^2
[INFO GPL-0037] Total instances area:        37818.771 um^2
[INFO GPL-0035] Pin density area adjust:      1783.138 um^2
[INFO GPL-0032] ---- Initialize Region: Top-level
[INFO GPL-0006] Number of instances:              7625
[INFO GPL-0007] Movable instances:                7625
[INFO GPL-0008] Fixed instances:                     0
[INFO GPL-0009] Dummy instances:                     0
[INFO GPL-0010] Number of nets:                  10117
[INFO GPL-0011] Number of pins:                  28049
[INFO GPL-0012] Die BBox:       (  0.000  0.000 ) ( 299.900 299.900 ) um
[INFO GPL-0013] Placement BBox: (  5.060  5.440 ) ( 294.860 293.760 ) um
[INFO GPL-0014] Region name: top-level.
[INFO GPL-0015] Region area:                 83555.136 um^2
[INFO GPL-0017] Fixed instances area:            0.000 um^2
[INFO GPL-0018] Movable instances area:      39601.910 um^2
[INFO GPL-0019] Utilization:                    47.396 %
[INFO GPL-0020] Standard cells area:         39601.910 um^2
[INFO GPL-0021] Large instances area:            0.000 um^2
[INFO GPL-0005] ---- Execute Conjugate Gradient Initial Placement.
[INFO GPL-0051] Source of initial instance position counters:
	Odb location = 0	Core center = 7625	Region center = 0
[InitialPlace]  Iter: 1 conjugate gradient residual: 0.00003112 HPWL: 64539750
[InitialPlace]  Iter: 2 conjugate gradient residual: 0.00000035 HPWL: 51916922
[InitialPlace]  Iter: 3 conjugate gradient residual: 0.00000035 HPWL: 51876062
[InitialPlace]  Iter: 4 conjugate gradient residual: 0.00000035 HPWL: 51895248
[InitialPlace]  Iter: 5 conjugate gradient residual: 0.00000035 HPWL: 51876983
[INFO GPL-0033] ---- Initialize Nesterov Region: Top-level
[INFO GPL-0023] Placement target density:       0.5500
[INFO GPL-0024] Movable insts average area:      5.194 um^2
[INFO GPL-0025] Ideal bin area:                  9.443 um^2
[INFO GPL-0026] Ideal bin count:                  8848
[INFO GPL-0027] Total bin area:              83555.136 um^2
[INFO GPL-0028] Bin count (X, Y):          64 ,     64
[INFO GPL-0029] Bin size (W * H):       4.528 *  4.505 um
[INFO GPL-0030] Number of bins:                   4096
[INFO GPL-0084] ---- Execute Nesterov Global Placement.
[INFO GPL-0031] HPWL: Half-Perimeter Wirelength
Iteration | Overflow |     HPWL (um) |  HPWL(%) |   Penalty | Group
---------------------------------------------------------------
        0 |   0.9934 |  2.082366e+04 |   +0.00% |  2.93e-16 |      
       10 |   0.9875 |  2.586240e+04 |  +24.20% |  4.77e-16 |      
       20 |   0.9873 |  2.694406e+04 |   +4.18% |  7.77e-16 |      
       30 |   0.9872 |  2.727227e+04 |   +1.22% |  1.27e-15 |      
       40 |   0.9872 |  2.744953e+04 |   +0.65% |  2.06e-15 |      
       50 |   0.9872 |  2.749942e+04 |   +0.18% |  3.36e-15 |      
       60 |   0.9872 |  2.744828e+04 |   -0.19% |  5.47e-15 |      
       70 |   0.9872 |  2.736293e+04 |   -0.31% |  8.91e-15 |      
       80 |   0.9872 |  2.732098e+04 |   -0.15% |  1.45e-14 |      
       90 |   0.9872 |  2.734956e+04 |   +0.10% |  2.37e-14 |      
      100 |   0.9872 |  2.742115e+04 |   +0.26% |  3.85e-14 |      
      110 |   0.9872 |  2.750704e+04 |   +0.31% |  6.28e-14 |      
      120 |   0.9871 |  2.760902e+04 |   +0.37% |  1.02e-13 |      
      130 |   0.9867 |  2.776852e+04 |   +0.58% |  1.66e-13 |      
      140 |   0.9863 |  2.807518e+04 |   +1.10% |  2.71e-13 |      
      150 |   0.9858 |  2.866435e+04 |   +2.10% |  4.42e-13 |      
      160 |   0.9850 |  2.966950e+04 |   +3.51% |  7.19e-13 |      
      170 |   0.9827 |  3.121478e+04 |   +5.21% |  1.17e-12 |      
      180 |   0.9793 |  3.350741e+04 |   +7.34% |  1.91e-12 |      
      190 |   0.9733 |  3.671920e+04 |   +9.59% |  3.11e-12 |      
      200 |   0.9647 |  4.079025e+04 |  +11.09% |  5.06e-12 |      
      210 |   0.9531 |  4.549255e+04 |  +11.53% |  8.24e-12 |      
      220 |   0.9383 |  5.107056e+04 |  +12.26% |  1.34e-11 |      
      230 |   0.9192 |  5.812650e+04 |  +13.82% |  2.18e-11 |      
      240 |   0.8937 |  6.634167e+04 |  +14.13% |  3.55e-11 |      
      250 |   0.8644 |  7.483728e+04 |  +12.81% |  5.78e-11 |      
      260 |   0.8316 |  8.340582e+04 |  +11.45% |  9.41e-11 |      
      270 |   0.7945 |  9.180363e+04 |  +10.07% |  1.53e-10 |      
      280 |   0.7534 |  9.923434e+04 |   +8.09% |  2.49e-10 |      
      290 |   0.7111 |  1.053173e+05 |   +6.13% |  4.06e-10 |      
      300 |   0.6666 |  1.099827e+05 |   +4.43% |  6.60e-10 |      
      310 |   0.6225 |  1.135047e+05 |   +3.20% |  1.07e-09 |      
      320 |   0.5741 |  1.175640e+05 |   +3.58% |  1.75e-09 |      
      330 |   0.5233 |  1.222486e+05 |   +3.98% |  2.85e-09 |      
      340 |   0.4741 |  1.253693e+05 |   +2.55% |  4.64e-09 |      
      350 |   0.4332 |  1.265169e+05 |   +0.92% |  7.56e-09 |      
      360 |   0.3860 |  1.278660e+05 |   +1.07% |  1.23e-08 |      
      370 |   0.3503 |  1.310014e+05 |   +2.45% |  2.00e-08 |      
      380 |   0.3234 |  1.318927e+05 |   +0.68% |  3.01e-08 |      
      390 |   0.2998 |  1.322246e+05 |   +0.25% |  4.44e-08 |      
      400 |   0.2753 |  1.330458e+05 |   +0.62% |  6.54e-08 |      
      410 |   0.2526 |  1.332463e+05 |   +0.15% |  9.63e-08 |      
      420 |   0.2342 |  1.338237e+05 |   +0.43% |  1.42e-07 |      
      430 |   0.2168 |  1.341933e+05 |   +0.28% |  2.09e-07 |      
      440 |   0.1934 |  1.345445e+05 |   +0.26% |  3.08e-07 |      
      450 |   0.1750 |  1.349040e+05 |   +0.27% |  4.53e-07 |      
      460 |   0.1547 |  1.353066e+05 |   +0.30% |  6.68e-07 |      
      470 |   0.1343 |  1.356860e+05 |   +0.28% |  9.84e-07 |      
      480 |   0.1146 |  1.360801e+05 |   +0.29% |  1.45e-06 |      
      490 |   0.0997 |  1.365039e+05 |   +0.31% |  2.13e-06 |      
      490 |   0.0997 |  1.365039e+05 |          |  2.22e-06 |      
---------------------------------------------------------------
[INFO GPL-1001] Global placement finished at iteration 490
[INFO GPL-1002] Placed Cell Area            39601.9096
[INFO GPL-1003] Available Free Area         83555.1360
[INFO GPL-1004] Minimum Feasible Density        0.4800 (cell_area / free_area)
[INFO GPL-1006]   Suggested Target Densities:
[INFO GPL-1007]     - For 90% usage of free space: 0.5266
[INFO GPL-1008]     - For 80% usage of free space: 0.5925
[INFO GPL-1009]     - For 50% usage of free space: 0.9479
[INFO GPL-1014] Final placement area: 39601.91 (+0.00%)
[INFO GPL-1018] Final HPWL (um): 136527.66
[INFO DPL-0006] Core area: 83555.14 um^2
[INFO DPL-0007] Movable instances area: 37818.77 um^2
[INFO DPL-0008] Fixed instances area within core: 0.00 um^2
[INFO DPL-0009] Utilization: 45.3%
[INFO DPL-0005] Diamond search max displacement: +/- 500 sites horizontally, +/- 100 rows vertically.
[INFO DPL-1102] Legalizing using negotiation legalizer.
[INFO DPL-1103] Negotiation base search window: +/-20 sites horizontally, +/-5 rows vertically 
	Automatic search window extension enabled.
	Search window extendable up to the max displacement cap of +/-500 sites, +/-100 rows near walls.
[INFO DPL-1104] NegotiationLegalizer DRC penalty: 5.
[INFO DPL-0392] Negotiation cell height distribution (1 unique row-count(s)):
[INFO DPL-0393]   height 1 row(s): 7625 cells
          |      Total |  Illegal |  Illegal
Iteration | Violations |    Cells |    Sites
---------------------------------------------
        0 |       1533 |       635 |       898
        1 |          0 |         0 |         0
Negotiation phase 1 converged at iteration 1.
[INFO DPL-0500] Runtime: 0.14s
Placement Analysis
---------------------------------
total displacement      20707.3 u
average displacement        2.7 u
max displacement            8.0 u
original HPWL          136527.7 u
legalized HPWL         150215.8 u
delta HPWL                   10 %

Design area 37819 um^2 45% utilization.
