Startpoint: a[0] (input port)
Endpoint: y[72] (output port)
Path Group: path delay
Path Type: max

  Delay    Time   Description
---------------------------------------------------------
   0.00    0.00 ^ input external delay
   0.00    0.00 ^ a[0] (in)
   0.19    0.19 v _6217_/Y (sky130_fd_sc_hd__nand4_1)
   0.21    0.40 v _6236_/X (sky130_fd_sc_hd__lpflow_isobufsrc_1)
   0.40    0.80 v _6239_/X (sky130_fd_sc_hd__maj3_1)
   0.43    1.23 v _6240_/X (sky130_fd_sc_hd__maj3_1)
   0.42    1.64 v _6241_/X (sky130_fd_sc_hd__maj3_1)
   0.41    2.06 v _6242_/X (sky130_fd_sc_hd__maj3_1)
   0.43    2.49 v _6243_/X (sky130_fd_sc_hd__maj3_1)
   0.43    2.92 v _6244_/X (sky130_fd_sc_hd__maj3_1)
   0.41    3.33 v _6246_/X (sky130_fd_sc_hd__maj3_1)
   0.43    3.76 v _6248_/X (sky130_fd_sc_hd__maj3_1)
   0.42    4.18 v _6249_/X (sky130_fd_sc_hd__maj3_1)
   0.41    4.59 v _6250_/X (sky130_fd_sc_hd__maj3_1)
   0.42    5.01 v _6251_/X (sky130_fd_sc_hd__maj3_1)
   0.24    5.25 v _6252_/X (sky130_fd_sc_hd__a21o_1)
   0.22    5.47 v _6253_/X (sky130_fd_sc_hd__a21o_1)
   0.21    5.68 v _6254_/X (sky130_fd_sc_hd__a21o_1)
   0.40    6.08 v _6255_/X (sky130_fd_sc_hd__maj3_1)
   0.41    6.49 v _6257_/X (sky130_fd_sc_hd__maj3_1)
   0.45    6.94 v _6258_/X (sky130_fd_sc_hd__maj3_1)
   0.43    7.37 v _6259_/X (sky130_fd_sc_hd__maj3_1)
   0.42    7.79 v _6260_/X (sky130_fd_sc_hd__maj3_1)
   0.24    8.03 v _6261_/X (sky130_fd_sc_hd__a21o_1)
   0.41    8.44 v _6262_/X (sky130_fd_sc_hd__maj3_1)
   0.35    8.79 ^ _6264_/Y (sky130_fd_sc_hd__a31oi_1)
   0.31    9.11 ^ _6265_/X (sky130_fd_sc_hd__maj3_1)
   0.28    9.39 ^ _6266_/X (sky130_fd_sc_hd__maj3_1)
   0.19    9.58 ^ _6268_/X (sky130_fd_sc_hd__o211a_1)
   0.13    9.70 v _6270_/Y (sky130_fd_sc_hd__nor4_1)
   0.65   10.35 ^ _6278_/Y (sky130_fd_sc_hd__a311oi_1)
   0.22   10.58 v _6279_/Y (sky130_fd_sc_hd__o21ai_0)
   0.99   11.56 ^ _6406_/Y (sky130_fd_sc_hd__xnor2_1)
   0.39   11.95 v _6407_/Y (sky130_fd_sc_hd__nand4_1)
   0.85   12.80 ^ _6412_/Y (sky130_fd_sc_hd__nor3_1)
   0.39   13.19 ^ _6414_/X (sky130_fd_sc_hd__and4_1)
   0.10   13.30 v _6417_/Y (sky130_fd_sc_hd__nand3_1)
   0.19   13.48 ^ _6418_/Y (sky130_fd_sc_hd__nor2_1)
   0.16   13.65 v _6425_/Y (sky130_fd_sc_hd__o2111ai_1)
   0.43   14.07 v _6428_/X (sky130_fd_sc_hd__a2111o_1)
   3.78   17.85 ^ _6430_/Y (sky130_fd_sc_hd__nor4_1)
   1.85   19.70 v _6449_/Y (sky130_fd_sc_hd__o21ai_0)
   0.00   19.70 v y[72] (out)
          19.70   data arrival time

  10.00   10.00   max_delay
   0.00   10.00   output external delay
          10.00   data required time
---------------------------------------------------------
          10.00   data required time
         -19.70   data arrival time
---------------------------------------------------------
          -9.70   slack (VIOLATED)


