Startpoint: a[0] (input port)
Endpoint: y[69] (output port)
Path Group: path delay
Path Type: max

  Delay    Time   Description
---------------------------------------------------------
   0.00    0.00 ^ input external delay
   0.00    0.00 ^ a[0] (in)
   0.12    0.12 v _5427_/Y (sky130_fd_sc_hd__nand4_1)
   0.26    0.39 ^ _5429_/Y (sky130_fd_sc_hd__a21oi_1)
   0.42    0.80 v _5432_/X (sky130_fd_sc_hd__xnor3_1)
   0.28    1.08 ^ _5452_/Y (sky130_fd_sc_hd__xnor2_1)
   0.48    1.56 v _5465_/X (sky130_fd_sc_hd__xnor3_1)
   0.27    1.84 ^ _5501_/Y (sky130_fd_sc_hd__xnor2_1)
   0.18    2.02 v _5502_/Y (sky130_fd_sc_hd__a21oi_1)
   0.24    2.26 v _5503_/X (sky130_fd_sc_hd__o21a_1)
   0.40    2.66 v _5504_/X (sky130_fd_sc_hd__maj3_1)
   0.31    2.97 ^ _5506_/Y (sky130_fd_sc_hd__o21ai_0)
   0.21    3.19 ^ _5508_/X (sky130_fd_sc_hd__a21o_1)
   0.24    3.43 ^ _5509_/X (sky130_fd_sc_hd__maj3_1)
   0.25    3.68 ^ _5510_/X (sky130_fd_sc_hd__maj3_1)
   0.12    3.80 v _5511_/Y (sky130_fd_sc_hd__a21oi_1)
   0.36    4.16 ^ _5512_/Y (sky130_fd_sc_hd__o21ai_0)
   0.18    4.34 v _5513_/Y (sky130_fd_sc_hd__a21oi_1)
   0.34    4.68 ^ _5514_/Y (sky130_fd_sc_hd__o21ai_0)
   0.30    4.98 ^ _5516_/X (sky130_fd_sc_hd__maj3_1)
   0.27    5.24 ^ _5518_/X (sky130_fd_sc_hd__maj3_1)
   0.16    5.40 v _5520_/Y (sky130_fd_sc_hd__a211oi_1)
   0.61    6.01 ^ _5523_/Y (sky130_fd_sc_hd__o311ai_0)
   0.26    6.27 v _5526_/Y (sky130_fd_sc_hd__a311oi_1)
   0.70    6.97 ^ _5528_/Y (sky130_fd_sc_hd__o31ai_1)
   0.31    7.29 v _5529_/Y (sky130_fd_sc_hd__a21oi_1)
   0.41    7.70 ^ _5531_/Y (sky130_fd_sc_hd__o211ai_1)
   0.21    7.91 v _5533_/Y (sky130_fd_sc_hd__nand4_1)
   0.70    8.61 ^ _5537_/Y (sky130_fd_sc_hd__a221oi_1)
   0.24    8.85 v _5539_/Y (sky130_fd_sc_hd__o21bai_1)
   0.39    9.24 v _5543_/X (sky130_fd_sc_hd__a211o_1)
   0.95   10.19 ^ _5545_/Y (sky130_fd_sc_hd__a2111oi_0)
   0.30   10.49 ^ _5547_/X (sky130_fd_sc_hd__o21a_1)
   0.20   10.68 v _5550_/Y (sky130_fd_sc_hd__o311ai_0)
   0.22   10.90 ^ _5552_/Y (sky130_fd_sc_hd__nand3_1)
   0.17   11.07 v _5555_/Y (sky130_fd_sc_hd__a311oi_1)
   0.29   11.36 ^ _5557_/Y (sky130_fd_sc_hd__o31ai_1)
   1.74   13.11 ^ _5568_/X (sky130_fd_sc_hd__xor2_1)
   0.90   14.01 v _5677_/Y (sky130_fd_sc_hd__o211ai_1)
   0.00   14.01 v y[69] (out)
          14.01   data arrival time

  10.00   10.00   max_delay
   0.00   10.00   output external delay
          10.00   data required time
---------------------------------------------------------
          10.00   data required time
         -14.01   data arrival time
---------------------------------------------------------
          -4.01   slack (VIOLATED)


