Startpoint: a[10] (input port)
Endpoint: y[70] (output port)
Path Group: path delay
Path Type: max

  Delay    Time   Description
---------------------------------------------------------
   0.00    0.00 ^ input external delay
   0.00    0.00 ^ a[10] (in)
   0.31    0.31 v _07869_/Y (sky130_fd_sc_hd__clkinv_1)
   0.63    0.94 ^ _11782_/Y (sky130_fd_sc_hd__o21ai_0)
   0.29    1.24 v _11785_/Y (sky130_fd_sc_hd__nand3_1)
   0.14    1.38 ^ _11786_/Y (sky130_fd_sc_hd__nand2_1)
   0.16    1.54 v _11789_/Y (sky130_fd_sc_hd__nand3_1)
   0.26    1.79 ^ _11816_/Y (sky130_fd_sc_hd__nand4_1)
   0.25    2.05 v _11855_/Y (sky130_fd_sc_hd__o211ai_1)
   0.14    2.18 ^ _11899_/Y (sky130_fd_sc_hd__nand3_1)
   0.21    2.39 v _11901_/Y (sky130_fd_sc_hd__nand4_1)
   0.22    2.61 v _11950_/Y (sky130_fd_sc_hd__o2bb2ai_1)
   0.24    2.85 ^ _11951_/Y (sky130_fd_sc_hd__nand3_1)
   0.30    3.15 ^ _11972_/Y (sky130_fd_sc_hd__o2bb2ai_1)
   0.32    3.47 v _12122_/Y (sky130_fd_sc_hd__nand3_1)
   0.37    3.84 ^ _12167_/Y (sky130_fd_sc_hd__nand3_1)
   0.28    4.12 ^ _12351_/Y (sky130_fd_sc_hd__o2bb2ai_1)
   0.19    4.30 v _12353_/Y (sky130_fd_sc_hd__nand4_1)
   1.10    5.40 ^ _06433_/Y (sky130_fd_sc_hd__o211ai_1)
   1.05    6.46 v _06445_/Y (sky130_fd_sc_hd__nand4_1)
   0.99    7.45 ^ _06488_/Y (sky130_fd_sc_hd__nand3_1)
   0.21    7.67 v _06737_/Y (sky130_fd_sc_hd__nand2_1)
   0.15    7.82 ^ _06741_/Y (sky130_fd_sc_hd__nand2_1)
   0.12    7.93 v _06883_/Y (sky130_fd_sc_hd__nand2_1)
   0.42    8.35 ^ _06902_/Y (sky130_fd_sc_hd__nand2_1)
   0.30    8.66 v _06904_/Y (sky130_fd_sc_hd__nand4_1)
   0.24    8.90 ^ _07041_/Y (sky130_fd_sc_hd__o21ai_0)
   0.15    9.04 v _07061_/Y (sky130_fd_sc_hd__nand4_1)
   2.18   11.23 ^ _07067_/Y (sky130_fd_sc_hd__nor3_1)
   0.87   12.10 v _07144_/Y (sky130_fd_sc_hd__nand4_1)
   0.00   12.10 v y[70] (out)
          12.10   data arrival time

  10.00   10.00   max_delay
   0.00   10.00   output external delay
          10.00   data required time
---------------------------------------------------------
          10.00   data required time
         -12.10   data arrival time
---------------------------------------------------------
          -2.10   slack (VIOLATED)


